Bitunix pairs listed: 777

=== TSLAXUSD ===
  listed: {'symbol': 'TSLAUSDT', 'base': 'TSLA', 'quote': 'USDT', 'minTradeVolume': '0.02', 'minBuyPriceOffset': None, 'basePrecision': 2, 'quotePrecision': 2, 'maxLeverage': 50, 'symbolStatus': 'OPEN'}
  kline TSLAUSDT: ok
  -> comparing Delta TSLAXUSD vs Bitunix TSLAUSDT
  30m slots=2880 delta=2880 bitunix=2866 both=2866 only_delta=14 only_bitunix=0
      close diff %: median=0.108 p90=0.161 max=0.431 | range diff % median=0.049
      zero-volume delta=157 bitunix=0 | high==low delta=401 bitunix=0
      weekdays delta={'Fri': 416, 'Mon': 400, 'Sat': 384, 'Sun': 384, 'Thu': 432, 'Tue': 432, 'Wed': 432}
      weekdays bitunix={'Fri': 414, 'Mon': 397, 'Sat': 384, 'Sun': 381, 'Thu': 429, 'Tue': 431, 'Wed': 430}
      active zones delta=5 bitunix=4 bitunix-matching-delta(0.3%)=3
        bitunix ('demand', 346.79, 347.24)
        bitunix ('demand', 354.28, 354.55)
        bitunix ('demand', 365.42, 368.24)
        bitunix ('demand', 368.64, 369.56)
        delta   ('demand', 346.98, 347.5)
        delta   ('demand', 354.8, 355.65)
        delta   ('demand', 356.65, 356.65879)
        delta   ('demand', 365.85, 368.25)
        delta   ('demand', 369.25, 370.0)
   4h slots=360 delta=360 bitunix=359 both=359 only_delta=1 only_bitunix=0
      close diff %: median=0.108 p90=0.164 max=0.431 | range diff % median=0.038
      zero-volume delta=0 bitunix=0 | high==low delta=0 bitunix=0
      weekdays delta={'Fri': 52, 'Mon': 50, 'Sat': 48, 'Sun': 48, 'Thu': 54, 'Tue': 54, 'Wed': 54}
      weekdays bitunix={'Fri': 52, 'Mon': 50, 'Sat': 48, 'Sun': 47, 'Thu': 54, 'Tue': 54, 'Wed': 54}
      active zones delta=13 bitunix=13 bitunix-matching-delta(0.3%)=12
        bitunix ('supply', 452.42, 453.47)
        bitunix ('supply', 443.9, 445.61)
        bitunix ('supply', 434.255952, 437.73)
        bitunix ('supply', 419.86, 420.0)
        bitunix ('supply', 412.82, 413.33)
        bitunix ('supply', 403.611111, 406.84)
        bitunix ('demand', 293.82, 296.17056)
        bitunix ('demand', 316.0, 317.64)
        bitunix ('demand', 324.24, 326.4)
        bitunix ('demand', 331.63, 333.38)
        bitunix ('demand', 342.94, 344.69)
        bitunix ('demand', 346.79, 349.56432)
        bitunix ('demand', 365.42, 368.24)
        delta   ('supply', 453.1, 453.9)
        delta   ('supply', 445.1, 446.3)
        delta   ('supply', 433.531746, 437.0)
        delta   ('supply', 419.9, 420.25)
        delta   ('supply', 410.3, 413.3)
        delta   ('supply', 403.769841, 407.0)
        delta   ('demand', 294.35, 296.7048)
        delta   ('demand', 316.4, 318.0)
        delta   ('demand', 324.6, 326.8)
        delta   ('demand', 331.95, 333.75)
        delta   ('demand', 343.6, 344.55)
        delta   ('demand', 346.98, 349.75584)
        delta   ('demand', 365.85, 368.25)
   1d slots=60 delta=60 bitunix=60 both=60 only_delta=0 only_bitunix=0
      close diff %: median=0.109 p90=0.159 max=0.431 | range diff % median=0.034
      zero-volume delta=0 bitunix=0 | high==low delta=0 bitunix=0
      weekdays delta={'Fri': 8, 'Mon': 9, 'Sat': 8, 'Sun': 8, 'Thu': 9, 'Tue': 9, 'Wed': 9}
      weekdays bitunix={'Fri': 8, 'Mon': 9, 'Sat': 8, 'Sun': 8, 'Thu': 9, 'Tue': 9, 'Wed': 9}
  last price bitunix=383.82

=== METAXUSD ===
  listed: {'symbol': 'METAUSDT', 'base': 'META', 'quote': 'USDT', 'minTradeVolume': '0.01', 'minBuyPriceOffset': None, 'basePrecision': 2, 'quotePrecision': 2, 'maxLeverage': 50, 'symbolStatus': 'OPEN'}
  kline METAUSDT: ok
  -> comparing Delta METAXUSD vs Bitunix METAUSDT
  30m slots=2880 delta=2880 bitunix=2866 both=2866 only_delta=14 only_bitunix=0
      close diff %: median=0.062 p90=0.129 max=0.618 | range diff % median=0.062
      zero-volume delta=274 bitunix=0 | high==low delta=568 bitunix=0
      weekdays delta={'Fri': 416, 'Mon': 400, 'Sat': 384, 'Sun': 384, 'Thu': 432, 'Tue': 432, 'Wed': 432}
      weekdays bitunix={'Fri': 414, 'Mon': 397, 'Sat': 384, 'Sun': 381, 'Thu': 429, 'Tue': 431, 'Wed': 430}
      active zones delta=15 bitunix=13 bitunix-matching-delta(0.3%)=13
        bitunix ('supply', 780.41, 781.33)
        bitunix ('supply', 753.4, 754.09)
        bitunix ('supply', 747.78, 748.88)
        bitunix ('supply', 744.09, 744.95)
        bitunix ('supply', 742.21, 743.02)
        bitunix ('supply', 728.90873, 734.74)
        bitunix ('demand', 637.44, 637.83)
        bitunix ('demand', 657.14, 659.97)
        bitunix ('demand', 661.93, 666.03)
        bitunix ('demand', 668.05, 668.13)
        bitunix ('demand', 670.06, 670.19)
        bitunix ('demand', 678.75, 680.61)
        bitunix ('demand', 710.96, 712.95)
        delta   ('supply', 780.75, 781.4)
        delta   ('supply', 753.65, 753.9)
        delta   ('supply', 748.4, 749.25)
        delta   ('supply', 745.2, 745.55)
        delta   ('supply', 743.040493, 743.05)
        delta   ('supply', 728.27381, 734.1)
        delta   ('demand', 605.35, 609.05)
        delta   ('demand', 637.75, 638.0)
        delta   ('demand', 659.0, 659.01953)
        delta   ('demand', 662.15, 666.9)
        delta   ('demand', 668.25, 668.257765)
        delta   ('demand', 670.8, 670.807467)
        delta   ('demand', 678.95, 679.8)
        delta   ('demand', 711.35, 712.45)
        delta   ('demand', 711.8, 717.4)
   4h slots=360 delta=360 bitunix=359 both=359 only_delta=1 only_bitunix=0
      close diff %: median=0.062 p90=0.140 max=0.578 | range diff % median=0.060
      zero-volume delta=0 bitunix=0 | high==low delta=1 bitunix=0
      weekdays delta={'Fri': 52, 'Mon': 50, 'Sat': 48, 'Sun': 48, 'Thu': 54, 'Tue': 54, 'Wed': 54}
      weekdays bitunix={'Fri': 52, 'Mon': 50, 'Sat': 48, 'Sun': 47, 'Thu': 54, 'Tue': 54, 'Wed': 54}
      active zones delta=10 bitunix=10 bitunix-matching-delta(0.3%)=8
        bitunix ('supply', 777.88, 781.33)
        bitunix ('supply', 745.61, 748.88)
        bitunix ('demand', 519.65, 523.8072)
        bitunix ('demand', 538.44, 542.74752)
        bitunix ('demand', 547.14, 550.79)
        bitunix ('demand', 556.84, 561.29472)
        bitunix ('demand', 608.81, 611.58)
        bitunix ('demand', 637.44, 637.83)
        bitunix ('demand', 661.93, 666.03)
        bitunix ('demand', 710.96, 715.14)
        delta   ('supply', 778.05, 781.4)
        delta   ('supply', 746.65, 749.25)
        delta   ('demand', 519.2, 521.15)
        delta   ('demand', 539.15, 543.4632)
        delta   ('demand', 547.75, 550.8)
        delta   ('demand', 557.3, 561.7584)
        delta   ('demand', 605.35, 609.05)
        delta   ('demand', 637.75, 638.0)
        delta   ('demand', 662.15, 666.9)
        delta   ('demand', 711.35, 715.45)
   1d slots=60 delta=60 bitunix=60 both=60 only_delta=0 only_bitunix=0
      close diff %: median=0.055 p90=0.176 max=0.394 | range diff % median=0.051
      zero-volume delta=0 bitunix=0 | high==low delta=0 bitunix=0
      weekdays delta={'Fri': 8, 'Mon': 9, 'Sat': 8, 'Sun': 8, 'Thu': 9, 'Tue': 9, 'Wed': 9}
      weekdays bitunix={'Fri': 8, 'Mon': 9, 'Sat': 8, 'Sun': 8, 'Thu': 9, 'Tue': 9, 'Wed': 9}
  last price bitunix=726.71

=== SOXLBUSD ===
  listed: {'symbol': 'SOXLUSDT', 'base': 'SOXL', 'quote': 'USDT', 'minTradeVolume': '0.06', 'minBuyPriceOffset': None, 'basePrecision': 2, 'quotePrecision': 2, 'maxLeverage': 50, 'symbolStatus': 'OPEN'}
  kline SOXLUSDT: ok
  -> comparing Delta SOXLBUSD vs Bitunix SOXLUSDT
  30m slots=2880 delta=2880 bitunix=2866 both=2866 only_delta=14 only_bitunix=0
      close diff %: median=0.116 p90=0.263 max=0.792 | range diff % median=0.138
      zero-volume delta=86 bitunix=0 | high==low delta=263 bitunix=0
      weekdays delta={'Fri': 416, 'Mon': 400, 'Sat': 384, 'Sun': 384, 'Thu': 432, 'Tue': 432, 'Wed': 432}
      weekdays bitunix={'Fri': 414, 'Mon': 397, 'Sat': 384, 'Sun': 381, 'Thu': 429, 'Tue': 431, 'Wed': 430}
      active zones delta=14 bitunix=12 bitunix-matching-delta(0.3%)=10
        bitunix ('supply', 169.22, 169.79)
        bitunix ('supply', 165.21, 165.57)
        bitunix ('supply', 161.19, 161.41)
        bitunix ('supply', 154.93, 155.39)
        bitunix ('supply', 151.29, 151.44)
        bitunix ('demand', 100.16, 100.81)
        bitunix ('demand', 101.31, 102.12048)
        bitunix ('demand', 112.39, 112.72)
        bitunix ('demand', 115.01, 115.39)
        bitunix ('demand', 119.36, 119.61)
        bitunix ('demand', 129.8, 130.8384)
        bitunix ('demand', 135.19, 136.24)
        delta   ('supply', 169.4, 169.95)
        delta   ('supply', 165.5, 165.65)
        delta   ('supply', 164.1, 164.75)
        delta   ('supply', 161.35, 161.5)
        delta   ('supply', 155.1, 155.4)
        delta   ('supply', 151.4, 151.55)
        delta   ('demand', 100.0, 100.75)
        delta   ('demand', 101.2, 101.7)
        delta   ('demand', 112.55, 112.65)
        delta   ('demand', 115.15, 115.3)
        delta   ('demand', 119.5, 119.55)
        delta   ('demand', 130.0, 131.04)
        delta   ('demand', 135.5, 135.65)
        delta   ('demand', 136.9, 137.9952)
   4h slots=360 delta=360 bitunix=359 both=359 only_delta=1 only_bitunix=0
      close diff %: median=0.112 p90=0.246 max=0.774 | range diff % median=0.089
      zero-volume delta=0 bitunix=0 | high==low delta=0 bitunix=0
      weekdays delta={'Fri': 52, 'Mon': 50, 'Sat': 48, 'Sun': 48, 'Thu': 54, 'Tue': 54, 'Wed': 54}
      weekdays bitunix={'Fri': 52, 'Mon': 50, 'Sat': 48, 'Sun': 47, 'Thu': 54, 'Tue': 54, 'Wed': 54}
      active zones delta=4 bitunix=8 bitunix-matching-delta(0.3%)=3
        bitunix ('supply', 300.98, 302.06)
        bitunix ('supply', 270.079365, 272.24)
        bitunix ('supply', 209.186508, 210.86)
        bitunix ('supply', 198.44, 199.95)
        bitunix ('supply', 168.44246, 169.79)
        bitunix ('demand', 85.96, 86.64768)
        bitunix ('demand', 98.73, 99.51984)
        bitunix ('demand', 135.19, 135.94)
        delta   ('supply', 168.60119, 169.95)
        delta   ('demand', 86.0, 86.688)
        delta   ('demand', 99.0, 99.792)
        delta   ('demand', 135.5, 136.584)
   1d slots=60 delta=60 bitunix=60 both=60 only_delta=0 only_bitunix=0
      close diff %: median=0.144 p90=0.314 max=0.502 | range diff % median=0.086
      zero-volume delta=0 bitunix=0 | high==low delta=0 bitunix=0
      weekdays delta={'Fri': 8, 'Mon': 9, 'Sat': 8, 'Sun': 8, 'Thu': 9, 'Tue': 9, 'Wed': 9}
      weekdays bitunix={'Fri': 8, 'Mon': 9, 'Sat': 8, 'Sun': 8, 'Thu': 9, 'Tue': 9, 'Wed': 9}
  last price bitunix=139.17

=== SNDKBUSD ===
  listed: {'symbol': 'SNDKUSDT', 'base': 'SNDK', 'quote': 'USDT', 'minTradeVolume': '0.01', 'minBuyPriceOffset': '-0.5', 'basePrecision': 2, 'quotePrecision': 2, 'maxLeverage': 75, 'symbolStatus': 'OPEN'}
  kline SNDKUSDT: ok
  -> comparing Delta SNDKBUSD vs Bitunix SNDKUSDT
  30m slots=2880 delta=2880 bitunix=2866 both=2866 only_delta=14 only_bitunix=0
      close diff %: median=0.102 p90=0.165 max=0.423 | range diff % median=0.046
      zero-volume delta=12 bitunix=0 | high==low delta=37 bitunix=0
      weekdays delta={'Fri': 416, 'Mon': 400, 'Sat': 384, 'Sun': 384, 'Thu': 432, 'Tue': 432, 'Wed': 432}
      weekdays bitunix={'Fri': 414, 'Mon': 397, 'Sat': 384, 'Sun': 381, 'Thu': 429, 'Tue': 431, 'Wed': 430}
      active zones delta=8 bitunix=8 bitunix-matching-delta(0.3%)=6
        bitunix ('supply', 1897.39, 1908.59)
        bitunix ('supply', 1825.84, 1833.87)
        bitunix ('supply', 1813.92, 1814.87)
        bitunix ('supply', 1729.83, 1743.58)
        bitunix ('supply', 1713.29, 1715.61)
        bitunix ('supply', 1648.35, 1649.69)
        bitunix ('demand', 1510.0, 1518.75)
        bitunix ('demand', 1586.0, 1594.03)
        delta   ('supply', 1895.24, 1906.31)
        delta   ('supply', 1812.0, 1812.84)
        delta   ('supply', 1799.96, 1804.29)
        delta   ('supply', 1730.08, 1742.05)
        delta   ('supply', 1711.02, 1713.9)
        delta   ('supply', 1645.33, 1648.2)
        delta   ('demand', 1506.45, 1517.11)
        delta   ('demand', 1528.88, 1529.42)
   4h slots=360 delta=360 bitunix=359 both=359 only_delta=1 only_bitunix=0
      close diff %: median=0.103 p90=0.169 max=0.363 | range diff % median=0.042
      zero-volume delta=0 bitunix=0 | high==low delta=0 bitunix=0
      weekdays delta={'Fri': 52, 'Mon': 50, 'Sat': 48, 'Sun': 48, 'Thu': 54, 'Tue': 54, 'Wed': 54}
      weekdays bitunix={'Fri': 52, 'Mon': 50, 'Sat': 48, 'Sun': 47, 'Thu': 54, 'Tue': 54, 'Wed': 54}
      active zones delta=9 bitunix=16 bitunix-matching-delta(0.3%)=9
        bitunix ('supply', 2355.119048, 2373.96)
        bitunix ('supply', 2267.74, 2278.24)
        bitunix ('supply', 1971.507937, 1987.28)
        bitunix ('supply', 1898.31, 1908.59)
        bitunix ('supply', 1794.65, 1806.49)
        bitunix ('supply', 1732.25, 1743.58)
        bitunix ('demand', 676.18, 678.0)
        bitunix ('demand', 819.51, 823.22)
        bitunix ('demand', 876.59, 880.78)
        bitunix ('demand', 897.97, 905.15376)
        bitunix ('demand', 972.22, 979.99776)
        bitunix ('demand', 1124.16, 1133.15328)
        bitunix ('demand', 1191.23, 1192.89)
        bitunix ('demand', 1420.01, 1431.37008)
        bitunix ('demand', 1510.0, 1521.37)
        bitunix ('demand', 1586.0, 1598.688)
        delta   ('supply', 1895.76, 1906.31)
        delta   ('supply', 1792.86, 1804.29)
        delta   ('supply', 1729.82, 1742.05)
        delta   ('demand', 974.41, 982.20528)
        delta   ('demand', 1125.56, 1134.56448)
        delta   ('demand', 1192.98, 1194.63)
        delta   ('demand', 1419.0, 1430.352)
        delta   ('demand', 1506.45, 1518.5016)
        delta   ('demand', 1585.0, 1597.68)
   1d slots=60 delta=60 bitunix=60 both=60 only_delta=0 only_bitunix=0
      close diff %: median=0.091 p90=0.200 max=0.258 | range diff % median=0.055
      zero-volume delta=0 bitunix=0 | high==low delta=0 bitunix=0
      weekdays delta={'Fri': 8, 'Mon': 9, 'Sat': 8, 'Sun': 8, 'Thu': 9, 'Tue': 9, 'Wed': 9}
      weekdays bitunix={'Fri': 8, 'Mon': 9, 'Sat': 8, 'Sun': 8, 'Thu': 9, 'Tue': 9, 'Wed': 9}
  last price bitunix=1606.83

=== MRVLBUSD ===
  listed: {'symbol': 'MRVLUSDT', 'base': 'MRVL', 'quote': 'USDT', 'minTradeVolume': '0.05', 'minBuyPriceOffset': None, 'basePrecision': 2, 'quotePrecision': 2, 'maxLeverage': 50, 'symbolStatus': 'OPEN'}
  kline MRVLUSDT: ok
  -> comparing Delta MRVLBUSD vs Bitunix MRVLUSDT
  30m slots=2880 delta=2880 bitunix=2866 both=2866 only_delta=14 only_bitunix=0
      close diff %: median=0.066 p90=0.281 max=1.679 | range diff % median=0.204
      zero-volume delta=619 bitunix=0 | high==low delta=1076 bitunix=0
      weekdays delta={'Fri': 416, 'Mon': 400, 'Sat': 384, 'Sun': 384, 'Thu': 432, 'Tue': 432, 'Wed': 432}
      weekdays bitunix={'Fri': 414, 'Mon': 397, 'Sat': 384, 'Sun': 381, 'Thu': 429, 'Tue': 431, 'Wed': 430}
      active zones delta=16 bitunix=15 bitunix-matching-delta(0.3%)=13
        bitunix ('supply', 298.89881, 301.29)
        bitunix ('supply', 289.04, 289.94)
        bitunix ('supply', 287.29, 287.67)
        bitunix ('demand', 215.9, 216.21)
        bitunix ('demand', 217.77, 218.1)
        bitunix ('demand', 220.52, 220.6)
        bitunix ('demand', 225.0, 226.39)
        bitunix ('demand', 232.02, 232.18)
        bitunix ('demand', 236.29, 236.55)
        bitunix ('demand', 240.08, 240.74)
        bitunix ('demand', 245.32, 247.28256)
        bitunix ('demand', 248.42, 250.26)
        bitunix ('demand', 256.66, 257.93)
        bitunix ('demand', 261.42, 263.51136)
        bitunix ('demand', 266.07, 266.97)
        delta   ('supply', 299.06746, 301.46)
        delta   ('supply', 289.07, 289.95)
        delta   ('supply', 287.25, 287.39)
        delta   ('demand', 214.65, 216.3672)
        delta   ('demand', 217.85, 218.1)
        delta   ('demand', 221.15, 221.15769)
        delta   ('demand', 225.18, 226.43)
        delta   ('demand', 232.54, 232.549795)
        delta   ('demand', 236.43, 236.57)
        delta   ('demand', 240.61, 240.614043)
        delta   ('demand', 246.35, 248.3208)
        delta   ('demand', 248.74, 250.5)
        delta   ('demand', 257.05, 257.25)
        delta   ('demand', 258.39, 259.46)
        delta   ('demand', 261.81, 263.90448)
        delta   ('demand', 266.44, 266.67)
   4h slots=360 delta=360 bitunix=359 both=359 only_delta=1 only_bitunix=0
      close diff %: median=0.059 p90=0.249 max=1.052 | range diff % median=0.196
      zero-volume delta=3 bitunix=0 | high==low delta=7 bitunix=0
      weekdays delta={'Fri': 52, 'Mon': 50, 'Sat': 48, 'Sun': 48, 'Thu': 54, 'Tue': 54, 'Wed': 54}
      weekdays bitunix={'Fri': 52, 'Mon': 50, 'Sat': 48, 'Sun': 47, 'Thu': 54, 'Tue': 54, 'Wed': 54}
      active zones delta=6 bitunix=9 bitunix-matching-delta(0.3%)=6
        bitunix ('supply', 339.68254, 342.4)
        bitunix ('supply', 327.539683, 330.16)
        bitunix ('supply', 317.2, 319.22)
        bitunix ('supply', 298.89881, 301.29)
        bitunix ('demand', 158.08, 159.34464)
        bitunix ('demand', 177.92, 179.34336)
        bitunix ('demand', 200.97, 202.57776)
        bitunix ('demand', 214.05, 215.7624)
        bitunix ('demand', 248.42, 250.40736)
        delta   ('supply', 299.06746, 301.46)
        delta   ('demand', 158.45, 159.7176)
        delta   ('demand', 177.92, 179.34336)
        delta   ('demand', 201.11, 202.71888)
        delta   ('demand', 214.65, 216.3672)
        delta   ('demand', 248.74, 250.72992)
   1d slots=60 delta=60 bitunix=60 both=60 only_delta=0 only_bitunix=0
      close diff %: median=0.073 p90=0.298 max=1.052 | range diff % median=0.199
      zero-volume delta=0 bitunix=0 | high==low delta=0 bitunix=0
      weekdays delta={'Fri': 8, 'Mon': 9, 'Sat': 8, 'Sun': 8, 'Thu': 9, 'Tue': 9, 'Wed': 9}
      weekdays bitunix={'Fri': 8, 'Mon': 9, 'Sat': 8, 'Sun': 8, 'Thu': 9, 'Tue': 9, 'Wed': 9}
  last price bitunix=271.81

=== NVDAXUSD ===
  listed: {'symbol': 'NVDAUSDT', 'base': 'NVDA', 'quote': 'USDT', 'minTradeVolume': '0.01', 'minBuyPriceOffset': '-0.8', 'basePrecision': 2, 'quotePrecision': 2, 'maxLeverage': 50, 'symbolStatus': 'OPEN'}
  kline NVDAUSDT: ok
  -> comparing Delta NVDAXUSD vs Bitunix NVDAUSDT
  30m slots=2880 delta=2880 bitunix=2866 both=2866 only_delta=14 only_bitunix=0
      close diff %: median=0.089 p90=0.156 max=0.453 | range diff % median=0.046
      zero-volume delta=191 bitunix=0 | high==low delta=523 bitunix=0
      weekdays delta={'Fri': 416, 'Mon': 400, 'Sat': 384, 'Sun': 384, 'Thu': 432, 'Tue': 432, 'Wed': 432}
      weekdays bitunix={'Fri': 414, 'Mon': 397, 'Sat': 384, 'Sun': 381, 'Thu': 429, 'Tue': 431, 'Wed': 430}
      active zones delta=15 bitunix=16 bitunix-matching-delta(0.3%)=13
        bitunix ('supply', 242.65, 243.57)
        bitunix ('supply', 240.82, 240.99)
        bitunix ('supply', 238.26, 238.35)
        bitunix ('supply', 237.24, 237.33)
        bitunix ('supply', 235.41, 235.81)
        bitunix ('demand', 209.29, 210.73)
        bitunix ('demand', 211.27, 211.64)
        bitunix ('demand', 212.16, 212.17)
        bitunix ('demand', 212.84, 213.69)
        bitunix ('demand', 215.49, 215.71)
        bitunix ('demand', 218.48, 219.26)
        bitunix ('demand', 220.24, 220.3)
        bitunix ('demand', 221.42, 221.78)
        bitunix ('demand', 223.09, 223.34)
        bitunix ('demand', 227.33, 227.55)
        bitunix ('demand', 228.18, 228.89)
        delta   ('supply', 242.4, 243.4)
        delta   ('supply', 240.65, 240.7)
        delta   ('supply', 238.095264, 238.1)
        delta   ('supply', 235.25, 235.55)
        delta   ('demand', 209.1, 210.5)
        delta   ('demand', 211.3, 211.45)
        delta   ('demand', 212.1, 212.104028)
        delta   ('demand', 212.7, 212.85)
        delta   ('demand', 215.4, 215.6)
        delta   ('demand', 218.25, 218.54)
        delta   ('demand', 220.1, 220.102112)
        delta   ('demand', 221.2, 221.45)
        delta   ('demand', 223.0, 223.05)
        delta   ('demand', 227.25, 227.256997)
        delta   ('demand', 228.0, 228.4)
   4h slots=360 delta=360 bitunix=359 both=359 only_delta=1 only_bitunix=0
      close diff %: median=0.091 p90=0.162 max=0.453 | range diff % median=0.037
      zero-volume delta=0 bitunix=0 | high==low delta=0 bitunix=0
      weekdays delta={'Fri': 52, 'Mon': 50, 'Sat': 48, 'Sun': 48, 'Thu': 54, 'Tue': 54, 'Wed': 54}
      weekdays bitunix={'Fri': 52, 'Mon': 50, 'Sat': 48, 'Sun': 47, 'Thu': 54, 'Tue': 54, 'Wed': 54}
      active zones delta=11 bitunix=11 bitunix-matching-delta(0.3%)=9
        bitunix ('supply', 241.73, 243.57)
        bitunix ('demand', 163.24, 163.78)
        bitunix ('demand', 170.4, 170.56)
        bitunix ('demand', 173.84, 175.23)
        bitunix ('demand', 183.69, 184.24)
        bitunix ('demand', 188.97, 190.48176)
        bitunix ('demand', 197.28, 198.81)
        bitunix ('demand', 204.01, 205.64208)
        bitunix ('demand', 209.29, 210.61)
        bitunix ('demand', 220.24, 220.6)
        bitunix ('demand', 221.42, 222.67)
        delta   ('supply', 241.5, 243.4)
        delta   ('demand', 163.1, 163.5)
        delta   ('demand', 170.1, 170.2)
        delta   ('demand', 173.3, 174.6864)
        delta   ('demand', 184.2, 185.5)
        delta   ('demand', 189.1, 190.4)
        delta   ('demand', 197.5, 198.75)
        delta   ('demand', 203.95, 205.5816)
        delta   ('demand', 209.1, 210.7728)
        delta   ('demand', 220.1, 220.25)
        delta   ('demand', 221.2, 222.45)
   1d slots=60 delta=60 bitunix=60 both=60 only_delta=0 only_bitunix=0
      close diff %: median=0.084 p90=0.165 max=0.290 | range diff % median=0.024
      zero-volume delta=0 bitunix=0 | high==low delta=0 bitunix=0
      weekdays delta={'Fri': 8, 'Mon': 9, 'Sat': 8, 'Sun': 8, 'Thu': 9, 'Tue': 9, 'Wed': 9}
      weekdays bitunix={'Fri': 8, 'Mon': 9, 'Sat': 8, 'Sun': 8, 'Thu': 9, 'Tue': 9, 'Wed': 9}
  last price bitunix=229.86

=== XAUTUSD ===
  listed: {'symbol': 'XAUTUSDT', 'base': 'XAUT', 'quote': 'USDT', 'minTradeVolume': '0.01', 'minBuyPriceOffset': None, 'basePrecision': 3, 'quotePrecision': 2, 'maxLeverage': 75, 'symbolStatus': 'OPEN'}
  listed: {'symbol': 'PAXGUSDT', 'base': 'PAXG', 'quote': 'USDT', 'minTradeVolume': '0.001', 'minBuyPriceOffset': None, 'basePrecision': 3, 'quotePrecision': 2, 'maxLeverage': 200, 'symbolStatus': 'OPEN'}
  listed: {'symbol': 'XAUUSDT', 'base': 'XAU', 'quote': 'USDT', 'minTradeVolume': '0.002', 'minBuyPriceOffset': None, 'basePrecision': 3, 'quotePrecision': 2, 'maxLeverage': 200, 'symbolStatus': 'OPEN'}
  kline XAUTUSDT: ok
  kline PAXGUSDT: ok
  kline XAUUSDT: ok
  -> comparing Delta XAUTUSD vs Bitunix XAUTUSDT
  30m slots=2880 delta=2880 bitunix=2866 both=2866 only_delta=14 only_bitunix=0
      close diff %: median=0.168 p90=0.211 max=0.250 | range diff % median=0.006
      zero-volume delta=1 bitunix=0 | high==low delta=1 bitunix=0
      weekdays delta={'Fri': 416, 'Mon': 400, 'Sat': 384, 'Sun': 384, 'Thu': 432, 'Tue': 432, 'Wed': 432}
      weekdays bitunix={'Fri': 414, 'Mon': 397, 'Sat': 384, 'Sun': 381, 'Thu': 429, 'Tue': 431, 'Wed': 430}
      active zones delta=10 bitunix=10 bitunix-matching-delta(0.3%)=10
        bitunix ('supply', 4425.99, 4428.56)
        bitunix ('supply', 4397.55, 4397.81)
        bitunix ('supply', 4376.5, 4382.48)
        bitunix ('supply', 4367.3, 4373.29)
        bitunix ('supply', 4303.99, 4308.94)
        bitunix ('supply', 4279.56, 4279.95)
        bitunix ('supply', 4213.01, 4221.76)
        bitunix ('supply', 4192.87, 4195.51)
        bitunix ('demand', 4073.36, 4083.31)
        bitunix ('demand', 4104.23, 4109.19)
        delta   ('supply', 4433.09, 4435.83)
        delta   ('supply', 4403.45, 4403.74)
        delta   ('supply', 4384.51, 4390.21)
        delta   ('supply', 4376.96, 4382.34)
        delta   ('supply', 4312.21, 4317.27)
        delta   ('supply', 4288.53, 4288.98)
        delta   ('supply', 4220.0, 4232.0)
        delta   ('supply', 4198.56, 4201.85)
        delta   ('demand', 4081.78, 4091.56)
        delta   ('demand', 4111.3, 4116.47)
   4h slots=360 delta=360 bitunix=359 both=359 only_delta=1 only_bitunix=0
      close diff %: median=0.168 p90=0.211 max=0.233 | range diff % median=0.009
      zero-volume delta=0 bitunix=0 | high==low delta=0 bitunix=0
      weekdays delta={'Fri': 52, 'Mon': 50, 'Sat': 48, 'Sun': 48, 'Thu': 54, 'Tue': 54, 'Wed': 54}
      weekdays bitunix={'Fri': 52, 'Mon': 50, 'Sat': 48, 'Sun': 47, 'Thu': 54, 'Tue': 54, 'Wed': 54}
      active zones delta=11 bitunix=15 bitunix-matching-delta(0.3%)=11
        bitunix ('supply', 5415.3, 5448.2)
        bitunix ('supply', 5188.9, 5198.7)
        bitunix ('supply', 4845.1, 4866.2)
        bitunix ('supply', 4800.8, 4811.0)
        bitunix ('supply', 4752.3, 4757.0)
        bitunix ('supply', 4662.0, 4677.54)
        bitunix ('supply', 4483.03, 4499.46)
        bitunix ('supply', 4432.79, 4437.51)
        bitunix ('supply', 4389.78, 4394.69)
        bitunix ('supply', 4297.05, 4308.94)
        bitunix ('supply', 4191.96, 4221.76)
        bitunix ('demand', 3942.99, 3966.83)
        bitunix ('demand', 3983.47, 3994.14)
        bitunix ('demand', 4008.79, 4025.72)
        bitunix ('demand', 4073.36, 4102.13)
        delta   ('supply', 4751.69, 4757.0)
        delta   ('supply', 4668.48, 4683.24)
        delta   ('supply', 4490.04, 4506.73)
        delta   ('supply', 4440.15, 4445.04)
        delta   ('supply', 4394.59, 4400.0)
        delta   ('supply', 4305.51, 4317.27)
        delta   ('supply', 4199.15, 4232.0)
        delta   ('demand', 3949.46, 3973.69)
        delta   ('demand', 3989.12, 3999.71)
        delta   ('demand', 4016.3, 4034.25)
        delta   ('demand', 4081.78, 4109.2)
   1d slots=60 delta=60 bitunix=60 both=60 only_delta=0 only_bitunix=0
      close diff %: median=0.166 p90=0.212 max=0.222 | range diff % median=0.019
      zero-volume delta=0 bitunix=0 | high==low delta=0 bitunix=0
      weekdays delta={'Fri': 8, 'Mon': 9, 'Sat': 8, 'Sun': 8, 'Thu': 9, 'Tue': 9, 'Wed': 9}
      weekdays bitunix={'Fri': 8, 'Mon': 9, 'Sat': 8, 'Sun': 8, 'Thu': 9, 'Tue': 9, 'Wed': 9}
  -> also comparing Delta XAUTUSD vs Bitunix PAXGUSDT
  30m slots=2880 delta=2880 bitunix=2866 both=2866 only_delta=14 only_bitunix=0
      close diff %: median=0.093 p90=0.274 max=0.401 | range diff % median=0.012
      zero-volume delta=1 bitunix=0 | high==low delta=1 bitunix=0
      weekdays delta={'Fri': 416, 'Mon': 400, 'Sat': 384, 'Sun': 384, 'Thu': 432, 'Tue': 432, 'Wed': 432}
      weekdays bitunix={'Fri': 414, 'Mon': 397, 'Sat': 384, 'Sun': 381, 'Thu': 429, 'Tue': 431, 'Wed': 430}
      active zones delta=10 bitunix=10 bitunix-matching-delta(0.3%)=10
        bitunix ('supply', 4429.09, 4432.0)
        bitunix ('supply', 4403.108414, 4403.24)
        bitunix ('supply', 4385.59, 4389.28)
        bitunix ('supply', 4368.05, 4373.89)
        bitunix ('supply', 4303.16, 4307.31)
        bitunix ('supply', 4276.54, 4277.53)
        bitunix ('supply', 4218.06, 4226.92)
        bitunix ('supply', 4194.4, 4203.7)
        bitunix ('demand', 4081.68, 4094.48)
        bitunix ('demand', 4109.49, 4115.19)
        delta   ('supply', 4433.09, 4435.83)
        delta   ('supply', 4403.45, 4403.74)
        delta   ('supply', 4384.51, 4390.21)
        delta   ('supply', 4376.96, 4382.34)
        delta   ('supply', 4312.21, 4317.27)
        delta   ('supply', 4288.53, 4288.98)
        delta   ('supply', 4220.0, 4232.0)
        delta   ('supply', 4198.56, 4201.85)
        delta   ('demand', 4081.78, 4091.56)
        delta   ('demand', 4111.3, 4116.47)
   4h slots=360 delta=360 bitunix=359 both=359 only_delta=1 only_bitunix=0
      close diff %: median=0.090 p90=0.278 max=0.378 | range diff % median=0.021
      zero-volume delta=0 bitunix=0 | high==low delta=0 bitunix=0
      weekdays delta={'Fri': 52, 'Mon': 50, 'Sat': 48, 'Sun': 48, 'Thu': 54, 'Tue': 54, 'Wed': 54}
      weekdays bitunix={'Fri': 52, 'Mon': 50, 'Sat': 48, 'Sun': 47, 'Thu': 54, 'Tue': 54, 'Wed': 54}
      active zones delta=11 bitunix=16 bitunix-matching-delta(0.3%)=11
        bitunix ('supply', 5533.978175, 5578.25)
        bitunix ('supply', 5227.98, 5237.86)
        bitunix ('supply', 5009.44, 5028.93)
        bitunix ('supply', 4847.99, 4868.98)
        bitunix ('supply', 4803.95, 4813.62)
        bitunix ('supply', 4754.95, 4760.59)
        bitunix ('supply', 4671.63, 4687.13)
        bitunix ('supply', 4492.66, 4509.48)
        bitunix ('supply', 4436.57, 4441.89)
        bitunix ('supply', 4389.67, 4394.38)
        bitunix ('supply', 4296.21, 4307.31)
        bitunix ('supply', 4197.2, 4226.92)
        bitunix ('demand', 3942.5, 3966.6)
        bitunix ('demand', 3980.44, 3991.19)
        bitunix ('demand', 4019.01, 4035.34)
        bitunix ('demand', 4081.68, 4110.71)
        delta   ('supply', 4751.69, 4757.0)
        delta   ('supply', 4668.48, 4683.24)
        delta   ('supply', 4490.04, 4506.73)
        delta   ('supply', 4440.15, 4445.04)
        delta   ('supply', 4394.59, 4400.0)
        delta   ('supply', 4305.51, 4317.27)
        delta   ('supply', 4199.15, 4232.0)
        delta   ('demand', 3949.46, 3973.69)
        delta   ('demand', 3989.12, 3999.71)
        delta   ('demand', 4016.3, 4034.25)
        delta   ('demand', 4081.78, 4109.2)
   1d slots=60 delta=60 bitunix=60 both=60 only_delta=0 only_bitunix=0
      close diff %: median=0.086 p90=0.272 max=0.366 | range diff % median=0.052
      zero-volume delta=0 bitunix=0 | high==low delta=0 bitunix=0
      weekdays delta={'Fri': 8, 'Mon': 9, 'Sat': 8, 'Sun': 8, 'Thu': 9, 'Tue': 9, 'Wed': 9}
      weekdays bitunix={'Fri': 8, 'Mon': 9, 'Sat': 8, 'Sun': 8, 'Thu': 9, 'Tue': 9, 'Wed': 9}
  -> also comparing Delta XAUTUSD vs Bitunix XAUUSDT
  30m slots=2880 delta=2880 bitunix=2866 both=2866 only_delta=14 only_bitunix=0
      close diff %: median=0.117 p90=0.492 max=0.690 | range diff % median=0.013
      zero-volume delta=1 bitunix=0 | high==low delta=1 bitunix=0
      weekdays delta={'Fri': 416, 'Mon': 400, 'Sat': 384, 'Sun': 384, 'Thu': 432, 'Tue': 432, 'Wed': 432}
      weekdays bitunix={'Fri': 414, 'Mon': 397, 'Sat': 384, 'Sun': 381, 'Thu': 429, 'Tue': 431, 'Wed': 430}
      active zones delta=10 bitunix=10 bitunix-matching-delta(0.3%)=10
        bitunix ('supply', 4435.24, 4438.59)
        bitunix ('supply', 4406.54, 4406.88)
        bitunix ('supply', 4382.55, 4388.2)
        bitunix ('supply', 4372.89, 4380.0)
        bitunix ('supply', 4314.26, 4318.68)
        bitunix ('supply', 4288.45, 4288.77)
        bitunix ('supply', 4221.46, 4228.64)
        bitunix ('supply', 4203.57, 4212.34)
        bitunix ('demand', 4073.04, 4086.4)
        bitunix ('demand', 4110.68, 4116.72)
        delta   ('supply', 4433.09, 4435.83)
        delta   ('supply', 4403.45, 4403.74)
        delta   ('supply', 4384.51, 4390.21)
        delta   ('supply', 4376.96, 4382.34)
        delta   ('supply', 4312.21, 4317.27)
        delta   ('supply', 4288.53, 4288.98)
        delta   ('supply', 4220.0, 4232.0)
        delta   ('supply', 4198.56, 4201.85)
        delta   ('demand', 4081.78, 4091.56)
        delta   ('demand', 4111.3, 4116.47)
   4h slots=360 delta=360 bitunix=359 both=359 only_delta=1 only_bitunix=0
      close diff %: median=0.122 p90=0.491 max=0.626 | range diff % median=0.031
      zero-volume delta=0 bitunix=0 | high==low delta=0 bitunix=0
      weekdays delta={'Fri': 52, 'Mon': 50, 'Sat': 48, 'Sun': 48, 'Thu': 54, 'Tue': 54, 'Wed': 54}
      weekdays bitunix={'Fri': 52, 'Mon': 50, 'Sat': 48, 'Sun': 47, 'Thu': 54, 'Tue': 54, 'Wed': 54}
      active zones delta=11 bitunix=16 bitunix-matching-delta(0.3%)=9
        bitunix ('supply', 5405.48, 5418.01)
        bitunix ('supply', 5226.41, 5236.12)
        bitunix ('supply', 5025.98, 5043.75)
        bitunix ('supply', 4866.03, 4888.82)
        bitunix ('supply', 4820.99, 4832.3)
        bitunix ('supply', 4769.93, 4776.57)
        bitunix ('supply', 4682.75, 4699.92)
        bitunix ('supply', 4496.85, 4514.81)
        bitunix ('supply', 4441.76, 4446.54)
        bitunix ('supply', 4399.65, 4405.75)
        bitunix ('supply', 4306.37, 4318.68)
        bitunix ('supply', 4199.48, 4228.64)
        bitunix ('demand', 3948.39, 3972.3)
        bitunix ('demand', 3989.11, 4000.66)
        bitunix ('demand', 4027.79, 4043.95)
        bitunix ('demand', 4073.04, 4105.62432)
        delta   ('supply', 4751.69, 4757.0)
        delta   ('supply', 4668.48, 4683.24)
        delta   ('supply', 4490.04, 4506.73)
        delta   ('supply', 4440.15, 4445.04)
        delta   ('supply', 4394.59, 4400.0)
        delta   ('supply', 4305.51, 4317.27)
        delta   ('supply', 4199.15, 4232.0)
        delta   ('demand', 3949.46, 3973.69)
        delta   ('demand', 3989.12, 3999.71)
        delta   ('demand', 4016.3, 4034.25)
        delta   ('demand', 4081.78, 4109.2)
   1d slots=60 delta=60 bitunix=60 both=60 only_delta=0 only_bitunix=0
      close diff %: median=0.101 p90=0.521 max=0.598 | range diff % median=0.115
      zero-volume delta=0 bitunix=0 | high==low delta=0 bitunix=0
      weekdays delta={'Fri': 8, 'Mon': 9, 'Sat': 8, 'Sun': 8, 'Thu': 9, 'Tue': 9, 'Wed': 9}
      weekdays bitunix={'Fri': 8, 'Mon': 9, 'Sat': 8, 'Sun': 8, 'Thu': 9, 'Tue': 9, 'Wed': 9}
  last price bitunix=4187.44

=== SLVONUSD ===
  listed: {'symbol': 'XAGUSDT', 'base': 'XAG', 'quote': 'USDT', 'minTradeVolume': '0.1', 'minBuyPriceOffset': None, 'basePrecision': 3, 'quotePrecision': 2, 'maxLeverage': 200, 'symbolStatus': 'OPEN'}
  kline XAGUSDT: ok
  -> comparing Delta SLVONUSD vs Bitunix XAGUSDT
  30m slots=2880 delta=2880 bitunix=2866 both=2866 only_delta=14 only_bitunix=0
      close diff %: median=10.355 p90=10.402 max=11.085 | range diff % median=0.034
      zero-volume delta=7 bitunix=0 | high==low delta=17 bitunix=2
      weekdays delta={'Fri': 416, 'Mon': 400, 'Sat': 384, 'Sun': 384, 'Thu': 432, 'Tue': 432, 'Wed': 432}
      weekdays bitunix={'Fri': 414, 'Mon': 397, 'Sat': 384, 'Sun': 381, 'Thu': 429, 'Tue': 431, 'Wed': 430}
      active zones delta=7 bitunix=7 bitunix-matching-delta(0.3%)=0
        bitunix ('supply', 68.31, 68.36)
        bitunix ('supply', 67.94, 68.0)
        bitunix ('supply', 67.37, 67.6)
        bitunix ('supply', 65.06, 65.12)
        bitunix ('supply', 64.24, 64.32)
        bitunix ('supply', 61.77, 62.14)
        bitunix ('demand', 58.58, 58.85)
        delta   ('supply', 61.86, 61.94)
        delta   ('supply', 61.56, 61.61)
        delta   ('supply', 61.02, 61.25)
        delta   ('supply', 58.97, 59.03)
        delta   ('supply', 58.24, 58.29)
        delta   ('supply', 56.0, 56.31)
        delta   ('demand', 53.06, 53.33)
   4h slots=360 delta=360 bitunix=359 both=359 only_delta=1 only_bitunix=0
      close diff %: median=10.355 p90=10.400 max=10.569 | range diff % median=0.104
      zero-volume delta=0 bitunix=0 | high==low delta=0 bitunix=0
      weekdays delta={'Fri': 52, 'Mon': 50, 'Sat': 48, 'Sun': 48, 'Thu': 54, 'Tue': 54, 'Wed': 54}
      weekdays bitunix={'Fri': 52, 'Mon': 50, 'Sat': 48, 'Sun': 47, 'Thu': 54, 'Tue': 54, 'Wed': 54}
      active zones delta=12 bitunix=14 bitunix-matching-delta(0.3%)=1
        bitunix ('supply', 97.162698, 97.94)
        bitunix ('supply', 89.335317, 90.05)
        bitunix ('supply', 78.25, 78.87)
        bitunix ('supply', 76.97, 77.08)
        bitunix ('supply', 71.011905, 71.58)
        bitunix ('supply', 68.34, 68.36)
        bitunix ('supply', 67.47, 67.6)
        bitunix ('supply', 64.8, 65.12)
        bitunix ('supply', 64.24, 64.32)
        bitunix ('supply', 61.646825, 62.14)
        bitunix ('demand', 54.84, 55.03)
        bitunix ('demand', 55.62, 55.88)
        bitunix ('demand', 56.7, 57.1536)
        bitunix ('demand', 58.58, 58.84)
        delta   ('supply', 80.982143, 81.63)
        delta   ('supply', 71.48, 71.75)
        delta   ('supply', 69.67, 69.85)
        delta   ('supply', 64.404762, 64.92)
        delta   ('supply', 61.646825, 62.14)
        delta   ('supply', 61.12, 61.25)
        delta   ('supply', 58.73, 59.03)
        delta   ('supply', 55.863095, 56.31)
        delta   ('demand', 49.74, 49.94)
        delta   ('demand', 50.45, 50.65)
        delta   ('demand', 51.43, 51.84144)
        delta   ('demand', 53.06, 53.31)
   1d slots=60 delta=60 bitunix=60 both=60 only_delta=0 only_bitunix=0
      close diff %: median=10.350 p90=10.415 max=10.569 | range diff % median=0.311
      zero-volume delta=0 bitunix=0 | high==low delta=0 bitunix=0
      weekdays delta={'Fri': 8, 'Mon': 9, 'Sat': 8, 'Sun': 8, 'Thu': 9, 'Tue': 9, 'Wed': 9}
      weekdays bitunix={'Fri': 8, 'Mon': 9, 'Sat': 8, 'Sun': 8, 'Thu': 9, 'Tue': 9, 'Wed': 9}
  last price bitunix=61.01
