# Fib entry / stop / exit backtest: 2026-09-01 to now

Live fib alerts (strong zone) replayed; entry, stop and exit change. Net R after Delta fees, stops slipped, timeouts closed at market. Crypto on Bitunix candles. fib+TL = a same-side trendline runs through the box.

## All timeframes, best first

| market   | tf   | set    | entry   | stop    | exit       |   alerts |   filled |   wins_% |   net_R |   R_per_trade |   median_risk_% |
|:---------|:-----|:-------|:--------|:--------|:-----------|---------:|---------:|---------:|--------:|--------------:|----------------:|
| crypto   | all  | all    | L2      | nearest | target     |       74 |       30 |       27 |     7   |         0.235 |            1.15 |
| crypto   | all  | all    | L1      | nearest | target     |       74 |       58 |       36 |     6.9 |         0.118 |            3.24 |
| crypto   | all  | all    | L1      | sr      | target     |       74 |       58 |       29 |    -1.8 |        -0.031 |            2.25 |
| crypto   | all  | all    | L1      | nearest | 2R+BE      |       74 |       58 |       21 |    -1.9 |        -0.033 |            3.24 |
| crypto   | all  | all    | L1      | nearest | 1.5R+trail |       74 |       58 |       34 |    -2.5 |        -0.043 |            3.24 |
| crypto   | all  | all    | L2      | nearest | 2R+BE      |       74 |       30 |       27 |    -1.7 |        -0.057 |            1.15 |
| crypto   | all  | all    | L1      | nearest | 1.5R       |       74 |       58 |       38 |    -3.7 |        -0.064 |            3.24 |
| crypto   | all  | all    | L1      | sr      | 2R+BE      |       74 |       58 |       21 |    -3.9 |        -0.067 |            2.25 |
| crypto   | all  | all    | L1      | sr      | 1.5R+trail |       74 |       58 |       36 |    -6   |        -0.104 |            2.25 |
| crypto   | all  | all    | L1      | sr      | 1.5R       |       74 |       58 |       38 |    -7.7 |        -0.132 |            2.25 |
| crypto   | all  | all    | L2      | nearest | 1.5R+trail |       74 |       30 |       37 |    -4.4 |        -0.146 |            1.15 |
| crypto   | all  | all    | L2      | nearest | 1.5R       |       74 |       30 |       33 |    -5.8 |        -0.193 |            1.15 |
| crypto   | all  | all    | L2      | sr      | 2R+BE      |       74 |       30 |       23 |   -15.1 |        -0.504 |            0.46 |
| crypto   | all  | all    | L2      | sr      | 1.5R       |       74 |       30 |       27 |   -18.3 |        -0.61  |            0.46 |
| crypto   | all  | all    | L2      | sr      | 1.5R+trail |       74 |       30 |       27 |   -18.8 |        -0.626 |            0.46 |
| crypto   | all  | all    | L2      | sr      | target     |       74 |       30 |        7 |   -18.9 |        -0.631 |            0.46 |
| crypto   | all  | fib+TL | L1      | sr      | 1.5R+trail |       14 |       12 |       50 |     3.2 |         0.269 |            1.83 |
| crypto   | all  | fib+TL | L1      | sr      | 1.5R       |       14 |       12 |       50 |     2.5 |         0.21  |            1.83 |
| crypto   | all  | fib+TL | L1      | sr      | 2R+BE      |       14 |       12 |       25 |     1.2 |         0.098 |            1.83 |
| crypto   | all  | fib+TL | L1      | nearest | 1.5R+trail |       14 |       12 |       33 |     0.8 |         0.066 |            2.02 |
| crypto   | all  | fib+TL | L1      | nearest | target     |       14 |       12 |       25 |     0.6 |         0.051 |            2.02 |
| crypto   | all  | fib+TL | L1      | sr      | target     |       14 |       12 |       25 |    -0.2 |        -0.017 |            1.83 |
| crypto   | all  | fib+TL | L1      | nearest | 2R+BE      |       14 |       12 |       17 |    -0.7 |        -0.058 |            2.02 |
| crypto   | all  | fib+TL | L1      | nearest | 1.5R       |       14 |       12 |       33 |    -1.4 |        -0.121 |            2.02 |
| crypto   | all  | fib+TL | L2      | nearest | 2R+BE      |       14 |        5 |        0 |    -5.3 |        -1.069 |            0.89 |
| crypto   | all  | fib+TL | L2      | sr      | 2R+BE      |       14 |        5 |        0 |    -5.7 |        -1.137 |            0.37 |
| crypto   | all  | fib+TL | L2      | nearest | 1.5R       |       14 |        5 |        0 |    -6.4 |        -1.285 |            0.89 |
| crypto   | all  | fib+TL | L2      | nearest | 1.5R+trail |       14 |        5 |        0 |    -6.4 |        -1.285 |            0.89 |
| crypto   | all  | fib+TL | L2      | nearest | target     |       14 |        5 |        0 |    -6.4 |        -1.285 |            0.89 |
| crypto   | all  | fib+TL | L2      | sr      | 1.5R       |       14 |        5 |        0 |    -6.8 |        -1.353 |            0.37 |
| crypto   | all  | fib+TL | L2      | sr      | 1.5R+trail |       14 |        5 |        0 |    -6.8 |        -1.353 |            0.37 |
| crypto   | all  | fib+TL | L2      | sr      | target     |       14 |        5 |        0 |    -6.8 |        -1.353 |            0.37 |
| nse      | all  | all    | L1      | nearest | 1.5R+trail |      205 |      164 |       38 |   -24.2 |        -0.148 |            3.86 |
| nse      | all  | all    | L1      | nearest | 2R+BE      |      205 |      164 |       21 |   -27.2 |        -0.166 |            3.86 |
| nse      | all  | all    | L1      | sr      | 2R+BE      |      205 |      164 |       21 |   -27.4 |        -0.167 |            2.76 |
| nse      | all  | all    | L1      | nearest | 1.5R       |      205 |      164 |       37 |   -30.4 |        -0.185 |            3.86 |
| nse      | all  | all    | L1      | sr      | 1.5R+trail |      205 |      164 |       35 |   -33.4 |        -0.204 |            2.76 |
| nse      | all  | all    | L2      | nearest | 2R+BE      |      205 |       89 |       21 |   -18.2 |        -0.204 |            1.25 |
| nse      | all  | all    | L1      | nearest | target     |      205 |      164 |       31 |   -33.7 |        -0.205 |            3.86 |
| nse      | all  | all    | L1      | sr      | 1.5R       |      205 |      164 |       35 |   -36.2 |        -0.221 |            2.76 |
| nse      | all  | all    | L2      | nearest | 1.5R+trail |      205 |       89 |       31 |   -21.8 |        -0.245 |            1.25 |
| nse      | all  | all    | L2      | nearest | 1.5R       |      205 |       89 |       31 |   -28.5 |        -0.32  |            1.25 |
| nse      | all  | all    | L1      | sr      | target     |      205 |      164 |       24 |   -55.9 |        -0.341 |            2.76 |
| nse      | all  | all    | L2      | sr      | 1.5R+trail |      205 |       89 |       21 |   -51.9 |        -0.583 |            0.56 |
| nse      | all  | all    | L2      | sr      | 2R+BE      |      205 |       89 |       22 |   -52.9 |        -0.595 |            0.56 |
| nse      | all  | all    | L2      | nearest | target     |      205 |       89 |       16 |   -58.6 |        -0.659 |            1.25 |
| nse      | all  | all    | L2      | sr      | 1.5R       |      205 |       89 |       25 |   -67.5 |        -0.759 |            0.56 |
| nse      | all  | all    | L2      | sr      | target     |      205 |       89 |        4 |   -88.4 |        -0.993 |            0.56 |
| nse      | all  | fib+TL | L2      | nearest | 1.5R+trail |       50 |       26 |       31 |    -6.1 |        -0.234 |            1.12 |
| nse      | all  | fib+TL | L2      | nearest | 2R+BE      |       50 |       26 |       15 |    -9.6 |        -0.37  |            1.12 |
| nse      | all  | fib+TL | L2      | nearest | 1.5R       |       50 |       26 |       31 |   -10.2 |        -0.394 |            1.12 |
| nse      | all  | fib+TL | L1      | nearest | 2R+BE      |       50 |       39 |        5 |   -16.3 |        -0.419 |            3.61 |
| nse      | all  | fib+TL | L1      | sr      | 2R+BE      |       50 |       39 |        8 |   -16.7 |        -0.428 |            2.76 |
| nse      | all  | fib+TL | L1      | nearest | 1.5R+trail |       50 |       39 |       23 |   -18   |        -0.46  |            3.61 |
| nse      | all  | fib+TL | L1      | nearest | 1.5R       |       50 |       39 |       23 |   -19   |        -0.487 |            3.61 |
| nse      | all  | fib+TL | L1      | nearest | target     |       50 |       39 |       18 |   -20.5 |        -0.525 |            3.61 |
| nse      | all  | fib+TL | L2      | nearest | target     |       50 |       26 |       19 |   -13.7 |        -0.528 |            1.12 |
| nse      | all  | fib+TL | L1      | sr      | 1.5R       |       50 |       39 |       21 |   -20.7 |        -0.531 |            2.76 |
| nse      | all  | fib+TL | L1      | sr      | 1.5R+trail |       50 |       39 |       21 |   -20.7 |        -0.532 |            2.76 |
| nse      | all  | fib+TL | L2      | sr      | 1.5R+trail |       50 |       26 |       23 |   -14.1 |        -0.541 |            0.54 |
| nse      | all  | fib+TL | L2      | sr      | 2R+BE      |       50 |       26 |       15 |   -16.7 |        -0.644 |            0.54 |
| nse      | all  | fib+TL | L2      | sr      | 1.5R       |       50 |       26 |       23 |   -19.4 |        -0.745 |            0.54 |
| nse      | all  | fib+TL | L1      | sr      | target     |       50 |       39 |        5 |   -33.2 |        -0.85  |            2.76 |
| nse      | all  | fib+TL | L2      | sr      | target     |       50 |       26 |        0 |   -35.3 |        -1.356 |            0.54 |

## By timeframe

| market   | tf   | set    | entry   | stop    | exit       |   alerts |   filled |   wins_% |   net_R |   R_per_trade |   median_risk_% |
|:---------|:-----|:-------|:--------|:--------|:-----------|---------:|---------:|---------:|--------:|--------------:|----------------:|
| crypto   | 4h   | all    | L1      | sr      | 2R+BE      |       60 |       46 |       20 |    -3.1 |        -0.067 |            2.13 |
| crypto   | 4h   | all    | L1      | sr      | 1.5R       |       60 |       46 |       39 |    -6   |        -0.131 |            2.13 |
| crypto   | 4h   | all    | L1      | sr      | 1.5R+trail |       60 |       46 |       37 |    -2   |        -0.043 |            2.13 |
| crypto   | 4h   | all    | L1      | sr      | target     |       60 |       46 |       33 |     0.9 |         0.021 |            2.13 |
| crypto   | 4h   | all    | L1      | nearest | 2R+BE      |       60 |       46 |       22 |    -2.8 |        -0.06  |            3.13 |
| crypto   | 4h   | all    | L1      | nearest | 1.5R       |       60 |       46 |       39 |    -5.6 |        -0.121 |            3.13 |
| crypto   | 4h   | all    | L1      | nearest | 1.5R+trail |       60 |       46 |       35 |    -3.1 |        -0.067 |            3.13 |
| crypto   | 4h   | all    | L1      | nearest | target     |       60 |       46 |       37 |     2.9 |         0.063 |            3.13 |
| crypto   | 4h   | all    | L2      | sr      | 2R+BE      |       60 |       23 |       26 |   -11.8 |        -0.512 |            0.43 |
| crypto   | 4h   | all    | L2      | sr      | 1.5R       |       60 |       23 |       26 |   -15.9 |        -0.69  |            0.43 |
| crypto   | 4h   | all    | L2      | sr      | 1.5R+trail |       60 |       23 |       26 |   -16.5 |        -0.718 |            0.43 |
| crypto   | 4h   | all    | L2      | sr      | target     |       60 |       23 |        9 |   -11.4 |        -0.494 |            0.43 |
| crypto   | 4h   | all    | L2      | nearest | 2R+BE      |       60 |       23 |       26 |    -2.4 |        -0.103 |            0.89 |
| crypto   | 4h   | all    | L2      | nearest | 1.5R       |       60 |       23 |       30 |    -7   |        -0.303 |            0.89 |
| crypto   | 4h   | all    | L2      | nearest | 1.5R+trail |       60 |       23 |       35 |    -6.5 |        -0.281 |            0.89 |
| crypto   | 4h   | all    | L2      | nearest | target     |       60 |       23 |       22 |     3.9 |         0.169 |            0.89 |
| crypto   | 1d   | all    | L1      | sr      | 2R+BE      |       10 |        8 |       38 |     2.2 |         0.273 |            5.31 |
| crypto   | 1d   | all    | L1      | sr      | 1.5R       |       10 |        8 |       38 |    -0.1 |        -0.012 |            5.31 |
| crypto   | 1d   | all    | L1      | sr      | 1.5R+trail |       10 |        8 |       38 |    -1.6 |        -0.205 |            5.31 |
| crypto   | 1d   | all    | L1      | sr      | target     |       10 |        8 |       25 |     0.4 |         0.049 |            5.31 |
| crypto   | 1d   | all    | L1      | nearest | 2R+BE      |       10 |        8 |       25 |     2.5 |         0.31  |            7.2  |
| crypto   | 1d   | all    | L1      | nearest | 1.5R       |       10 |        8 |       38 |     2.1 |         0.258 |            7.2  |
| crypto   | 1d   | all    | L1      | nearest | 1.5R+trail |       10 |        8 |       38 |     1.3 |         0.157 |            7.2  |
| crypto   | 1d   | all    | L1      | nearest | target     |       10 |        8 |       38 |     4.4 |         0.555 |            7.2  |
| crypto   | 1d   | all    | L2      | sr      | 2R+BE      |       10 |        4 |        0 |    -3.3 |        -0.814 |            1.02 |
| crypto   | 1d   | all    | L2      | sr      | 1.5R       |       10 |        4 |       25 |    -1.9 |        -0.466 |            1.02 |
| crypto   | 1d   | all    | L2      | sr      | 1.5R+trail |       10 |        4 |       25 |    -0.4 |        -0.11  |            1.02 |
| crypto   | 1d   | all    | L2      | sr      | target     |       10 |        4 |        0 |    -4.5 |        -1.122 |            1.02 |
| crypto   | 1d   | all    | L2      | nearest | 2R+BE      |       10 |        4 |       25 |     0.2 |         0.052 |            4.99 |
| crypto   | 1d   | all    | L2      | nearest | 1.5R       |       10 |        4 |       50 |     1.2 |         0.301 |            4.99 |
| crypto   | 1d   | all    | L2      | nearest | 1.5R+trail |       10 |        4 |       50 |     2.4 |         0.59  |            4.99 |
| crypto   | 1d   | all    | L2      | nearest | target     |       10 |        4 |       50 |     2.7 |         0.683 |            4.99 |
| crypto   | 1w   | all    | L1      | sr      | 2R+BE      |        4 |        4 |        0 |    -3   |        -0.756 |           30.28 |
| crypto   | 1w   | all    | L1      | sr      | 1.5R       |        4 |        4 |       25 |    -1.5 |        -0.383 |           30.28 |
| crypto   | 1w   | all    | L1      | sr      | 1.5R+trail |        4 |        4 |       25 |    -2.4 |        -0.601 |           30.28 |
| crypto   | 1w   | all    | L1      | sr      | target     |        4 |        4 |        0 |    -3.1 |        -0.776 |           30.28 |
| crypto   | 1w   | all    | L1      | nearest | 2R+BE      |        4 |        4 |        0 |    -1.6 |        -0.409 |           98.64 |
| crypto   | 1w   | all    | L1      | nearest | 1.5R       |        4 |        4 |       25 |    -0.2 |        -0.05  |           98.64 |
| crypto   | 1w   | all    | L1      | nearest | 1.5R+trail |        4 |        4 |       25 |    -0.7 |        -0.173 |           98.64 |
| crypto   | 1w   | all    | L1      | nearest | target     |        4 |        4 |       25 |    -0.5 |        -0.118 |           98.64 |
| crypto   | 1w   | all    | L2      | sr      | 2R+BE      |        4 |        3 |       33 |    -0.1 |        -0.023 |            7.99 |
| crypto   | 1w   | all    | L2      | sr      | 1.5R       |        4 |        3 |       33 |    -0.6 |        -0.19  |            7.99 |
| crypto   | 1w   | all    | L2      | sr      | 1.5R+trail |        4 |        3 |       33 |    -1.8 |        -0.608 |            7.99 |
| crypto   | 1w   | all    | L2      | sr      | target     |        4 |        3 |        0 |    -3.1 |        -1.025 |            7.99 |
| crypto   | 1w   | all    | L2      | nearest | 2R+BE      |        4 |        3 |       33 |     0.5 |         0.151 |           98.2  |
| crypto   | 1w   | all    | L2      | nearest | 1.5R       |        4 |        3 |       33 |    -0   |        -0.015 |           98.2  |
| crypto   | 1w   | all    | L2      | nearest | 1.5R+trail |        4 |        3 |       33 |    -0.3 |        -0.096 |           98.2  |
| crypto   | 1w   | all    | L2      | nearest | target     |        4 |        3 |       33 |     0.4 |         0.136 |           98.2  |
| crypto   | 4h   | fib+TL | L1      | sr      | 2R+BE      |       12 |       10 |       20 |    -0.8 |        -0.079 |            1.68 |
| crypto   | 4h   | fib+TL | L1      | sr      | 1.5R       |       12 |       10 |       50 |     1.4 |         0.143 |            1.68 |
| crypto   | 4h   | fib+TL | L1      | sr      | 1.5R+trail |       12 |       10 |       50 |     2.9 |         0.288 |            1.68 |
| crypto   | 4h   | fib+TL | L1      | sr      | target     |       12 |       10 |       30 |     0.6 |         0.057 |            1.68 |
| crypto   | 4h   | fib+TL | L1      | nearest | 2R+BE      |       12 |       10 |       20 |    -0.7 |        -0.069 |            1.83 |
| crypto   | 4h   | fib+TL | L1      | nearest | 1.5R       |       12 |       10 |       40 |    -0.9 |        -0.094 |            1.83 |
| crypto   | 4h   | fib+TL | L1      | nearest | 1.5R+trail |       12 |       10 |       40 |     1.4 |         0.144 |            1.83 |
| crypto   | 4h   | fib+TL | L1      | nearest | target     |       12 |       10 |       30 |     1.1 |         0.112 |            1.83 |
| crypto   | 4h   | fib+TL | L2      | sr      | 2R+BE      |       12 |        5 |        0 |    -5.7 |        -1.137 |            0.33 |
| crypto   | 4h   | fib+TL | L2      | sr      | 1.5R       |       12 |        5 |        0 |    -6.8 |        -1.353 |            0.33 |
| crypto   | 4h   | fib+TL | L2      | sr      | 1.5R+trail |       12 |        5 |        0 |    -6.8 |        -1.353 |            0.33 |
| crypto   | 4h   | fib+TL | L2      | sr      | target     |       12 |        5 |        0 |    -6.8 |        -1.353 |            0.33 |
| crypto   | 4h   | fib+TL | L2      | nearest | 2R+BE      |       12 |        5 |        0 |    -5.3 |        -1.069 |            0.76 |
| crypto   | 4h   | fib+TL | L2      | nearest | 1.5R       |       12 |        5 |        0 |    -6.4 |        -1.285 |            0.76 |
| crypto   | 4h   | fib+TL | L2      | nearest | 1.5R+trail |       12 |        5 |        0 |    -6.4 |        -1.285 |            0.76 |
| crypto   | 4h   | fib+TL | L2      | nearest | target     |       12 |        5 |        0 |    -6.4 |        -1.285 |            0.76 |
| crypto   | 1d   | fib+TL | L1      | sr      | 2R+BE      |        2 |        2 |       50 |     2   |         0.985 |            5.31 |
| crypto   | 1d   | fib+TL | L1      | sr      | 1.5R       |        2 |        2 |       50 |     1.1 |         0.544 |            5.31 |
| crypto   | 1d   | fib+TL | L1      | sr      | 1.5R+trail |        2 |        2 |       50 |     0.3 |         0.173 |            5.31 |
| crypto   | 1d   | fib+TL | L1      | sr      | target     |        2 |        2 |        0 |    -0.8 |        -0.389 |            5.31 |
| crypto   | 1d   | fib+TL | L1      | nearest | 2R+BE      |        2 |        2 |        0 |    -0   |        -0.005 |           12.13 |
| crypto   | 1d   | fib+TL | L1      | nearest | 1.5R       |        2 |        2 |        0 |    -0.5 |        -0.253 |           12.13 |
| crypto   | 1d   | fib+TL | L1      | nearest | 1.5R+trail |        2 |        2 |        0 |    -0.7 |        -0.327 |           12.13 |
| crypto   | 1d   | fib+TL | L1      | nearest | target     |        2 |        2 |        0 |    -0.5 |        -0.253 |           12.13 |
| nse      | 4h   | all    | L1      | sr      | 2R+BE      |      115 |       88 |       18 |   -13.2 |        -0.15  |            2.15 |
| nse      | 4h   | all    | L1      | sr      | 1.5R       |      115 |       88 |       35 |   -17.9 |        -0.203 |            2.15 |
| nse      | 4h   | all    | L1      | sr      | 1.5R+trail |      115 |       88 |       35 |   -15.9 |        -0.181 |            2.15 |
| nse      | 4h   | all    | L1      | sr      | target     |      115 |       88 |       22 |   -26.2 |        -0.298 |            2.15 |
| nse      | 4h   | all    | L1      | nearest | 2R+BE      |      115 |       88 |       18 |   -14.9 |        -0.17  |            2.96 |
| nse      | 4h   | all    | L1      | nearest | 1.5R       |      115 |       88 |       38 |   -15.1 |        -0.172 |            2.96 |
| nse      | 4h   | all    | L1      | nearest | 1.5R+trail |      115 |       88 |       39 |    -9.7 |        -0.11  |            2.96 |
| nse      | 4h   | all    | L1      | nearest | target     |      115 |       88 |       30 |   -12.7 |        -0.144 |            2.96 |
| nse      | 4h   | all    | L2      | sr      | 2R+BE      |      115 |       47 |       26 |   -25.1 |        -0.534 |            0.42 |
| nse      | 4h   | all    | L2      | sr      | 1.5R       |      115 |       47 |       30 |   -32.2 |        -0.684 |            0.42 |
| nse      | 4h   | all    | L2      | sr      | 1.5R+trail |      115 |       47 |       26 |   -16.5 |        -0.351 |            0.42 |
| nse      | 4h   | all    | L2      | sr      | target     |      115 |       47 |        4 |   -37.4 |        -0.795 |            0.42 |
| nse      | 4h   | all    | L2      | nearest | 2R+BE      |      115 |       47 |       23 |    -9.7 |        -0.206 |            1.05 |
| nse      | 4h   | all    | L2      | nearest | 1.5R       |      115 |       47 |       32 |   -16.7 |        -0.355 |            1.05 |
| nse      | 4h   | all    | L2      | nearest | 1.5R+trail |      115 |       47 |       32 |    -9.3 |        -0.198 |            1.05 |
| nse      | 4h   | all    | L2      | nearest | target     |      115 |       47 |       17 |   -34.1 |        -0.725 |            1.05 |
| nse      | 1d   | all    | L1      | sr      | 2R+BE      |       66 |       56 |       20 |    -4.5 |        -0.08  |            3.23 |
| nse      | 1d   | all    | L1      | sr      | 1.5R       |       66 |       56 |       36 |    -8.6 |        -0.153 |            3.23 |
| nse      | 1d   | all    | L1      | sr      | 1.5R+trail |       66 |       56 |       36 |    -7.7 |        -0.138 |            3.23 |
| nse      | 1d   | all    | L1      | sr      | target     |       66 |       56 |       23 |   -20   |        -0.357 |            3.23 |
| nse      | 1d   | all    | L1      | nearest | 2R+BE      |       66 |       56 |       20 |    -4.2 |        -0.074 |            4.35 |
| nse      | 1d   | all    | L1      | nearest | 1.5R       |       66 |       56 |       38 |    -7.2 |        -0.128 |            4.35 |
| nse      | 1d   | all    | L1      | nearest | 1.5R+trail |       66 |       56 |       38 |    -6.4 |        -0.115 |            4.35 |
| nse      | 1d   | all    | L1      | nearest | target     |       66 |       56 |       32 |   -12.9 |        -0.231 |            4.35 |
| nse      | 1d   | all    | L2      | sr      | 2R+BE      |       66 |       31 |       19 |   -18.1 |        -0.585 |            0.66 |
| nse      | 1d   | all    | L2      | sr      | 1.5R       |       66 |       31 |       19 |   -25.7 |        -0.828 |            0.66 |
| nse      | 1d   | all    | L2      | sr      | 1.5R+trail |       66 |       31 |       16 |   -25.7 |        -0.828 |            0.66 |
| nse      | 1d   | all    | L2      | sr      | target     |       66 |       31 |        0 |   -41.3 |        -1.331 |            0.66 |
| nse      | 1d   | all    | L2      | nearest | 2R+BE      |       66 |       31 |       23 |    -3.3 |        -0.106 |            1.28 |
| nse      | 1d   | all    | L2      | nearest | 1.5R       |       66 |       31 |       39 |    -5.5 |        -0.179 |            1.28 |
| nse      | 1d   | all    | L2      | nearest | 1.5R+trail |       66 |       31 |       39 |    -6.2 |        -0.202 |            1.28 |
| nse      | 1d   | all    | L2      | nearest | target     |       66 |       31 |       16 |   -18.3 |        -0.591 |            1.28 |
| nse      | 1w   | all    | L1      | sr      | 2R+BE      |       18 |       14 |       36 |    -6.1 |        -0.438 |            6.43 |
| nse      | 1w   | all    | L1      | sr      | 1.5R       |       18 |       14 |       36 |    -6.1 |        -0.438 |            6.43 |
| nse      | 1w   | all    | L1      | sr      | 1.5R+trail |       18 |       14 |       36 |    -6.1 |        -0.438 |            6.43 |
| nse      | 1w   | all    | L1      | sr      | target     |       18 |       14 |       36 |    -6.1 |        -0.438 |            6.43 |
| nse      | 1w   | all    | L1      | nearest | 2R+BE      |       18 |       14 |       36 |    -6.4 |        -0.454 |            7.45 |
| nse      | 1w   | all    | L1      | nearest | 1.5R       |       18 |       14 |       36 |    -6.4 |        -0.454 |            7.45 |
| nse      | 1w   | all    | L1      | nearest | 1.5R+trail |       18 |       14 |       36 |    -6.4 |        -0.454 |            7.45 |
| nse      | 1w   | all    | L1      | nearest | target     |       18 |       14 |       36 |    -6.4 |        -0.454 |            7.45 |
| nse      | 1w   | all    | L2      | sr      | 2R+BE      |       18 |        7 |       14 |    -6.6 |        -0.944 |            1.36 |
| nse      | 1w   | all    | L2      | sr      | 1.5R       |       18 |        7 |       14 |    -6.6 |        -0.944 |            1.36 |
| nse      | 1w   | all    | L2      | sr      | 1.5R+trail |       18 |        7 |       14 |    -6.6 |        -0.944 |            1.36 |
| nse      | 1w   | all    | L2      | sr      | target     |       18 |        7 |       14 |    -6.6 |        -0.944 |            1.36 |
| nse      | 1w   | all    | L2      | nearest | 2R+BE      |       18 |        7 |       14 |    -4.1 |        -0.59  |            2.02 |
| nse      | 1w   | all    | L2      | nearest | 1.5R       |       18 |        7 |       14 |    -5.2 |        -0.736 |            2.02 |
| nse      | 1w   | all    | L2      | nearest | 1.5R+trail |       18 |        7 |       14 |    -5.2 |        -0.736 |            2.02 |
| nse      | 1w   | all    | L2      | nearest | target     |       18 |        7 |       14 |    -5.2 |        -0.736 |            2.02 |
| nse      | 1M   | all    | L1      | sr      | 2R+BE      |        6 |        6 |       33 |    -3.6 |        -0.604 |            9.08 |
| nse      | 1M   | all    | L1      | sr      | 1.5R       |        6 |        6 |       33 |    -3.6 |        -0.604 |            9.08 |
| nse      | 1M   | all    | L1      | sr      | 1.5R+trail |        6 |        6 |       33 |    -3.6 |        -0.604 |            9.08 |
| nse      | 1M   | all    | L1      | sr      | target     |        6 |        6 |       33 |    -3.6 |        -0.604 |            9.08 |
| nse      | 1M   | all    | L1      | nearest | 2R+BE      |        6 |        6 |       33 |    -1.7 |        -0.289 |           21.54 |
| nse      | 1M   | all    | L1      | nearest | 1.5R       |        6 |        6 |       33 |    -1.7 |        -0.289 |           21.54 |
| nse      | 1M   | all    | L1      | nearest | 1.5R+trail |        6 |        6 |       33 |    -1.7 |        -0.289 |           21.54 |
| nse      | 1M   | all    | L1      | nearest | target     |        6 |        6 |       33 |    -1.7 |        -0.289 |           21.54 |
| nse      | 1M   | all    | L2      | sr      | 2R+BE      |        6 |        4 |       25 |    -3.1 |        -0.775 |            1.96 |
| nse      | 1M   | all    | L2      | sr      | 1.5R       |        6 |        4 |       25 |    -3.1 |        -0.775 |            1.96 |
| nse      | 1M   | all    | L2      | sr      | 1.5R+trail |        6 |        4 |       25 |    -3.1 |        -0.775 |            1.96 |
| nse      | 1M   | all    | L2      | sr      | target     |        6 |        4 |       25 |    -3.1 |        -0.775 |            1.96 |
| nse      | 1M   | all    | L2      | nearest | 2R+BE      |        6 |        4 |        0 |    -1.1 |        -0.273 |           17.67 |
| nse      | 1M   | all    | L2      | nearest | 1.5R       |        6 |        4 |        0 |    -1.1 |        -0.273 |           17.67 |
| nse      | 1M   | all    | L2      | nearest | 1.5R+trail |        6 |        4 |        0 |    -1.1 |        -0.273 |           17.67 |
| nse      | 1M   | all    | L2      | nearest | target     |        6 |        4 |        0 |    -1.1 |        -0.273 |           17.67 |
| nse      | 4h   | fib+TL | L1      | sr      | 2R+BE      |       30 |       24 |        4 |   -12.2 |        -0.509 |            2.19 |
| nse      | 4h   | fib+TL | L1      | sr      | 1.5R       |       30 |       24 |       17 |   -15.1 |        -0.627 |            2.19 |
| nse      | 4h   | fib+TL | L1      | sr      | 1.5R+trail |       30 |       24 |       17 |   -14.8 |        -0.619 |            2.19 |
| nse      | 4h   | fib+TL | L1      | sr      | target     |       30 |       24 |        4 |   -20.2 |        -0.84  |            2.19 |
| nse      | 4h   | fib+TL | L1      | nearest | 2R+BE      |       30 |       24 |        0 |   -13   |        -0.54  |            2.76 |
| nse      | 4h   | fib+TL | L1      | nearest | 1.5R       |       30 |       24 |       21 |   -13.4 |        -0.56  |            2.76 |
| nse      | 4h   | fib+TL | L1      | nearest | 1.5R+trail |       30 |       24 |       21 |   -12.4 |        -0.516 |            2.76 |
| nse      | 4h   | fib+TL | L1      | nearest | target     |       30 |       24 |       17 |   -13.4 |        -0.559 |            2.76 |
| nse      | 4h   | fib+TL | L2      | sr      | 2R+BE      |       30 |       17 |       24 |    -7.7 |        -0.454 |            0.44 |
| nse      | 4h   | fib+TL | L2      | sr      | 1.5R       |       30 |       17 |       35 |    -8   |        -0.473 |            0.44 |
| nse      | 4h   | fib+TL | L2      | sr      | 1.5R+trail |       30 |       17 |       35 |    -2.7 |        -0.161 |            0.44 |
| nse      | 4h   | fib+TL | L2      | sr      | target     |       30 |       17 |        0 |   -23.9 |        -1.407 |            0.44 |
| nse      | 4h   | fib+TL | L2      | nearest | 2R+BE      |       30 |       17 |       18 |    -5.5 |        -0.322 |            1.01 |
| nse      | 4h   | fib+TL | L2      | nearest | 1.5R       |       30 |       17 |       35 |    -4.8 |        -0.28  |            1.01 |
| nse      | 4h   | fib+TL | L2      | nearest | 1.5R+trail |       30 |       17 |       35 |    -1.3 |        -0.079 |            1.01 |
| nse      | 4h   | fib+TL | L2      | nearest | target     |       30 |       17 |       18 |   -11.9 |        -0.701 |            1.01 |
| nse      | 1d   | fib+TL | L1      | sr      | 2R+BE      |       17 |       14 |       14 |    -3.5 |        -0.247 |            3.01 |
| nse      | 1d   | fib+TL | L1      | sr      | 1.5R       |       17 |       14 |       29 |    -4.6 |        -0.329 |            3.01 |
| nse      | 1d   | fib+TL | L1      | sr      | 1.5R+trail |       17 |       14 |       29 |    -4.9 |        -0.347 |            3.01 |
| nse      | 1d   | fib+TL | L1      | sr      | target     |       17 |       14 |        7 |   -12   |        -0.855 |            3.01 |
| nse      | 1d   | fib+TL | L1      | nearest | 2R+BE      |       17 |       14 |       14 |    -2.4 |        -0.168 |            4.43 |
| nse      | 1d   | fib+TL | L1      | nearest | 1.5R       |       17 |       14 |       29 |    -4.6 |        -0.325 |            4.43 |
| nse      | 1d   | fib+TL | L1      | nearest | 1.5R+trail |       17 |       14 |       29 |    -4.5 |        -0.324 |            4.43 |
| nse      | 1d   | fib+TL | L1      | nearest | target     |       17 |       14 |       21 |    -6   |        -0.43  |            4.43 |
| nse      | 1d   | fib+TL | L2      | sr      | 2R+BE      |       17 |        8 |        0 |    -7.9 |        -0.983 |            0.62 |
| nse      | 1d   | fib+TL | L2      | sr      | 1.5R       |       17 |        8 |        0 |   -10.2 |        -1.273 |            0.62 |
| nse      | 1d   | fib+TL | L2      | sr      | 1.5R+trail |       17 |        8 |        0 |   -10.2 |        -1.273 |            0.62 |
| nse      | 1d   | fib+TL | L2      | sr      | target     |       17 |        8 |        0 |   -10.2 |        -1.273 |            0.62 |
| nse      | 1d   | fib+TL | L2      | nearest | 2R+BE      |       17 |        8 |       12 |    -3.1 |        -0.392 |            1.28 |
| nse      | 1d   | fib+TL | L2      | nearest | 1.5R       |       17 |        8 |       25 |    -4.5 |        -0.558 |            1.28 |
| nse      | 1d   | fib+TL | L2      | nearest | 1.5R+trail |       17 |        8 |       25 |    -3.7 |        -0.464 |            1.28 |
| nse      | 1d   | fib+TL | L2      | nearest | target     |       17 |        8 |       25 |    -0.8 |        -0.097 |            1.28 |
| nse      | 1w   | fib+TL | L1      | sr      | 2R+BE      |        3 |        1 |        0 |    -1   |        -1.03  |            5.06 |
| nse      | 1w   | fib+TL | L1      | sr      | 1.5R       |        3 |        1 |        0 |    -1   |        -1.03  |            5.06 |
| nse      | 1w   | fib+TL | L1      | sr      | 1.5R+trail |        3 |        1 |        0 |    -1   |        -1.03  |            5.06 |
| nse      | 1w   | fib+TL | L1      | sr      | target     |        3 |        1 |        0 |    -1   |        -1.03  |            5.06 |
| nse      | 1w   | fib+TL | L1      | nearest | 2R+BE      |        3 |        1 |        0 |    -1   |        -1.023 |            6.78 |
| nse      | 1w   | fib+TL | L1      | nearest | 1.5R       |        3 |        1 |        0 |    -1   |        -1.023 |            6.78 |
| nse      | 1w   | fib+TL | L1      | nearest | 1.5R+trail |        3 |        1 |        0 |    -1   |        -1.023 |            6.78 |
| nse      | 1w   | fib+TL | L1      | nearest | target     |        3 |        1 |        0 |    -1   |        -1.023 |            6.78 |
| nse      | 1w   | fib+TL | L2      | sr      | 2R+BE      |        3 |        1 |        0 |    -1.1 |        -1.148 |            1.06 |
| nse      | 1w   | fib+TL | L2      | sr      | 1.5R       |        3 |        1 |        0 |    -1.1 |        -1.148 |            1.06 |
| nse      | 1w   | fib+TL | L2      | sr      | 1.5R+trail |        3 |        1 |        0 |    -1.1 |        -1.148 |            1.06 |
| nse      | 1w   | fib+TL | L2      | sr      | target     |        3 |        1 |        0 |    -1.1 |        -1.148 |            1.06 |
| nse      | 1w   | fib+TL | L2      | nearest | 2R+BE      |        3 |        1 |        0 |    -1   |        -1.029 |            1.61 |
| nse      | 1w   | fib+TL | L2      | nearest | 1.5R       |        3 |        1 |        0 |    -1   |        -1.029 |            1.61 |
| nse      | 1w   | fib+TL | L2      | nearest | 1.5R+trail |        3 |        1 |        0 |    -1   |        -1.029 |            1.61 |
| nse      | 1w   | fib+TL | L2      | nearest | target     |        3 |        1 |        0 |    -1   |        -1.029 |            1.61 |

