TSLAXUSD: delta 1394/34563, bitunix 1258/34522
METAXUSD: delta 1394/34533, bitunix 1174/34522
SOXLBUSD: delta 554/26545, bitunix 862/5400
SNDKBUSD: delta 554/26542, bitunix 1173/34522
MRVL/USDT:USDT: delta 506/24156, bitunix 862/34523
NVDAXUSD: delta 1394/34539, bitunix 1221/34522
replayed TSLAXUSD delta: 29 alerts (32s)
replayed TSLAXUSD bitunix: 31 alerts (32s)
replayed METAXUSD delta: 28 alerts (32s)
replayed METAXUSD bitunix: 27 alerts (32s)
replayed SOXLBUSD delta: 13 alerts (32s)
replayed SOXLBUSD bitunix: 4 alerts (42s)
replayed SNDKBUSD delta: 6 alerts (42s)
replayed SNDKBUSD bitunix: 10 alerts (58s)
replayed MRVL/USDT:USDT delta: 6 alerts (58s)
replayed MRVL/USDT:USDT bitunix: 22 alerts (58s)
replayed NVDAXUSD delta: 41 alerts (62s)
replayed NVDAXUSD bitunix: 42 alerts (64s)
# Zones 4h: Delta vs Bitunix candles

Window: last 120 days to 2026-10-09 21:45 IST; 6 crypto symbols both venues serve. Fees: Delta in every row.

## Candles (evaluation window, closed bars)

| symbol         | tf   |   common_bars |   delta_missing |   bitunix_missing |   close_diff_med_pct |   range_ratio_med |   vol_ratio_bitunix_to_delta |   delta_thin_pct |   bitunix_thin_pct |   delta_zero_vol |   bitunix_zero_vol |   delta_wick_outliers |   bitunix_wick_outliers |   okx_bars |   delta_only_wicks |   bitunix_only_wicks |
|:---------------|:-----|--------------:|----------------:|------------------:|---------------------:|------------------:|-----------------------------:|-----------------:|-------------------:|-----------------:|-------------------:|----------------------:|------------------------:|-----------:|-------------------:|---------------------:|
| TSLAXUSD       | 4h   |           717 |               0 |                 2 |                0.099 |             0.946 |                        9.697 |            8.089 |              0.139 |                0 |                  0 |                    23 |                      82 |        717 |                 17 |                    0 |
| METAXUSD       | 4h   |           717 |               0 |                 2 |                0.065 |             0.884 |                        4.992 |           12.552 |              0.000 |                1 |                  0 |                     7 |                     100 |        717 |                  4 |                    2 |
| SOXLBUSD       | 4h   |           552 |               0 |                 1 |                0.103 |             0.963 |                       13.365 |            7.790 |              9.420 |                0 |                  0 |                     0 |                      14 |        552 |                  0 |                    0 |
| SNDKBUSD       | 4h   |           552 |               0 |                 1 |                0.101 |             0.978 |                       17.319 |            5.978 |              4.891 |                0 |                  0 |                     5 |                       9 |        552 |                  1 |                    2 |
| MRVL/USDT:USDT | 4h   |           504 |               0 |                 1 |                0.076 |             0.823 |                        6.263 |           11.706 |              0.000 |                4 |                  0 |                     0 |                      73 |        504 |                  0 |                    0 |
| NVDAXUSD       | 4h   |           717 |               0 |                 2 |                0.084 |             0.958 |                        8.535 |            9.484 |              0.418 |                0 |                  0 |                    51 |                      97 |        717 |                 37 |                    5 |

## Alert replay

| alerts_from   | graded_on   |   alerts |   filled |   SL |   BE |   +1R |   +2R |   Neither |   ambiguous |   win_pct |   net_R |   R_per_trade |
|:--------------|:------------|---------:|---------:|-----:|-----:|------:|------:|----------:|------------:|----------:|--------:|--------------:|
| delta         | delta       |      102 |       89 |   36 |   28 |     8 |    10 |         7 |           3 |      33.3 |   -20.6 |        -0.231 |
| delta         | bitunix     |      101 |       80 |   32 |   24 |     6 |     9 |         9 |           3 |      31.9 |   -18.5 |        -0.231 |
| bitunix       | delta       |      113 |       81 |   34 |   26 |     4 |     9 |         8 |           5 |      27.7 |   -21.7 |        -0.267 |
| bitunix       | bitunix     |      112 |       94 |   34 |   34 |     6 |    11 |         9 |           1 |      33.3 |   -18.5 |        -0.197 |
| delta only    | delta       |       29 |       27 |   13 |    8 |     1 |     3 |         2 |           1 |      23.5 |   -11   |        -0.408 |
| bitunix only  | delta       |       40 |       23 |   10 |    8 |     1 |     2 |         2 |           1 |      23.1 |    -7.5 |        -0.328 |

