BTCUSD: 5841 30m / 25881 5m
ETHUSD: 5841 30m / 25900 5m
SOLUSD: 5869 30m / 25907 5m
XRPUSD: 5841 30m / 25878 5m
HYPEUSD: 5841 30m / 25880 5m
AKE/USDT: 5841 30m / 25883 5m
ZECUSD: 5869 30m / 25912 5m
DOGEUSD: 5860 30m / 25882 5m
AAVEUSD: 5841 30m / 25882 5m
BEAT/USDT: 5841 30m / 25883 5m
UNIUSD: 5841 30m / 25881 5m
LINKUSD: 5841 30m / 25879 5m
AVAXUSD: 5841 30m / 25882 5m
LTCUSD: 5841 30m / 25878 5m
BNBUSD: 5841 30m / 25883 5m
TRUMP/USDT: 5841 30m / 25883 5m
BCHUSD: 5841 30m / 25883 5m
TACUSD: 5841 30m / 25883 5m
ZORAUSD: 5841 30m / 25883 5m
BLESSUSD: 5841 30m / 25883 5m
HUSD: 5841 30m / 25883 5m
VELVETUSD: 5844 30m / 25883 5m
RIVERUSD: 5841 30m / 25883 5m
