# Trendline stop + exit backtest: 2026-09-01 to now

Live trendline alerts replayed; only the stop and the exit change. Net R after Delta fees, stops slipped, timeouts closed at market. Crypto on Bitunix candles.

## All timeframes, best first

| market   | tf   | stop    | exit       |   alerts |   filled |   wins_% |   net_R |   R_per_trade |   median_risk_% |
|:---------|:-----|:--------|:-----------|---------:|---------:|---------:|--------:|--------------:|----------------:|
| crypto   | all  | live    | 1.5R       |      784 |      597 |       32 |  -185   |        -0.31  |            1    |
| crypto   | all  | live    | 2R+BE      |      784 |      597 |       17 |  -190.2 |        -0.319 |            1    |
| crypto   | all  | live    | 1.5R+trail |      784 |      597 |       32 |  -193.3 |        -0.324 |            1    |
| crypto   | all  | live    | 1.5R+high  |      784 |      597 |       32 |  -197.9 |        -0.331 |            1    |
| crypto   | all  | nearest | 1.5R+high  |      784 |      597 |       31 |  -316.4 |        -0.53  |            1    |
| crypto   | all  | nearest | 2R+BE      |      784 |      597 |       17 |  -324.4 |        -0.543 |            1    |
| crypto   | all  | nearest | 1.5R+trail |      784 |      597 |       31 |  -324   |        -0.543 |            1    |
| crypto   | all  | nearest | 1.5R       |      784 |      597 |       31 |  -326.8 |        -0.547 |            1    |
| crypto   | all  | touch   | 1.5R       |      784 |      597 |       29 |  -761.5 |        -1.276 |            1    |
| crypto   | all  | touch   | 1.5R+high  |      784 |      597 |       29 |  -768.4 |        -1.287 |            1    |
| crypto   | all  | touch   | 1.5R+trail |      784 |      597 |       29 |  -769.4 |        -1.289 |            1    |
| crypto   | all  | touch   | 2R+BE      |      784 |      597 |       15 |  -774.5 |        -1.297 |            1    |
| crypto   | all  | hybrid  | 2R+BE      |      784 |      597 |       15 |  -789.9 |        -1.323 |            0.99 |
| crypto   | all  | hybrid  | 1.5R       |      784 |      597 |       27 |  -789.7 |        -1.323 |            0.99 |
| crypto   | all  | hybrid  | 1.5R+high  |      784 |      597 |       27 |  -792.6 |        -1.328 |            0.99 |
| crypto   | all  | hybrid  | 1.5R+trail |      784 |      597 |       27 |  -794.8 |        -1.331 |            0.99 |
| nse      | all  | live    | 1.5R+trail |     2028 |     1646 |       33 |  -433.8 |        -0.264 |            1    |
| nse      | all  | live    | 1.5R+high  |     2028 |     1646 |       33 |  -455.8 |        -0.277 |            1    |
| nse      | all  | live    | 2R+BE      |     2028 |     1646 |       16 |  -462.2 |        -0.281 |            1    |
| nse      | all  | live    | 1.5R       |     2028 |     1646 |       33 |  -495.3 |        -0.301 |            1    |
| nse      | all  | nearest | 1.5R+trail |     2028 |     1646 |       30 |  -676.2 |        -0.411 |            1    |
| nse      | all  | nearest | 1.5R+high  |     2028 |     1646 |       30 |  -699.7 |        -0.425 |            1    |
| nse      | all  | nearest | 2R+BE      |     2028 |     1646 |       18 |  -730.4 |        -0.444 |            1    |
| nse      | all  | nearest | 1.5R       |     2028 |     1646 |       30 |  -796.1 |        -0.484 |            1    |
| nse      | all  | touch   | 1.5R+trail |     2028 |     1646 |       28 |  -972.8 |        -0.591 |            1    |
| nse      | all  | touch   | 1.5R+high  |     2028 |     1646 |       28 | -1002.9 |        -0.609 |            1    |
| nse      | all  | hybrid  | 1.5R+trail |     2028 |     1646 |       28 | -1007.8 |        -0.612 |            0.95 |
| nse      | all  | hybrid  | 1.5R+high  |     2028 |     1646 |       28 | -1038.9 |        -0.631 |            0.95 |
| nse      | all  | touch   | 2R+BE      |     2028 |     1646 |       17 | -1058.2 |        -0.643 |            1    |
| nse      | all  | hybrid  | 2R+BE      |     2028 |     1646 |       17 | -1098.9 |        -0.668 |            0.95 |
| nse      | all  | touch   | 1.5R       |     2028 |     1646 |       29 | -1116.6 |        -0.678 |            1    |
| nse      | all  | hybrid  | 1.5R       |     2028 |     1646 |       29 | -1159   |        -0.704 |            0.95 |

## By timeframe

| market   | tf   | stop    | exit       |   alerts |   filled |   wins_% |   net_R |   R_per_trade |   median_risk_% |
|:---------|:-----|:--------|:-----------|---------:|---------:|---------:|--------:|--------------:|----------------:|
| crypto   | 4h   | live    | 2R+BE      |      702 |      524 |       16 |  -161.7 |        -0.309 |            1    |
| crypto   | 4h   | live    | 1.5R       |      702 |      524 |       33 |  -149.5 |        -0.285 |            1    |
| crypto   | 4h   | live    | 1.5R+trail |      702 |      524 |       33 |  -154.7 |        -0.295 |            1    |
| crypto   | 4h   | live    | 1.5R+high  |      702 |      524 |       33 |  -159.2 |        -0.304 |            1    |
| crypto   | 4h   | touch   | 2R+BE      |      702 |      524 |       14 |  -750.2 |        -1.432 |            1    |
| crypto   | 4h   | touch   | 1.5R       |      702 |      524 |       28 |  -736.8 |        -1.406 |            1    |
| crypto   | 4h   | touch   | 1.5R+trail |      702 |      524 |       29 |  -745.1 |        -1.422 |            1    |
| crypto   | 4h   | touch   | 1.5R+high  |      702 |      524 |       29 |  -744.2 |        -1.42  |            1    |
| crypto   | 4h   | nearest | 2R+BE      |      702 |      524 |       16 |  -298.4 |        -0.569 |            1    |
| crypto   | 4h   | nearest | 1.5R       |      702 |      524 |       31 |  -301.8 |        -0.576 |            1    |
| crypto   | 4h   | nearest | 1.5R+trail |      702 |      524 |       31 |  -298   |        -0.569 |            1    |
| crypto   | 4h   | nearest | 1.5R+high  |      702 |      524 |       31 |  -290.5 |        -0.554 |            1    |
| crypto   | 4h   | hybrid  | 2R+BE      |      702 |      524 |       14 |  -762   |        -1.454 |            0.92 |
| crypto   | 4h   | hybrid  | 1.5R       |      702 |      524 |       27 |  -760.4 |        -1.451 |            0.92 |
| crypto   | 4h   | hybrid  | 1.5R+trail |      702 |      524 |       27 |  -766.2 |        -1.462 |            0.92 |
| crypto   | 4h   | hybrid  | 1.5R+high  |      702 |      524 |       27 |  -764   |        -1.458 |            0.92 |
| crypto   | 1d   | live    | 2R+BE      |       80 |       71 |       17 |   -32.4 |        -0.456 |            1.5  |
| crypto   | 1d   | live    | 1.5R       |       80 |       71 |       21 |   -38.4 |        -0.541 |            1.5  |
| crypto   | 1d   | live    | 1.5R+trail |       80 |       71 |       21 |   -41.9 |        -0.591 |            1.5  |
| crypto   | 1d   | live    | 1.5R+high  |       80 |       71 |       21 |   -42   |        -0.592 |            1.5  |
| crypto   | 1d   | touch   | 2R+BE      |       80 |       71 |       21 |   -24.4 |        -0.343 |            3.05 |
| crypto   | 1d   | touch   | 1.5R       |       80 |       71 |       28 |   -26.3 |        -0.37  |            3.05 |
| crypto   | 1d   | touch   | 1.5R+trail |       80 |       71 |       28 |   -26   |        -0.366 |            3.05 |
| crypto   | 1d   | touch   | 1.5R+high  |       80 |       71 |       28 |   -25.9 |        -0.365 |            3.05 |
| crypto   | 1d   | nearest | 2R+BE      |       80 |       71 |       18 |   -26.1 |        -0.367 |            2.04 |
| crypto   | 1d   | nearest | 1.5R       |       80 |       71 |       30 |   -26.6 |        -0.374 |            2.04 |
| crypto   | 1d   | nearest | 1.5R+trail |       80 |       71 |       30 |   -27.6 |        -0.389 |            2.04 |
| crypto   | 1d   | nearest | 1.5R+high  |       80 |       71 |       30 |   -27.6 |        -0.389 |            2.04 |
| crypto   | 1d   | hybrid  | 2R+BE      |       80 |       71 |       21 |   -28   |        -0.394 |            1.67 |
| crypto   | 1d   | hybrid  | 1.5R       |       80 |       71 |       28 |   -30.9 |        -0.435 |            1.67 |
| crypto   | 1d   | hybrid  | 1.5R+trail |       80 |       71 |       28 |   -30.3 |        -0.426 |            1.67 |
| crypto   | 1d   | hybrid  | 1.5R+high  |       80 |       71 |       28 |   -30.3 |        -0.426 |            1.67 |
| crypto   | 1w   | live    | 2R+BE      |        2 |        2 |      100 |     3.9 |         1.967 |            2.5  |
| crypto   | 1w   | live    | 1.5R       |        2 |        2 |      100 |     2.9 |         1.467 |            2.5  |
| crypto   | 1w   | live    | 1.5R+trail |        2 |        2 |      100 |     3.3 |         1.67  |            2.5  |
| crypto   | 1w   | live    | 1.5R+high  |        2 |        2 |      100 |     3.3 |         1.67  |            2.5  |
| crypto   | 1w   | touch   | 2R+BE      |        2 |        2 |       50 |     0   |         0.025 |          208.01 |
| crypto   | 1w   | touch   | 1.5R       |        2 |        2 |      100 |     1.5 |         0.77  |          208.01 |
| crypto   | 1w   | touch   | 1.5R+trail |        2 |        2 |      100 |     1.7 |         0.843 |          208.01 |
| crypto   | 1w   | touch   | 1.5R+high  |        2 |        2 |      100 |     1.7 |         0.843 |          208.01 |
| crypto   | 1w   | nearest | 2R+BE      |        2 |        2 |       50 |     0   |         0.025 |          208.01 |
| crypto   | 1w   | nearest | 1.5R       |        2 |        2 |      100 |     1.5 |         0.77  |          208.01 |
| crypto   | 1w   | nearest | 1.5R+trail |        2 |        2 |      100 |     1.7 |         0.843 |          208.01 |
| crypto   | 1w   | nearest | 1.5R+high  |        2 |        2 |      100 |     1.7 |         0.843 |          208.01 |
| crypto   | 1w   | hybrid  | 2R+BE      |        2 |        2 |       50 |     0   |         0.025 |          208.01 |
| crypto   | 1w   | hybrid  | 1.5R       |        2 |        2 |      100 |     1.5 |         0.77  |          208.01 |
| crypto   | 1w   | hybrid  | 1.5R+trail |        2 |        2 |      100 |     1.7 |         0.843 |          208.01 |
| crypto   | 1w   | hybrid  | 1.5R+high  |        2 |        2 |      100 |     1.7 |         0.843 |          208.01 |
| nse      | 4h   | live    | 2R+BE      |     1235 |      973 |       16 |  -312.7 |        -0.321 |            1    |
| nse      | 4h   | live    | 1.5R       |     1235 |      973 |       32 |  -333.5 |        -0.343 |            1    |
| nse      | 4h   | live    | 1.5R+trail |     1235 |      973 |       32 |  -270.2 |        -0.278 |            1    |
| nse      | 4h   | live    | 1.5R+high  |     1235 |      973 |       32 |  -289.2 |        -0.297 |            1    |
| nse      | 4h   | touch   | 2R+BE      |     1235 |      973 |       17 |  -696.7 |        -0.716 |            0.92 |
| nse      | 4h   | touch   | 1.5R       |     1235 |      973 |       28 |  -736.8 |        -0.757 |            0.92 |
| nse      | 4h   | touch   | 1.5R+trail |     1235 |      973 |       27 |  -647.5 |        -0.665 |            0.92 |
| nse      | 4h   | touch   | 1.5R+high  |     1235 |      973 |       27 |  -666.2 |        -0.685 |            0.92 |
| nse      | 4h   | nearest | 2R+BE      |     1235 |      973 |       18 |  -483.8 |        -0.497 |            1    |
| nse      | 4h   | nearest | 1.5R       |     1235 |      973 |       30 |  -528.3 |        -0.543 |            1    |
| nse      | 4h   | nearest | 1.5R+trail |     1235 |      973 |       29 |  -444.3 |        -0.457 |            1    |
| nse      | 4h   | nearest | 1.5R+high  |     1235 |      973 |       29 |  -462   |        -0.475 |            1    |
| nse      | 4h   | hybrid  | 2R+BE      |     1235 |      973 |       16 |  -728.5 |        -0.749 |            0.84 |
| nse      | 4h   | hybrid  | 1.5R       |     1235 |      973 |       27 |  -769.3 |        -0.791 |            0.84 |
| nse      | 4h   | hybrid  | 1.5R+trail |     1235 |      973 |       27 |  -677.4 |        -0.696 |            0.84 |
| nse      | 4h   | hybrid  | 1.5R+high  |     1235 |      973 |       27 |  -697.1 |        -0.716 |            0.84 |
| nse      | 1d   | live    | 2R+BE      |      678 |      577 |       15 |  -126.2 |        -0.219 |            1.5  |
| nse      | 1d   | live    | 1.5R       |      678 |      577 |       34 |  -139.6 |        -0.242 |            1.5  |
| nse      | 1d   | live    | 1.5R+trail |      678 |      577 |       34 |  -134.5 |        -0.233 |            1.5  |
| nse      | 1d   | live    | 1.5R+high  |      678 |      577 |       34 |  -137.2 |        -0.238 |            1.5  |
| nse      | 1d   | touch   | 2R+BE      |      678 |      577 |       17 |  -335   |        -0.581 |            1.18 |
| nse      | 1d   | touch   | 1.5R       |      678 |      577 |       30 |  -353.5 |        -0.613 |            1.18 |
| nse      | 1d   | touch   | 1.5R+trail |      678 |      577 |       30 |  -300.6 |        -0.521 |            1.18 |
| nse      | 1d   | touch   | 1.5R+high  |      678 |      577 |       30 |  -311.7 |        -0.54  |            1.18 |
| nse      | 1d   | nearest | 2R+BE      |      678 |      577 |       19 |  -208.1 |        -0.361 |            1.5  |
| nse      | 1d   | nearest | 1.5R       |      678 |      577 |       32 |  -229.1 |        -0.397 |            1.5  |
| nse      | 1d   | nearest | 1.5R+trail |      678 |      577 |       32 |  -192.1 |        -0.333 |            1.5  |
| nse      | 1d   | nearest | 1.5R+high  |      678 |      577 |       32 |  -197.3 |        -0.342 |            1.5  |
| nse      | 1d   | hybrid  | 2R+BE      |      678 |      577 |       17 |  -341.2 |        -0.591 |            1.06 |
| nse      | 1d   | hybrid  | 1.5R       |      678 |      577 |       30 |  -359.1 |        -0.622 |            1.06 |
| nse      | 1d   | hybrid  | 1.5R+trail |      678 |      577 |       30 |  -301.2 |        -0.522 |            1.06 |
| nse      | 1d   | hybrid  | 1.5R+high  |      678 |      577 |       30 |  -312.3 |        -0.541 |            1.06 |
| nse      | 1w   | live    | 2R+BE      |      107 |       88 |       22 |   -23   |        -0.262 |            2.5  |
| nse      | 1w   | live    | 1.5R       |      107 |       88 |       35 |   -19.8 |        -0.225 |            2.5  |
| nse      | 1w   | live    | 1.5R+trail |      107 |       88 |       35 |   -27.2 |        -0.309 |            2.5  |
| nse      | 1w   | live    | 1.5R+high  |      107 |       88 |       35 |   -27.5 |        -0.313 |            2.5  |
| nse      | 1w   | touch   | 2R+BE      |      107 |       88 |       19 |   -26.3 |        -0.299 |            2.5  |
| nse      | 1w   | touch   | 1.5R       |      107 |       88 |       30 |   -26.2 |        -0.298 |            2.5  |
| nse      | 1w   | touch   | 1.5R+trail |      107 |       88 |       30 |   -24.7 |        -0.28  |            2.5  |
| nse      | 1w   | touch   | 1.5R+high  |      107 |       88 |       30 |   -25   |        -0.284 |            2.5  |
| nse      | 1w   | nearest | 2R+BE      |      107 |       88 |       17 |   -39.1 |        -0.444 |            2.51 |
| nse      | 1w   | nearest | 1.5R       |      107 |       88 |       27 |   -37.7 |        -0.428 |            2.51 |
| nse      | 1w   | nearest | 1.5R+trail |      107 |       88 |       27 |   -38.8 |        -0.441 |            2.51 |
| nse      | 1w   | nearest | 1.5R+high  |      107 |       88 |       27 |   -39.3 |        -0.447 |            2.51 |
| nse      | 1w   | hybrid  | 2R+BE      |      107 |       88 |       19 |   -29.8 |        -0.339 |            2.37 |
| nse      | 1w   | hybrid  | 1.5R       |      107 |       88 |       30 |   -29.7 |        -0.337 |            2.37 |
| nse      | 1w   | hybrid  | 1.5R+trail |      107 |       88 |       30 |   -28.1 |        -0.32  |            2.37 |
| nse      | 1w   | hybrid  | 1.5R+high  |      107 |       88 |       30 |   -28.5 |        -0.323 |            2.37 |
| nse      | 1M   | live    | 2R+BE      |        8 |        8 |       25 |    -0.3 |        -0.034 |            3    |
| nse      | 1M   | live    | 1.5R       |        8 |        8 |       25 |    -2.3 |        -0.289 |            3    |
| nse      | 1M   | live    | 1.5R+trail |        8 |        8 |       25 |    -1.9 |        -0.239 |            3    |
| nse      | 1M   | live    | 1.5R+high  |        8 |        8 |       25 |    -1.9 |        -0.239 |            3    |
| nse      | 1M   | touch   | 2R+BE      |        8 |        8 |       50 |    -0.1 |        -0.007 |           25.29 |
| nse      | 1M   | touch   | 1.5R       |        8 |        8 |       50 |    -0.1 |        -0.007 |           25.29 |
| nse      | 1M   | touch   | 1.5R+trail |        8 |        8 |       50 |    -0.1 |        -0.007 |           25.29 |
| nse      | 1M   | touch   | 1.5R+high  |        8 |        8 |       50 |    -0.1 |        -0.007 |           25.29 |
| nse      | 1M   | nearest | 2R+BE      |        8 |        8 |       38 |     0.6 |         0.079 |           19.19 |
| nse      | 1M   | nearest | 1.5R       |        8 |        8 |       38 |    -0.9 |        -0.111 |           19.19 |
| nse      | 1M   | nearest | 1.5R+trail |        8 |        8 |       38 |    -1   |        -0.129 |           19.19 |
| nse      | 1M   | nearest | 1.5R+high  |        8 |        8 |       38 |    -1   |        -0.129 |           19.19 |
| nse      | 1M   | hybrid  | 2R+BE      |        8 |        8 |       38 |     0.6 |         0.079 |           19.19 |
| nse      | 1M   | hybrid  | 1.5R       |        8 |        8 |       38 |    -0.9 |        -0.111 |           19.19 |
| nse      | 1M   | hybrid  | 1.5R+trail |        8 |        8 |       38 |    -1   |        -0.129 |           19.19 |
| nse      | 1M   | hybrid  | 1.5R+high  |        8 |        8 |       38 |    -1   |        -0.129 |           19.19 |

# AVAX 1D trendline alerts (chart check)

