== HYPEUSD 1d ==
zones from bitunix: 560 candles 2025-03-27 00:00 UTC -> 2026-10-07 00:00 UTC, last close 88.63
  candle 2026-10-05 00:00 UTC o 90.55 h 95.3 l 89.975 c 94.151 v 463415.32
  candle 2026-10-06 00:00 UTC o 94.151 h 94.947 l 91.211 c 91.929 v 262108.66
  candle 2026-10-07 00:00 UTC o 91.929 h 92.199 l 87.983 c 88.63 v 269071.46
  SUPPLY 97.8270 - 98.0000  from 2026-09-24 00:00 UTC (too young to alert)
  DEMAND 75.1320 - 75.7331  from 2026-09-25 00:00 UTC (too young to alert)
  DEMAND 51.1110 - 51.5000  from 2026-08-03 00:00 UTC
  DEMAND 38.1610 - 38.4663  from 2026-05-15 00:00 UTC
  DEMAND 34.4230 - 34.6984  from 2026-04-12 00:00 UTC
  DEMAND 25.6280 - 25.6360  from 2026-03-06 00:00 UTC
  DEMAND 20.4830 - 20.6469  from 2026-01-22 00:00 UTC
fib/trendlines from bitunix: 559 closed candles 2025-03-27 00:00 UTC -> 2026-10-06 00:00 UTC
  FIB UP base 75.132 (2026-09-15 00:00 UTC) top 98.0 (2026-09-23 00:00 UTC)
    {'zone': 1, 'low': 87.7094, 'high': 90.22488, 'sl': 89.09291400000001, 'entry': 90.22488}
    {'zone': 2, 'low': 82.90712, 'high': 85.4226, 'sl': 84.29063400000001, 'entry': 85.4226}
  RES 49.91 (2025-07-14 00:00 UTC) -> 49.54 (2025-08-15 00:00 UTC) broken 2025-09-08 00:00 UTC, now at 44.7069
  RES 59.34 (2025-09-19 00:00 UTC) -> 51.47 (2025-10-05 00:00 UTC) broken 2025-10-25 00:00 UTC, now at -129.0481
  RES 51.47 (2025-10-05 00:00 UTC) -> 50.09 (2025-10-30 00:00 UTC) broken 2026-04-10 00:00 UTC, now at 31.2116
  RES 50.09 (2025-10-30 00:00 UTC) -> 28.386 (2026-01-07 00:00 UTC) broken 2026-01-17 00:00 UTC, now at -57.4863
  SUP 20.483 (2026-01-21 00:00 UTC) -> 25.628 (2026-02-24 00:00 UTC) live, now at 59.6758
  SUP 26.078 (2026-02-28 00:00 UTC) -> 34.423 (2026-04-02 00:00 UTC) broken 2026-04-28 00:00 UTC, now at 81.9642
  SUP 34.423 (2026-04-02 00:00 UTC) -> 38.7 (2026-04-30 00:00 UTC) broken 2026-05-12 00:00 UTC, now at 63.1400
  SUP 38.161 (2026-05-14 00:00 UTC) -> 52.621 (2026-06-10 00:00 UTC) broken 2026-06-27 00:00 UTC, now at 116.3521
  SUP 52.855 (2026-06-11 00:00 UTC) -> 58.52 (2026-06-25 00:00 UTC) broken 2026-07-13 00:00 UTC, now at 100.6029
  RES 76.978 (2026-06-16 00:00 UTC) -> 73.0 (2026-07-07 00:00 UTC) broken 2026-08-19 00:00 UTC, now at 55.5726
  SUP 58.039 (2026-08-19 00:00 UTC) -> 75.132 (2026-09-15 00:00 UTC) live, now at 89.0596
== LTCUSD 4h ==
zones from bitunix: 1500 candles 2026-01-30 16:00 UTC -> 2026-10-07 12:00 UTC, last close 66.14
  candle 2026-10-07 04:00 UTC o 67.8 h 67.97 l 67.24 c 67.75 v 6139.756
  candle 2026-10-07 08:00 UTC o 67.75 h 67.81 l 66.55 c 66.95 v 13733.795
  candle 2026-10-07 12:00 UTC o 66.95 h 67.17 l 65.72 c 66.14 v 27333.305
  SUPPLY 74.3849 - 74.9800  from 2026-09-26 12:00 UTC
  SUPPLY 71.7300 - 72.2500  from 2026-10-06 04:00 UTC (too young to alert)
  DEMAND 65.6100 - 66.1349  from 2026-10-02 08:00 UTC
  DEMAND 58.5300 - 58.9000  from 2026-09-25 04:00 UTC
  DEMAND 52.4600 - 52.7000  from 2026-09-17 16:00 UTC
  DEMAND 47.3900 - 47.6700  from 2026-08-31 00:00 UTC
  DEMAND 43.8100 - 44.1000  from 2026-08-19 00:00 UTC
  DEMAND 43.3700 - 43.6100  from 2026-08-14 20:00 UTC
  DEMAND 42.8900 - 43.0600  from 2026-07-13 20:00 UTC
  DEMAND 41.1100 - 41.4389  from 2026-07-03 04:00 UTC
  DEMAND 39.2600 - 39.5741  from 2026-06-25 16:00 UTC
fib/trendlines from bitunix: 9803 closed candles 2022-04-17 16:00 UTC -> 2026-10-07 08:00 UTC
  FIB UP base 58.53 (2026-09-23 12:00 UTC) top 74.98 (2026-09-26 08:00 UTC)
    {'zone': 1, 'low': 67.5775, 'high': 69.387, 'sl': 68.572725, 'entry': 69.387}
    {'zone': 2, 'low': 64.123, 'high': 65.9325, 'sl': 65.11822500000001, 'entry': 65.9325}
  SUP 44.06 (2026-07-17 12:00 UTC) -> 45.75 (2026-07-25 08:00 UTC) broken 2026-07-27 20:00 UTC, now at 61.7511
  RES 46.45 (2026-08-09 16:00 UTC) -> 45.64 (2026-08-12 12:00 UTC) broken 2026-08-16 12:00 UTC, now at 29.6306
  RES 45.64 (2026-08-12 12:00 UTC) -> 44.79 (2026-08-16 12:00 UTC) broken 2026-08-18 04:00 UTC, now at 33.7400
  SUP 43.37 (2026-08-14 16:00 UTC) -> 43.81 (2026-08-17 08:00 UTC) live, now at 52.2525
  RES 55.49 (2026-08-22 04:00 UTC) -> 54.09 (2026-08-24 08:00 UTC) broken 2026-09-01 08:00 UTC, now at 25.5515
  SUP 44.2 (2026-08-18 20:00 UTC) -> 47.94 (2026-08-28 16:00 UTC) broken 2026-08-30 20:00 UTC, now at 63.0902
  RES 54.09 (2026-08-24 08:00 UTC) -> 50.1 (2026-08-30 16:00 UTC) broken 2026-09-01 08:00 UTC, now at 26.2650
  SUP 47.39 (2026-08-30 20:00 UTC) -> 51.6 (2026-09-10 12:00 UTC) broken 2026-09-14 20:00 UTC, now at 62.2566
  RES 59.41 (2026-09-07 12:00 UTC) -> 55.24 (2026-09-13 16:00 UTC) broken 2026-09-17 08:00 UTC, now at 39.1235
  SUP 50.19 (2026-09-16 16:00 UTC) -> 58.53 (2026-09-23 12:00 UTC) broken 2026-09-30 16:00 UTC, now at 75.6168
  SUP 58.53 (2026-09-23 12:00 UTC) -> 65.61 (2026-09-30 16:00 UTC) broken 2026-10-05 12:00 UTC, now at 72.3607
  RES 74.98 (2026-09-26 08:00 UTC) -> 72.25 (2026-10-04 12:00 UTC) live, now at 71.2471
== HYPEUSD 4h ==
zones from bitunix: 1500 candles 2026-01-30 16:00 UTC -> 2026-10-07 12:00 UTC, last close 88.686
  candle 2026-10-07 04:00 UTC o 90.759 h 91.302 l 90.078 c 90.783 v 37102.04
  candle 2026-10-07 08:00 UTC o 90.783 h 91.009 l 88.831 c 89.044 v 78222.53
  candle 2026-10-07 12:00 UTC o 89.044 h 89.496 l 87.983 c 88.686 v 73397.47
  SUPPLY 97.6730 - 98.0000  from 2026-09-23 08:00 UTC
  SUPPLY 94.9470 - 95.3000  from 2026-10-06 00:00 UTC (too young to alert)
  DEMAND 84.5170 - 85.1931  from 2026-09-30 16:00 UTC
  DEMAND 75.1320 - 75.7331  from 2026-09-15 20:00 UTC
  DEMAND 58.0390 - 58.1700  from 2026-08-20 20:00 UTC
  DEMAND 55.3400 - 55.6350  from 2026-08-16 08:00 UTC
  DEMAND 53.3390 - 53.7657  from 2026-08-09 08:00 UTC
  DEMAND 51.1110 - 51.3140  from 2026-08-02 12:00 UTC
  DEMAND 40.3530 - 40.6758  from 2026-05-18 00:00 UTC
  DEMAND 38.1610 - 38.3220  from 2026-05-14 04:00 UTC
  DEMAND 34.4230 - 34.6550  from 2026-04-02 16:00 UTC
  DEMAND 29.4480 - 29.5200  from 2026-03-08 08:00 UTC
  DEMAND 25.6280 - 25.8330  from 2026-02-24 04:00 UTC
fib/trendlines from bitunix: 3355 closed candles 2025-03-27 08:00 UTC -> 2026-10-07 08:00 UTC
  FIB UP base 75.132 (2026-09-15 16:00 UTC) top 98.0 (2026-09-23 04:00 UTC)
    {'zone': 1, 'low': 87.7094, 'high': 90.22488, 'sl': 89.09291400000001, 'entry': 90.22488}
    {'zone': 2, 'low': 82.90712, 'high': 85.4226, 'sl': 84.29063400000001, 'entry': 85.4226}
  RES 60.42 (2026-07-27 08:00 UTC) -> 56.139 (2026-07-31 00:00 UTC) broken 2026-08-03 08:00 UTC, now at -23.8379
  SUP 76.776 (2026-08-24 16:00 UTC) -> 78.521 (2026-08-28 16:00 UTC) broken 2026-09-09 20:00 UTC, now at 95.8983
  SUP 78.521 (2026-08-28 16:00 UTC) -> 79.015 (2026-08-30 20:00 UTC) broken 2026-09-10 12:00 UTC, now at 87.6030
  RES 86.748 (2026-08-27 16:00 UTC) -> 85.35 (2026-08-31 20:00 UTC) broken 2026-09-03 12:00 UTC, now at 73.0476
  SUP 79.015 (2026-08-30 20:00 UTC) -> 80.257 (2026-09-02 08:00 UTC) broken 2026-09-08 08:00 UTC, now at 97.7278
  SUP 80.257 (2026-09-02 08:00 UTC) -> 81.566 (2026-09-08 12:00 UTC) broken 2026-09-10 12:00 UTC, now at 87.7218
  RES 89.657 (2026-09-06 12:00 UTC) -> 87.068 (2026-09-09 16:00 UTC) broken 2026-09-17 12:00 UTC, now at 64.3121
  RES 87.068 (2026-09-09 16:00 UTC) -> 82.467 (2026-09-14 20:00 UTC) broken 2026-09-17 12:00 UTC, now at 62.2820
  SUP 75.132 (2026-09-15 16:00 UTC) -> 89.833 (2026-09-24 08:00 UTC) broken 2026-09-26 00:00 UTC, now at 112.1672
  RES 98.0 (2026-09-23 04:00 UTC) -> 93.873 (2026-09-27 04:00 UTC) broken 2026-09-30 20:00 UTC, now at 83.2116
  RES 93.873 (2026-09-27 04:00 UTC) -> 91.902 (2026-09-30 20:00 UTC) broken 2026-10-04 08:00 UTC, now at 88.3184
  SUP 84.517 (2026-09-30 12:00 UTC) -> 86.089 (2026-10-02 20:00 UTC) broken 2026-10-07 08:00 UTC, now at 89.2330
== BTCUSD 4h ==
zones from bitunix: 1500 candles 2026-01-30 16:00 UTC -> 2026-10-07 12:00 UTC, last close 83213.4
  candle 2026-10-07 04:00 UTC o 84105.0 h 84362.0 l 83993.8 c 84094.6 v 1923.9827
  candle 2026-10-07 08:00 UTC o 84094.6 h 84139.2 l 83372.8 c 83706.5 v 5078.8228
  candle 2026-10-07 12:00 UTC o 83706.5 h 83730.8 l 82713.7 c 83213.4 v 8372.1849
  SUPPLY 86869.4000 - 87378.8000  from 2026-09-22 00:00 UTC
  DEMAND 82500.5000 - 82914.3000  from 2026-09-28 16:00 UTC
  DEMAND 74909.5000 - 75096.1000  from 2026-09-15 20:00 UTC
  DEMAND 62233.8000 - 62502.2000  from 2026-08-01 20:00 UTC
  DEMAND 61297.3000 - 61787.6784  from 2026-07-08 04:00 UTC
  DEMAND 57773.0000 - 58235.1840  from 2026-07-01 04:00 UTC
fib/trendlines from bitunix: 9803 closed candles 2022-04-17 16:00 UTC -> 2026-10-07 08:00 UTC
  FIB UP base 74909.5 (2026-09-15 16:00 UTC) top 87378.8 (2026-09-21 20:00 UTC)
    {'zone': 1, 'low': 81767.615, 'high': 83139.238, 'sl': 82522.00765, 'entry': 83139.238}
    {'zone': 2, 'low': 79149.062, 'high': 80520.685, 'sl': 79903.45465, 'entry': 80520.685}
  SUP 62499.9 (2026-08-14 12:00 UTC) -> 62681.3 (2026-08-16 20:00 UTC) live, now at 66698.0143
  SUP 64440.0 (2026-08-19 12:00 UTC) -> 75590.0 (2026-08-23 04:00 UTC) broken 2026-08-24 20:00 UTC, now at 213444.5455
  SUP 75590.0 (2026-08-23 04:00 UTC) -> 77601.4 (2026-08-26 12:00 UTC) broken 2026-08-28 12:00 UTC, now at 102945.0400
  SUP 76853.1 (2026-08-28 16:00 UTC) -> 76954.2 (2026-08-30 20:00 UTC) broken 2026-09-02 08:00 UTC, now at 78711.7846
  RES 82263.1 (2026-09-03 20:00 UTC) -> 80524.6 (2026-09-06 20:00 UTC) broken 2026-09-09 04:00 UTC, now at 62753.2667
  SUP 76209.2 (2026-09-02 08:00 UTC) -> 77600.1 (2026-09-08 12:00 UTC) broken 2026-09-10 08:00 UTC, now at 84141.0892
  RES 80524.6 (2026-09-06 20:00 UTC) -> 79735.0 (2026-09-09 08:00 UTC) broken 2026-09-14 12:00 UTC, now at 70838.8400
  RES 79859.8 (2026-09-11 12:00 UTC) -> 79569.9 (2026-09-14 20:00 UTC) broken 2026-09-18 12:00 UTC, now at 77598.5800
  SUP 76256.0 (2026-09-18 00:00 UTC) -> 82833.1 (2026-09-24 08:00 UTC) broken 2026-09-26 00:00 UTC, now at 96506.5447
  RES 87247.3 (2026-09-23 04:00 UTC) -> 85224.0 (2026-09-25 08:00 UTC) broken 2026-09-27 00:00 UTC, now at 73862.3923
  RES 85224.0 (2026-09-25 08:00 UTC) -> 85139.5 (2026-09-27 12:00 UTC) broken 2026-10-02 00:00 UTC, now at 84749.5000
  RES 87241.6 (2026-10-02 12:00 UTC) -> 86969.7 (2026-10-05 00:00 UTC) live, now at 86697.8000
