== LINKUSD 1d bitunix: 1636 candles 2022-04-17 00:00 -> 2026-10-08 00:00

-- BOT RULES --
2026-07-01 00:00  TL SELL      line 10.7680@2026-05-14 00:00 -> 8.5910@2026-06-15 00:00 level 7.5025
2026-07-02 00:00  TL BRK RES   line 10.7680@2026-05-14 00:00 -> 8.5910@2026-06-15 00:00
2026-07-20 00:00  TL SELL      line 14.4030@2026-01-14 00:00 -> 10.8690@2026-05-10 00:00 level 8.7059
2026-07-26 00:00  TL BRK RES   line 14.4030@2026-01-14 00:00 -> 10.8690@2026-05-10 00:00
2026-07-26 00:00  TL SELL      line 14.4030@2026-01-14 00:00 -> 10.8690@2026-05-10 00:00 level 8.5232
2026-08-11 00:00  TL BRK RES   line 10.8020@2026-05-13 00:00 -> 8.9150@2026-07-27 00:00
2026-08-11 00:00  TL SELL      line 10.8020@2026-05-13 00:00 -> 8.9150@2026-07-27 00:00 level 8.5376
2026-08-15 00:00  FIB SELL     zone 9.1239-9.5505 entry 9.1239 sl 9.6571 base 10.869 top 6.991
2026-08-19 00:00  TL SELL      line 15.0020@2025-12-09 00:00 -> 14.4030@2026-01-14 00:00 level 10.7924
2026-08-21 00:00  TL BRK RES   line 15.0020@2025-12-09 00:00 -> 14.4030@2026-01-14 00:00
2026-09-06 00:00  TL BRK RES   line 14.4030@2026-01-14 00:00 -> 12.6150@2026-08-22 00:00
2026-09-06 00:00  TL SELL      line 14.4030@2026-01-14 00:00 -> 12.6150@2026-08-22 00:00 level 12.4931
2026-09-12 00:00  TL BRK SUP   line 8.1610@2026-08-10 00:00 -> 10.9050@2026-09-02 00:00
2026-09-24 00:00  TL SELL      line 14.4030@2026-01-14 00:00 -> 13.6750@2026-09-07 00:00 level 13.6226
2026-09-25 00:00  TL BRK RES   line 14.4030@2026-01-14 00:00 -> 13.6750@2026-09-07 00:00
2026-10-08 00:00  FIB BUY      zone 12.3620-12.9292 entry 12.9292 sl 12.2203 base 10.609 top 15.765
2026-10-08 00:00  TL BUY       line 8.1610@2026-08-10 00:00 -> 10.6090@2026-09-16 00:00 level 12.0646

-- PINE v12.7.3 --
2026-07-01 00:00  TL SELL      level 7.5025
2026-07-02 00:00  TL BRK RES   
2026-07-02 00:00  TL SELL      level 7.4345
2026-07-20 00:00  TL SELL      level 8.7059
2026-07-21 00:00  TL SELL      level 8.6755
2026-07-24 00:00  TL SELL      level 8.5841
2026-07-26 00:00  TL BRK RES   
2026-07-26 00:00  TL SELL      level 8.5232
2026-08-11 00:00  TL BRK RES   
2026-08-11 00:00  TL SELL      level 8.5376
2026-08-15 00:00  FIB SELL     zone 9.1239-9.5505
2026-08-19 00:00  TL SELL      level 10.7924
2026-08-20 00:00  TL SELL      level 10.7757
2026-08-21 00:00  TL BRK RES   
2026-08-21 00:00  TL SELL      level 10.7591
2026-09-06 00:00  TL BRK RES   
2026-09-06 00:00  TL SELL      level 12.4931
2026-09-12 00:00  TL BRK SUP   
2026-09-24 00:00  TL SELL      level 13.6226
2026-09-25 00:00  TL BRK RES   
2026-09-25 00:00  TL SELL      level 13.6195
2026-10-08 00:00  FIB BUY      zone 12.3620-12.9292
2026-10-08 00:00  TL BUY       level 12.0646

-- ONLY ON CHART (Pine) --
2026-07-02 00:00  TL SELL
2026-07-21 00:00  TL SELL
2026-07-24 00:00  TL SELL
2026-08-20 00:00  TL SELL
2026-08-21 00:00  TL SELL
2026-09-25 00:00  TL SELL

-- ONLY IN BOT RULES --
== HYPEUSD 1d bitunix: 561 candles 2025-03-27 00:00 -> 2026-10-08 00:00

-- BOT RULES --
2026-07-13 00:00  TL BRK SUP   line 52.8550@2026-06-11 00:00 -> 58.5200@2026-06-25 00:00
2026-07-13 00:00  TL BUY       line 52.8550@2026-06-11 00:00 -> 58.5200@2026-06-25 00:00 level 65.8036
2026-08-19 00:00  FIB SELL     zone 65.3379-68.1832 entry 65.3379 sl 68.8946 base 76.978 top 51.111
2026-08-19 00:00  TL BRK RES   line 76.9780@2026-06-16 00:00 -> 73.0000@2026-07-07 00:00
2026-08-19 00:00  TL SELL      line 76.9780@2026-06-16 00:00 -> 73.0000@2026-07-07 00:00 level 64.8546
2026-09-29 00:00  FIB BUY      zone 82.9071-85.4226 entry 85.4226 sl 82.2783 base 75.132 top 98.0
2026-09-30 00:00  TL BUY       line 58.0390@2026-08-19 00:00 -> 75.1320@2026-09-15 00:00 level 84.6281
2026-10-02 00:00  TL BUY       line 58.0390@2026-08-19 00:00 -> 75.1320@2026-09-15 00:00 level 85.8943
2026-10-07 00:00  TL BRK SUP   line 58.0390@2026-08-19 00:00 -> 75.1320@2026-09-15 00:00
2026-10-07 00:00  TL BUY       line 58.0390@2026-08-19 00:00 -> 75.1320@2026-09-15 00:00 level 89.0596

-- PINE v12.7.3 --
2026-07-13 00:00  TL BRK SUP   
2026-07-13 00:00  TL BUY       level 65.8036
2026-08-19 00:00  FIB SELL     zone 65.3379-68.1832
2026-08-19 00:00  TL BRK RES   
2026-08-19 00:00  TL SELL      level 64.8546
2026-09-29 00:00  FIB BUY      zone 82.9071-85.4226
2026-09-30 00:00  TL BUY       level 84.6281
2026-10-02 00:00  TL BUY       level 85.8943
2026-10-07 00:00  TL BRK SUP   
2026-10-07 00:00  TL BUY       level 89.0596

-- ONLY ON CHART (Pine) --

-- ONLY IN BOT RULES --
== AVAXUSD 1d bitunix: 1636 candles 2022-04-17 00:00 -> 2026-10-08 00:00

-- BOT RULES --
2026-07-14 00:00  TL BRK RES   line 10.4830@2026-05-10 00:00 -> 7.1100@2026-07-04 00:00
2026-07-23 00:00  TL BRK SUP   line 5.6760@2026-06-19 00:00 -> 6.2740@2026-07-12 00:00
2026-07-23 00:00  TL BUY       line 5.6760@2026-06-19 00:00 -> 6.2740@2026-07-12 00:00 level 6.5600
2026-08-19 00:00  TL SELL      line 7.1100@2026-07-04 00:00 -> 6.9820@2026-08-04 00:00 level 6.9201
2026-08-20 00:00  TL BRK RES   line 7.1100@2026-07-04 00:00 -> 6.9820@2026-08-04 00:00
2026-08-22 00:00  FIB SELL     zone 8.3523-8.8876 entry 8.3523 sl 9.0214 base 10.542 top 5.676
2026-09-07 00:00  TL BRK RES   line 10.4830@2026-05-10 00:00 -> 8.3280@2026-08-22 00:00
2026-09-07 00:00  TL SELL      line 10.4830@2026-05-10 00:00 -> 8.3280@2026-08-22 00:00 level 7.9965
2026-09-18 00:00  TL BRK RES   line 8.3280@2026-08-22 00:00 -> 8.1970@2026-09-07 00:00
2026-09-18 00:00  TL SELL      line 8.3280@2026-08-22 00:00 -> 8.1970@2026-09-07 00:00 level 8.1069
2026-09-20 00:00  TL BRK RES   line 10.5420@2026-03-17 00:00 -> 10.4830@2026-05-10 00:00
2026-09-20 00:00  TL SELL      line 10.5420@2026-03-17 00:00 -> 10.4830@2026-05-10 00:00 level 10.3377

-- PINE v12.7.3 --
2026-07-14 00:00  TL BRK RES   
2026-07-23 00:00  TL BRK SUP   
2026-07-23 00:00  TL BUY       level 6.5600
2026-08-19 00:00  TL SELL      level 6.9201
2026-08-20 00:00  TL BRK RES   
2026-08-20 00:00  TL SELL      level 6.9159
2026-08-22 00:00  FIB SELL     zone 8.3523-8.8876
2026-09-07 00:00  TL BRK RES   
2026-09-07 00:00  TL SELL      level 7.9965
2026-09-18 00:00  TL BRK RES   
2026-09-18 00:00  TL SELL      level 8.1069
2026-09-20 00:00  TL BRK RES   
2026-09-20 00:00  TL SELL      level 10.3377

-- ONLY ON CHART (Pine) --
2026-08-20 00:00  TL SELL

-- ONLY IN BOT RULES --
== AVAXUSD 4h bitunix: 9810 candles 2022-04-17 16:00 -> 2026-10-09 04:00

-- BOT RULES --
2026-09-26 08:00  TL BUY       line 7.5840@2026-09-18 00:00 -> 9.9720@2026-09-24 12:00 level 10.6455
2026-09-26 16:00  TL BRK SUP   line 7.5840@2026-09-18 00:00 -> 9.9720@2026-09-24 12:00
2026-09-29 04:00  TL BRK RES   line 11.7990@2026-09-21 00:00 -> 11.2770@2026-09-27 08:00
2026-09-29 04:00  TL SELL      line 11.7990@2026-09-21 00:00 -> 11.2770@2026-09-27 08:00 level 11.1259
2026-09-30 12:00  FIB BUY      zone 10.6639-10.8878 entry 10.8878 sl 10.6079 base 9.972 top 12.007
2026-10-04 04:00  TL BRK RES   line 12.0070@2026-09-29 12:00 -> 11.2660@2026-10-02 12:00
2026-10-07 12:00  TL BUY       line 10.4320@2026-10-02 16:00 -> 10.7740@2026-10-05 16:00 level 10.9830
2026-10-07 20:00  TL BUY       line 10.4320@2026-10-02 16:00 -> 10.7740@2026-10-05 16:00 level 11.0210
2026-10-08 00:00  TL BRK SUP   line 10.4320@2026-10-02 16:00 -> 10.7740@2026-10-05 16:00
2026-10-08 04:00  TL BUY       line 10.1440@2026-09-28 12:00 -> 10.4320@2026-10-02 16:00 level 10.8122
2026-10-08 08:00  TL BRK SUP   line 10.1440@2026-09-28 12:00 -> 10.4320@2026-10-02 16:00
2026-10-08 12:00  TL BRK SUP   line 9.9720@2026-09-24 12:00 -> 10.1440@2026-09-28 12:00
2026-10-08 12:00  TL BUY       line 9.9720@2026-09-24 12:00 -> 10.1440@2026-09-28 12:00 level 10.5740

-- PINE v12.7.3 --
2026-09-26 08:00  TL BUY       level 10.6455
2026-09-26 12:00  TL BUY       level 10.7068
2026-09-26 16:00  TL BRK SUP   
2026-09-26 16:00  TL BUY       level 10.7680
2026-09-29 04:00  TL BRK RES   
2026-09-29 04:00  TL SELL      level 11.1259
2026-09-30 12:00  FIB BUY      zone 10.6639-10.8878
2026-10-04 04:00  TL BRK RES   
2026-10-07 12:00  TL BUY       level 10.9830
2026-10-07 20:00  TL BUY       level 11.0210
2026-10-08 00:00  TL BRK SUP   
2026-10-08 00:00  TL BUY       level 11.0400
2026-10-08 04:00  TL BUY       level 10.8122
2026-10-08 08:00  TL BRK SUP   
2026-10-08 12:00  TL BRK SUP   
2026-10-08 12:00  TL BUY       level 10.5740

-- ONLY ON CHART (Pine) --
2026-09-26 12:00  TL BUY
2026-09-26 16:00  TL BUY
2026-10-08 00:00  TL BUY

-- ONLY IN BOT RULES --
