SOXLBUSD: delta 152, bitunix 236
SNDKBUSD: delta 146, bitunix 176
METAXUSD: delta 274, bitunix 546
TSLAXUSD: delta 335, bitunix 702
MRVL/USDT:USDT: delta 115, bitunix 200
NVDAXUSD: delta 215, bitunix 562
# Fib + trendline: Delta vs Bitunix candles

Live timeframes 4h, 1d, 1w, 1M; 6 crypto symbols; each timeframe cut to the window both venues cover (plus 60 bars of warm-up). 'random' is the no-edge control. Fees: Delta.

| source                      | kind      | tf   |   alerts |   filled |   win_1r |   net_R_at_2R |   R_per_trade_2R |   net_R_at_1R |
|:----------------------------|:----------|:-----|---------:|---------:|---------:|--------------:|-----------------:|--------------:|
| bitunix (graded on bitunix) | fib       | 1d   |        7 |        7 |    0.833 |         6.800 |            0.965 |         3.800 |
| bitunix (graded on delta)   | fib       | 1d   |        7 |        7 |    1.000 |         7.800 |            1.116 |         5.800 |
| delta (graded on delta)     | fib       | 1d   |        7 |        7 |    0.800 |         4.800 |            0.682 |         2.800 |
| bitunix (graded on bitunix) | fib       | 4h   |       43 |       29 |    0.611 |         6.100 |            0.210 |         2.600 |
| bitunix (graded on delta)   | fib       | 4h   |       43 |       28 |    0.632 |         6.300 |            0.226 |         3.600 |
| delta (graded on delta)     | fib       | 4h   |       29 |       22 |    0.692 |         5.500 |            0.251 |         4.200 |
| bitunix (graded on bitunix) | random    | 1d   |      244 |      232 |    0.450 |         0.700 |            0.003 |       -34.100 |
| bitunix (graded on delta)   | random    | 1d   |      244 |      229 |    0.447 |        -1.200 |           -0.005 |       -35.000 |
| delta (graded on delta)     | random    | 1d   |      197 |      184 |    0.500 |         7.400 |            0.040 |       -11.400 |
| bitunix (graded on bitunix) | random    | 4h   |      412 |      311 |    0.407 |       -57.800 |           -0.186 |       -73.500 |
| bitunix (graded on delta)   | random    | 4h   |      412 |      304 |    0.405 |       -60.600 |           -0.199 |       -74.300 |
| delta (graded on delta)     | random    | 4h   |      482 |      373 |    0.384 |       -88.200 |           -0.237 |      -108.400 |
| bitunix (graded on bitunix) | trendline | 1d   |       41 |       37 |    0.250 |       -15.000 |           -0.406 |       -19.200 |
| bitunix (graded on delta)   | trendline | 1d   |       41 |       37 |    0.233 |       -16.000 |           -0.431 |       -19.100 |
| delta (graded on delta)     | trendline | 1d   |       46 |       44 |    0.364 |       -11.900 |           -0.270 |       -12.100 |
| bitunix (graded on bitunix) | trendline | 4h   |      464 |      316 |    0.366 |       -90.300 |           -0.286 |      -105.900 |
| bitunix (graded on delta)   | trendline | 4h   |      464 |      310 |    0.347 |      -106.400 |           -0.343 |      -114.000 |
| delta (graded on delta)     | trendline | 4h   |      476 |      316 |    0.397 |       -73.600 |           -0.233 |       -87.800 |

