HYPEUSD 1d bitunix: 559 bars 25-03-27 00:00 -> 26-10-06 00:00
  SUP 9.3500 (25-04-07 00:00) -> 30.9100 (25-06-21 00:00) broken 25-07-31 00:00 trimmed 25-12-29 00:00
  SUP 9.3500 (25-04-07 00:00) -> 35.4700 (25-08-02 00:00) broken 25-09-23 00:00 trimmed 26-01-31 00:00
  RES 49.9100 (25-07-14 00:00) -> 49.5400 (25-08-15 00:00) broken 25-09-08 00:00 trimmed 26-04-26 00:00
  SUP 35.4700 (25-08-02 00:00) -> 40.4100 (25-08-21 00:00) broken 25-09-01 00:00 trimmed 26-03-06 00:00
  SUP 9.3500 (25-04-07 00:00) -> 39.7200 (25-09-25 00:00) broken 25-10-10 00:00 trimmed 26-04-12 00:00
  RES 59.5100 (25-09-18 00:00) -> 51.4700 (25-10-05 00:00) broken 25-10-25 00:00 trimmed 26-07-17 00:00
  SUP 9.3500 (25-04-07 00:00) -> 30.0800 (25-10-10 00:00) broken 25-11-21 00:00 trimmed 26-05-10 00:00
  RES 59.5100 (25-09-18 00:00) -> 50.0900 (25-10-30 00:00) broken 26-01-27 00:00
  SUP 30.0800 (25-10-10 00:00) -> 35.4200 (25-11-04 00:00) broken 25-11-14 00:00 trimmed 26-05-24 00:00
  SUP 9.3500 (25-04-07 00:00) -> 22.2000 (25-12-19 00:00) broken 26-01-19 00:00 trimmed 26-06-20 00:00
  RES 50.0900 (25-10-30 00:00) -> 28.3860 (26-01-07 00:00) broken 26-01-17 00:00
  SUP 9.3500 (25-04-07 00:00) -> 20.4830 (26-01-21 00:00) live trimmed 26-07-05 00:00
  RES 59.5100 (25-09-18 00:00) -> 38.4280 (26-02-03 00:00) broken 26-03-09 00:00
  SUP 20.4830 (26-01-21 00:00) -> 25.6280 (26-02-24 00:00) live trimmed 26-08-12 00:00
  RES 59.5100 (25-09-18 00:00) -> 43.7430 (26-03-18 00:00) broken 26-04-11 00:00
  SUP 25.6280 (26-02-24 00:00) -> 34.4230 (26-04-02 00:00) broken 26-04-28 00:00 trimmed 26-09-25 00:00
  RES 59.5100 (25-09-18 00:00) -> 45.7450 (26-04-16 00:00) broken 26-05-14 00:00
  SUP 25.6280 (26-02-24 00:00) -> 38.7000 (26-04-30 00:00) broken 26-05-12 00:00
  SUP 25.6280 (26-02-24 00:00) -> 38.1610 (26-05-14 00:00) live
  SUP 38.1610 (26-05-14 00:00) -> 52.6210 (26-06-10 00:00) broken 26-06-27 00:00
  SUP 38.1610 (26-05-14 00:00) -> 58.5200 (26-06-25 00:00) broken 26-07-13 00:00
  RES 76.9780 (26-06-16 00:00) -> 73.0000 (26-07-07 00:00) broken 26-08-19 00:00
  SUP 38.1610 (26-05-14 00:00) -> 51.1110 (26-08-02 00:00) live
  SUP 51.1110 (26-08-02 00:00) -> 75.1320 (26-09-15 00:00) live
HYPEUSD 1d delta: 491 bars 25-06-04 00:00 -> 26-10-07 00:00
  SUP 31.0930 (25-06-21 00:00) -> 35.5100 (25-08-02 00:00) broken 25-09-25 00:00 trimmed 26-04-12 00:00
  RES 49.9080 (25-07-14 00:00) -> 49.5330 (25-08-15 00:00) broken 25-09-08 00:00 trimmed 26-04-26 00:00
  SUP 35.5100 (25-08-02 00:00) -> 40.4670 (25-08-21 00:00) broken 25-09-01 00:00 trimmed 26-05-10 00:00
  SUP 31.0930 (25-06-21 00:00) -> 39.7810 (25-09-25 00:00) broken 25-10-10 00:00 trimmed 26-05-24 00:00
  RES 59.4950 (25-09-18 00:00) -> 51.4500 (25-10-05 00:00) broken 25-10-25 00:00 trimmed 26-07-17 00:00
  RES 59.4950 (25-09-18 00:00) -> 50.0520 (25-10-30 00:00) broken 26-01-27 00:00
  SUP 21.1170 (25-10-10 00:00) -> 35.4320 (25-11-04 00:00) broken 25-11-14 00:00 trimmed 26-06-20 00:00
  SUP 21.1170 (25-10-10 00:00) -> 22.2600 (25-12-19 00:00) broken 26-01-20 00:00 trimmed 26-07-05 00:00
  RES 50.0520 (25-10-30 00:00) -> 28.3730 (26-01-06 00:00) broken 26-01-17 00:00
  RES 59.4950 (25-09-18 00:00) -> 38.4400 (26-02-03 00:00) broken 26-03-09 00:00
  SUP 20.4960 (26-01-21 00:00) -> 25.6410 (26-02-24 00:00) live trimmed 26-08-12 00:00
  RES 59.4950 (25-09-18 00:00) -> 43.6870 (26-03-18 00:00) broken 26-04-11 00:00
  SUP 25.6410 (26-02-24 00:00) -> 34.4530 (26-04-02 00:00) broken 26-04-28 00:00 trimmed 26-09-25 00:00
  RES 59.4950 (25-09-18 00:00) -> 45.7100 (26-04-16 00:00) broken 26-05-14 00:00
  SUP 25.6410 (26-02-24 00:00) -> 38.7200 (26-04-30 00:00) broken 26-05-12 00:00
  SUP 25.6410 (26-02-24 00:00) -> 38.1700 (26-05-14 00:00) live
  SUP 38.1700 (26-05-14 00:00) -> 52.7200 (26-06-10 00:00) broken 26-06-27 00:00
  SUP 38.1700 (26-05-14 00:00) -> 58.4900 (26-06-25 00:00) broken 26-07-13 00:00
  RES 77.0200 (26-06-16 00:00) -> 72.8800 (26-07-07 00:00) broken 26-08-19 00:00
  SUP 38.1700 (26-05-14 00:00) -> 51.1200 (26-08-02 00:00) live
  SUP 51.1200 (26-08-02 00:00) -> 75.1870 (26-09-15 00:00) live
