BTCUSD: 1774 4h / 10747 5m
ETHUSD: 1774 4h / 10765 5m
SOLUSD: 1774 4h / 10774 5m
XRPUSD: 1774 4h / 10747 5m
HYPEUSD: 1774 4h / 10748 5m
AKE/USDT: 1770 4h / 10748 5m
ZECUSD: 1774 4h / 10777 5m
DOGEUSD: 1774 4h / 10748 5m
AAVEUSD: 1770 4h / 10748 5m
BEAT/USDT: 1770 4h / 10748 5m
UNIUSD: 1770 4h / 10748 5m
LINKUSD: 1774 4h / 10748 5m
AVAXUSD: 1770 4h / 10748 5m
LTCUSD: 1774 4h / 10748 5m
BNBUSD: 1770 4h / 10748 5m
TRUMP/USDT: 1770 4h / 10748 5m
BCHUSD: 1770 4h / 10748 5m
TACUSD: 1770 4h / 10748 5m
ZORAUSD: 1770 4h / 10748 5m
BLESSUSD: 1770 4h / 10748 5m
HUSD: 1770 4h / 10748 5m
VELVETUSD: 1771 4h / 10748 5m
RIVERUSD: 1770 4h / 10748 5m
replayed BTCUSD: 5, 5, 5, 5, 5, 0 (14s)
replayed ETHUSD: 6, 6, 6, 5, 4, 0 (14s)
replayed SOLUSD: 3, 3, 3, 1, 2, 0 (14s)
replayed XRPUSD: 2, 2, 2, 2, 2, 2 (14s)
replayed HYPEUSD: 2, 2, 2, 2, 2, 0 (28s)
replayed AKE/USDT: 1, 1, 1, 1, 1, 1 (28s)
replayed ZECUSD: 1, 1, 1, 1, 1, 0 (28s)
replayed DOGEUSD: 3, 3, 3, 3, 3, 1 (28s)
replayed AAVEUSD: 3, 3, 3, 3, 3, 0 (40s)
replayed BEAT/USDT: 1, 1, 1, 1, 1, 0 (41s)
replayed UNIUSD: 0, 0, 0, 0, 0, 0 (42s)
replayed LINKUSD: 1, 1, 1, 1, 1, 0 (42s)
replayed AVAXUSD: 0, 0, 0, 0, 0, 0 (54s)
replayed LTCUSD: 1, 1, 1, 1, 1, 0 (55s)
replayed BNBUSD: 5, 5, 5, 5, 2, 0 (55s)
replayed TRUMP/USDT: 1, 1, 1, 1, 1, 1 (55s)
replayed BCHUSD: 4, 4, 4, 4, 4, 2 (68s)
replayed TACUSD: 1, 1, 1, 1, 0, 0 (68s)
replayed ZORAUSD: 4, 4, 4, 4, 4, 4 (70s)
replayed BLESSUSD: 2, 2, 2, 2, 2, 1 (70s)
replayed HUSD: 2, 2, 2, 2, 1, 0 (78s)
replayed VELVETUSD: 2, 2, 2, 2, 2, 0 (78s)
replayed RIVERUSD: 1, 1, 1, 1, 1, 0 (79s)
# Zone preference (Notion 20): 4h

2026-09-01 to 2026-10-08 10:45 IST; 23 crypto symbols. Alerts on Bitunix candles, graded on Delta 5m with Delta fees.

| variant        |   alerts |   filled |   SL |   BE |   +1R |   +2R |   Neither |   ambiguous |   win_pct |   net_R |   R_per_trade |   net_R_1st_half |   net_R_2nd_half |
|:---------------|---------:|---------:|-----:|-----:|------:|------:|----------:|------------:|----------:|--------:|--------------:|-----------------:|-----------------:|
| nearest (live) |       43 |       31 |   16 |    6 |     3 |     6 |         0 |           1 |      36   |    -5.9 |        -0.19  |             -5.9 |              0.1 |
| deepest_1%     |       43 |       31 |   16 |    6 |     3 |     6 |         0 |           1 |      36   |    -5.9 |        -0.19  |             -5.9 |              0.1 |
| deepest_2%     |       43 |       31 |   16 |    6 |     3 |     6 |         0 |           1 |      36   |    -5.9 |        -0.19  |             -5.9 |              0.1 |
| deepest_3%     |       40 |       29 |   14 |    6 |     3 |     6 |         0 |           1 |      39.1 |    -3.6 |        -0.124 |             -3.7 |              0.1 |
| discount_100   |       37 |       26 |   14 |    5 |     2 |     5 |         0 |           1 |      33.3 |    -6   |        -0.231 |             -4.7 |             -1.3 |
| discount_300   |       11 |        9 |    9 |    0 |     0 |     0 |         0 |           0 |       0   |   -10.8 |        -1.205 |             -8.2 |             -2.7 |

