BTCUSD: 2339 4h / 37855 5m / 37905 grade
ETHUSD: 2339 4h / 37870 5m / 37905 grade
SOLUSD: 2339 4h / 37878 5m / 37905 grade
XRPUSD: 2339 4h / 37856 5m / 37905 grade
HYPEUSD: 2339 4h / 37856 5m / 37887 grade
AKE/USDT: 2246 4h / 37856 5m / 22970 grade
ZECUSD: 2339 4h / 37882 5m / 37892 grade
DOGEUSD: 2339 4h / 37855 5m / 37900 grade
AAVEUSD: 2335 4h / 37855 5m / 37902 grade
BEAT/USDT: 1975 4h / 37856 5m / 37905 grade
UNIUSD: 2335 4h / 37856 5m / 37899 grade
LINKUSD: 2339 4h / 37855 5m / 37897 grade
AVAXUSD: 2335 4h / 37854 5m / 37886 grade
LTCUSD: 2339 4h / 37855 5m / 37900 grade
BNBUSD: 2335 4h / 37855 5m / 37898 grade
TRUMP/USDT: 2335 4h / 37855 5m / 37855 grade
BCHUSD: 2335 4h / 37856 5m / 37887 grade
TACUSD: 2335 4h / 37856 5m / 27298 grade
ZORAUSD: 2335 4h / 37856 5m / 37728 grade
BLESSUSD: 2281 4h / 37856 5m / 37899 grade
HUSD: 2335 4h / 37856 5m / 37905 grade
VELVETUSD: 2336 4h / 37856 5m / 33366 grade
RIVERUSD: 2126 4h / 37856 5m / 37901 grade
SLVONUSD: 1356 4h / 37897 5m / 37897 grade
XAUTUSD: 1056 4h / 37905 5m / 37905 grade
TSLAXUSD: 1262 4h / 37856 5m / 37848 grade
METAXUSD: 1178 4h / 37856 5m / 37776 grade
SOXLBUSD: 866 4h / 37856 5m / 26671 grade
SNDKBUSD: 1177 4h / 37856 5m / 26736 grade
MRVL/USDT:USDT: 866 4h / 37856 5m / 24218 grade
NVDAXUSD: 1225 4h / 37856 5m / 37841 grade
NSE: 200 of 200 stocks, 4h base, 1h fine
replayed BTCUSD: 35 / 8 (202s)
replayed ETHUSD: 34 / 14 (202s)
replayed SOLUSD: 35 / 8 (202s)
replayed XRPUSD: 29 / 6 (202s)
replayed HYPEUSD: 28 / 10 (202s)
replayed AKE/USDT: 13 / 2 (202s)
replayed ZECUSD: 16 / 8 (202s)
replayed DOGEUSD: 27 / 8 (202s)
replayed AAVEUSD: 24 / 6 (206s)
replayed BEAT/USDT: 14 / 3 (206s)
replayed UNIUSD: 17 / 3 (206s)
replayed LINKUSD: 22 / 4 (206s)
replayed AVAXUSD: 16 / 4 (206s)
replayed LTCUSD: 32 / 12 (206s)
replayed BNBUSD: 35 / 14 (206s)
replayed TRUMP/USDT: 14 / 5 (206s)
replayed BCHUSD: 20 / 9 (407s)
replayed TACUSD: 17 / 8 (407s)
replayed ZORAUSD: 15 / 5 (407s)
replayed BLESSUSD: 13 / 5 (407s)
replayed HUSD: 17 / 5 (407s)
replayed VELVETUSD: 12 / 6 (407s)
replayed RIVERUSD: 12 / 2 (407s)
replayed SLVONUSD: 30 / 9 (407s)
replayed XAUTUSD: 72 / 23 (407s)
replayed TSLAXUSD: 36 / 14 (407s)
replayed METAXUSD: 31 / 11 (407s)
replayed SOXLBUSD: 16 / 7 (407s)
replayed SNDKBUSD: 11 / 6 (407s)
replayed MRVL/USDT:USDT: 23 / 8 (407s)
replayed NVDAXUSD: 46 / 9 (407s)
replayed GODREJCP.NS: 7 / 1 (407s)
replayed IDBI.NS: 3 / 2 (407s)
replayed PERSISTENT.NS: 8 / 3 (407s)
replayed FEDERALBNK.NS: 6 / 0 (407s)
replayed MCX.NS: 3 / 0 (407s)
replayed POLICYBZR.NS: 1 / 0 (407s)
replayed RECLTD.NS: 5 / 0 (407s)
replayed DIXON.NS: 3 / 0 (407s)
replayed NAUKRI.NS: 2 / 0 (407s)
replayed OIL.NS: 6 / 1 (407s)
replayed COFORGE.NS: 5 / 3 (407s)
replayed JSWINFRA.NS: 4 / 1 (407s)
replayed AUBANK.NS: 3 / 0 (407s)
replayed LTF.NS: 6 / 1 (407s)
replayed INDUSINDBK.NS: 6 / 2 (407s)
replayed BHARTIHEXA.NS: 6 / 0 (407s)
replayed NHPC.NS: 9 / 1 (407s)
replayed NAM-INDIA.NS: 0 / 0 (407s)
replayed HINDPETRO.NS: 2 / 0 (407s)
replayed IDFCFIRSTB.NS: 4 / 0 (407s)
replayed NMDC.NS: 9 / 2 (407s)
replayed NTPCGREEN.NS: 5 / 0 (407s)
replayed ICICIGI.NS: 0 / 0 (407s)
replayed APARINDS.NS: 0 / 0 (407s)
replayed BAJAJHFL.NS: 20 / 1 (407s)
replayed HAVELLS.NS: 3 / 0 (407s)
replayed NATIONALUM.NS: 11 / 2 (407s)
replayed ICICIPRULI.NS: 5 / 0 (407s)
replayed GLENMARK.NS: 8 / 2 (407s)
replayed FORTIS.NS: 7 / 1 (407s)
replayed PHOENIXLTD.NS: 6 / 2 (407s)
replayed ASTERDM.NS: 3 / 0 (407s)
replayed DABUR.NS: 6 / 0 (407s)
replayed PRESTIGE.NS: 7 / 1 (407s)
replayed ATGL.NS: 11 / 3 (407s)
replayed ATHERENERG.NS: 1 / 0 (407s)
replayed OBEROIRLTY.NS: 7 / 0 (407s)
replayed MAHABANK.NS: 2 / 1 (407s)
replayed BANKINDIA.NS: 4 / 0 (407s)
replayed BIOCON.NS: 5 / 1 (407s)
replayed RBLBANK.NS: 3 / 0 (407s)
replayed KALYANKJIL.NS: 9 / 3 (407s)
replayed SBICARD.NS: 7 / 3 (407s)
replayed IOB.NS: 9 / 0 (407s)
replayed JSL.NS: 7 / 0 (407s)
replayed ALKEM.NS: 10 / 1 (407s)
replayed MOTILALOFS.NS: 9 / 2 (407s)
replayed APLAPOLLO.NS: 4 / 2 (407s)
replayed GICRE.NS: 4 / 0 (407s)
replayed RADICO.NS: 1 / 0 (407s)
replayed COROMANDEL.NS: 6 / 1 (407s)
replayed GODREJPROP.NS: 7 / 1 (407s)
replayed HDBFS.NS: 7 / 0 (407s)
replayed MRF.NS: 12 / 1 (407s)
replayed PIRAMALFIN.NS: 3 / 0 (407s)
replayed BERGEPAINT.NS: 3 / 0 (407s)
replayed ABBOTINDIA.NS: 10 / 2 (407s)
replayed LINDEINDIA.NS: 6 / 1 (407s)
replayed ANTHEM.NS: 2 / 0 (407s)
replayed FLUOROCHEM.NS: 5 / 0 (407s)
replayed FACT.NS: 10 / 2 (407s)
replayed HINDCOPPER.NS: 6 / 2 (407s)
replayed MFSL.NS: 5 / 0 (407s)
replayed IPCALAB.NS: 9 / 2 (407s)
replayed M&MFIN.NS: 8 / 0 (407s)
replayed COLPAL.NS: 20 / 2 (407s)
replayed GLAND.NS: 6 / 1 (407s)
replayed GLAXO.NS: 11 / 0 (407s)
replayed AEGISLOG.NS: 0 / 0 (407s)
replayed CPPLUS.NS: 2 / 1 (407s)
replayed NAVINFLUOR.NS: 11 / 5 (407s)
replayed 360ONE.NS: 7 / 1 (407s)
replayed KEI.NS: 11 / 1 (407s)
replayed AJANTPHARM.NS: 6 / 1 (407s)
replayed BDL.NS: 7 / 0 (407s)
replayed MPHASIS.NS: 6 / 0 (407s)
replayed PREMIERENE.NS: 4 / 2 (407s)
replayed AIIL.NS: 3 / 0 (411s)
replayed PETRONET.NS: 10 / 1 (411s)
replayed RVNL.NS: 6 / 0 (411s)
replayed BALKRISIND.NS: 5 / 0 (411s)
replayed COCHINSHIP.NS: 7 / 0 (412s)
replayed PAGEIND.NS: 6 / 1 (412s)
replayed POONAWALLA.NS: 3 / 0 (412s)
replayed MEDANTA.NS: 9 / 0 (412s)
replayed ASTRAL.NS: 5 / 0 (417s)
replayed NH.NS: 6 / 1 (417s)
replayed KPRMILL.NS: 0 / 0 (417s)
replayed AIAENG.NS: 4 / 1 (417s)
replayed CONCOR.NS: 4 / 0 (420s)
replayed ENDURANCE.NS: 5 / 1 (420s)
replayed JKCEMENT.NS: 10 / 0 (420s)
replayed GODREJIND.NS: 4 / 0 (420s)
replayed NLCINDIA.NS: 9 / 1 (424s)
replayed IRCTC.NS: 7 / 0 (424s)
replayed EMCURE.NS: 4 / 1 (424s)
replayed PATANJALI.NS: 6 / 0 (424s)
replayed PWL.NS: 2 / 0 (424s)
replayed ANANDRATHI.NS: 7 / 2 (424s)
replayed PIIND.NS: 5 / 0 (424s)
replayed LTTS.NS: 7 / 2 (424s)
replayed EXIDEIND.NS: 5 / 0 (430s)
replayed HFCL.NS: 0 / 0 (430s)
replayed HUDCO.NS: 3 / 0 (430s)
replayed CRISIL.NS: 14 / 3 (430s)
replayed PTCIL.NS: 1 / 0 (433s)
replayed DELHIVERY.NS: 0 / 0 (433s)
replayed HSCL.NS: 3 / 0 (433s)
replayed DALBHARAT.NS: 7 / 2 (433s)
replayed ESCORTS.NS: 9 / 3 (437s)
replayed NUVAMA.NS: 1 / 0 (437s)
replayed KARURVYSYA.NS: 4 / 1 (437s)
replayed AEGISVOPAK.NS: 5 / 2 (437s)
replayed KIRLOSENG.NS: 6 / 1 (438s)
replayed ITCHOTELS.NS: 5 / 0 (438s)
replayed LALPATHLAB.NS: 5 / 1 (438s)
replayed IREDA.NS: 8 / 0 (438s)
replayed MRPL.NS: 4 / 3 (443s)
replayed ABSLAMC.NS: 4 / 0 (443s)
replayed JUBLFOOD.NS: 9 / 0 (443s)
replayed BLUESTARCO.NS: 8 / 2 (443s)
replayed MANAPPURAM.NS: 2 / 1 (447s)
replayed CRAFTSMAN.NS: 2 / 0 (447s)
replayed KIMS.NS: 7 / 3 (447s)
replayed GODFRYPHLP.NS: 4 / 0 (447s)
replayed PNBHOUSING.NS: 3 / 2 (451s)
replayed HEXT.NS: 3 / 0 (451s)
replayed REDINGTON.NS: 2 / 0 (451s)
replayed NEULANDLAB.NS: 2 / 0 (451s)
replayed LICHSGFIN.NS: 8 / 0 (451s)
replayed HONAUT.NS: 1 / 0 (451s)
replayed IKS.NS: 2 / 0 (451s)
replayed NETWEB.NS: 1 / 0 (451s)
replayed CHOLAHLDNG.NS: 7 / 1 (456s)
replayed CDSL.NS: 2 / 0 (456s)
replayed ACUTAAS.NS: 4 / 1 (456s)
replayed PPLPHARMA.NS: 2 / 0 (456s)
replayed ACMESOLAR.NS: 3 / 0 (459s)
replayed BANDHANBNK.NS: 6 / 1 (459s)
replayed GRSE.NS: 5 / 0 (459s)
replayed CENTRALBK.NS: 8 / 0 (459s)
replayed RRKABEL.NS: 2 / 0 (464s)
replayed ANGELONE.NS: 2 / 0 (464s)
replayed DATAPATTNS.NS: 6 / 0 (464s)
replayed APOLLOTYRE.NS: 1 / 1 (464s)
replayed CGCL.NS: 2 / 0 (464s)
replayed IIFL.NS: 0 / 0 (464s)
replayed AMBER.NS: 4 / 1 (464s)
replayed ITI.NS: 6 / 0 (464s)
replayed ASAHIINDIA.NS: 5 / 0 (470s)
replayed KPIL.NS: 3 / 0 (470s)
replayed PFOCUS.NS: 0 / 0 (470s)
replayed CHENNPETRO.NS: 4 / 1 (470s)
replayed MSUMI.NS: 5 / 1 (472s)
replayed GILLETTE.NS: 12 / 0 (472s)
replayed IRB.NS: 6 / 0 (472s)
replayed AWL.NS: 9 / 1 (472s)
replayed FORCEMOT.NS: 1 / 1 (473s)
replayed GABRIEL.NS: 3 / 1 (473s)
replayed EMMVEE.NS: 3 / 1 (473s)
replayed ACC.NS: 10 / 1 (473s)
replayed KAYNES.NS: 4 / 2 (477s)
replayed IFCI.NS: 6 / 0 (477s)
replayed JYOTICNC.NS: 5 / 0 (477s)
replayed NBCC.NS: 6 / 1 (477s)
replayed CREDITACC.NS: 5 / 1 (482s)
replayed DEEPAKNTR.NS: 1 / 0 (482s)
replayed CUB.NS: 9 / 0 (482s)
replayed AFFLE.NS: 15 / 2 (482s)
replayed GRANULES.NS: 7 / 2 (486s)
replayed BELRISE.NS: 1 / 0 (486s)
replayed ANANTRAJ.NS: 7 / 0 (486s)
replayed FINCABLES.NS: 3 / 0 (486s)
replayed CEMPRO.NS: 4 / 0 (486s)
replayed IGL.NS: 11 / 3 (486s)
replayed CAPLIPOINT.NS: 2 / 1 (486s)
replayed BRIGADE.NS: 3 / 0 (486s)
replayed CARBORUNIV.NS: 4 / 3 (490s)
replayed AADHARHFC.NS: 4 / 0 (490s)
replayed JINDALSAW.NS: 3 / 0 (490s)
replayed HBLENGINE.NS: 8 / 0 (490s)
replayed PINELABS.NS: 4 / 1 (495s)
replayed GESHIP.NS: 4 / 0 (495s)
replayed ELGIEQUIP.NS: 11 / 2 (495s)
replayed CESC.NS: 4 / 1 (495s)
replayed KAJARIACER.NS: 3 / 1 (499s)
replayed ATUL.NS: 6 / 2 (499s)
replayed CASTROLIND.NS: 9 / 1 (499s)
replayed GMDCLTD.NS: 6 / 1 (499s)
replayed AARTIIND.NS: 1 / 0 (499s)
replayed EIHOTEL.NS: 3 / 0 (499s)
replayed POLYMED.NS: 7 / 5 (499s)
replayed ONESOURCE.NS: 7 / 4 (499s)
replayed CAMS.NS: 6 / 0 (501s)
replayed FSL.NS: 5 / 0 (501s)
replayed OLAELEC.NS: 6 / 3 (501s)
replayed CHOICEIN.NS: 11 / 2 (501s)
replayed ABDL.NS: 14 / 4 (502s)
replayed COHANCE.NS: 6 / 2 (502s)
replayed BEML.NS: 5 / 0 (502s)
{'market': 'CRYPTO', 'tf': '4h', 'from': '2026-06-01', 'rule': 'live rules (as today)', 'trades': 105, 'target_hit': 14, 'SL': 49, 'BE': 32, 'time_exit': 10, 'target_%': 13, 'net_R': -29.2, 'R_per_trade': -0.278, 'net_%_per_trade': -0.237}
{'market': 'CRYPTO', 'tf': '4h', 'from': '2026-06-01', 'rule': 'live rules, trend only', 'trades': 105, 'target_hit': 14, 'SL': 49, 'BE': 32, 'time_exit': 10, 'target_%': 13, 'net_R': -29.2, 'R_per_trade': -0.278, 'net_%_per_trade': -0.237}
{'market': 'CRYPTO', 'tf': '4h', 'from': '2026-06-01', 'rule': 'SL 1.5% / TP 3%, trend only', 'trades': 107, 'target_hit': 8, 'SL': 54, 'BE': 0, 'time_exit': 45, 'target_%': 7, 'net_R': -33.6, 'R_per_trade': -0.314, 'net_%_per_trade': -0.471}
{'market': 'CRYPTO', 'tf': '4h', 'from': '2026-06-01', 'rule': 'SL 1.5% / TP 3% + BE, trend only', 'trades': 106, 'target_hit': 6, 'SL': 40, 'BE': 28, 'time_exit': 32, 'target_%': 6, 'net_R': -25.2, 'R_per_trade': -0.237, 'net_%_per_trade': -0.356}
{'market': 'CRYPTO', 'tf': '4h', 'from': '2026-06-01', 'rule': 'SL 1.5% / TP 4%, trend only', 'trades': 107, 'target_hit': 6, 'SL': 56, 'BE': 0, 'time_exit': 45, 'target_%': 6, 'net_R': -35.7, 'R_per_trade': -0.333, 'net_%_per_trade': -0.5}
{'market': 'CRYPTO', 'tf': '4h', 'from': '2026-06-01', 'rule': 'SL 1.5% / TP 4% + BE, trend only', 'trades': 106, 'target_hit': 5, 'SL': 40, 'BE': 29, 'time_exit': 32, 'target_%': 5, 'net_R': -23.8, 'R_per_trade': -0.225, 'net_%_per_trade': -0.337}
{'market': 'XSTOCK', 'tf': '4h', 'from': '2026-06-01', 'rule': 'live rules (as today)', 'trades': 101, 'target_hit': 11, 'SL': 48, 'BE': 30, 'time_exit': 12, 'target_%': 11, 'net_R': -35.2, 'R_per_trade': -0.348, 'net_%_per_trade': -0.245}
{'market': 'XSTOCK', 'tf': '4h', 'from': '2026-06-01', 'rule': 'live rules, trend only', 'trades': 35, 'target_hit': 5, 'SL': 17, 'BE': 9, 'time_exit': 4, 'target_%': 14, 'net_R': -9.4, 'R_per_trade': -0.269, 'net_%_per_trade': -0.204}
{'market': 'XSTOCK', 'tf': '4h', 'from': '2026-06-01', 'rule': 'SL 1.5% / TP 3%, trend only', 'trades': 37, 'target_hit': 3, 'SL': 19, 'BE': 0, 'time_exit': 15, 'target_%': 8, 'net_R': -16.4, 'R_per_trade': -0.443, 'net_%_per_trade': -0.665}
{'market': 'XSTOCK', 'tf': '4h', 'from': '2026-06-01', 'rule': 'SL 1.5% / TP 3% + BE, trend only', 'trades': 37, 'target_hit': 2, 'SL': 15, 'BE': 10, 'time_exit': 10, 'target_%': 5, 'net_R': -14.0, 'R_per_trade': -0.379, 'net_%_per_trade': -0.568}
{'market': 'XSTOCK', 'tf': '4h', 'from': '2026-06-01', 'rule': 'SL 1.5% / TP 4%, trend only', 'trades': 37, 'target_hit': 2, 'SL': 19, 'BE': 0, 'time_exit': 16, 'target_%': 5, 'net_R': -14.9, 'R_per_trade': -0.402, 'net_%_per_trade': -0.603}
{'market': 'XSTOCK', 'tf': '4h', 'from': '2026-06-01', 'rule': 'SL 1.5% / TP 4% + BE, trend only', 'trades': 37, 'target_hit': 1, 'SL': 15, 'BE': 10, 'time_exit': 11, 'target_%': 3, 'net_R': -13.2, 'R_per_trade': -0.355, 'net_%_per_trade': -0.533}
{'market': 'OTHER', 'tf': '4h', 'from': '2026-06-05', 'rule': 'live rules (as today)', 'trades': 40, 'target_hit': 6, 'SL': 15, 'BE': 12, 'time_exit': 7, 'target_%': 15, 'net_R': -6.8, 'R_per_trade': -0.169, 'net_%_per_trade': -0.091}
{'market': 'OTHER', 'tf': '4h', 'from': '2026-06-05', 'rule': 'live rules, trend only', 'trades': 13, 'target_hit': 1, 'SL': 5, 'BE': 4, 'time_exit': 3, 'target_%': 8, 'net_R': -4.1, 'R_per_trade': -0.317, 'net_%_per_trade': -0.108}
{'market': 'OTHER', 'tf': '4h', 'from': '2026-06-05', 'rule': 'SL 1.5% / TP 3%, trend only', 'trades': 13, 'target_hit': 0, 'SL': 3, 'BE': 0, 'time_exit': 10, 'target_%': 0, 'net_R': -0.8, 'R_per_trade': -0.06, 'net_%_per_trade': -0.09}
{'market': 'OTHER', 'tf': '4h', 'from': '2026-06-05', 'rule': 'SL 1.5% / TP 3% + BE, trend only', 'trades': 13, 'target_hit': 0, 'SL': 3, 'BE': 1, 'time_exit': 9, 'target_%': 0, 'net_R': -0.9, 'R_per_trade': -0.068, 'net_%_per_trade': -0.102}
{'market': 'OTHER', 'tf': '4h', 'from': '2026-06-05', 'rule': 'SL 1.5% / TP 4%, trend only', 'trades': 13, 'target_hit': 0, 'SL': 3, 'BE': 0, 'time_exit': 10, 'target_%': 0, 'net_R': -0.8, 'R_per_trade': -0.06, 'net_%_per_trade': -0.09}
{'market': 'OTHER', 'tf': '4h', 'from': '2026-06-05', 'rule': 'SL 1.5% / TP 4% + BE, trend only', 'trades': 13, 'target_hit': 0, 'SL': 3, 'BE': 1, 'time_exit': 9, 'target_%': 0, 'net_R': -0.9, 'R_per_trade': -0.068, 'net_%_per_trade': -0.102}
{'market': 'NSE', 'tf': '4h', 'from': '2026-06-01', 'rule': 'live rules (as today)', 'trades': 428, 'target_hit': 37, 'SL': 165, 'BE': 44, 'time_exit': 182, 'target_%': 9, 'net_R': -111.0, 'R_per_trade': -0.259, 'net_%_per_trade': -0.199}
{'market': 'NSE', 'tf': '4h', 'from': '2026-06-01', 'rule': 'live rules, trend only', 'trades': 51, 'target_hit': 8, 'SL': 19, 'BE': 5, 'time_exit': 19, 'target_%': 16, 'net_R': -4.2, 'R_per_trade': -0.082, 'net_%_per_trade': -0.073}
{'market': 'NSE', 'tf': '4h', 'from': '2026-06-01', 'rule': 'SL 1.5% / TP 3%, trend only', 'trades': 56, 'target_hit': 3, 'SL': 10, 'BE': 0, 'time_exit': 43, 'target_%': 5, 'net_R': -2.2, 'R_per_trade': -0.04, 'net_%_per_trade': -0.06}
{'market': 'NSE', 'tf': '4h', 'from': '2026-06-01', 'rule': 'SL 1.5% / TP 3% + BE, trend only', 'trades': 56, 'target_hit': 3, 'SL': 10, 'BE': 4, 'time_exit': 39, 'target_%': 5, 'net_R': -1.6, 'R_per_trade': -0.029, 'net_%_per_trade': -0.044}
{'market': 'NSE', 'tf': '4h', 'from': '2026-06-01', 'rule': 'SL 1.5% / TP 4%, trend only', 'trades': 56, 'target_hit': 2, 'SL': 10, 'BE': 0, 'time_exit': 44, 'target_%': 4, 'net_R': -0.9, 'R_per_trade': -0.015, 'net_%_per_trade': -0.023}
{'market': 'NSE', 'tf': '4h', 'from': '2026-06-01', 'rule': 'SL 1.5% / TP 4% + BE, trend only', 'trades': 56, 'target_hit': 2, 'SL': 10, 'BE': 4, 'time_exit': 40, 'target_%': 4, 'net_R': -0.3, 'R_per_trade': -0.005, 'net_%_per_trade': -0.007}
# Zones, fixed 1.5% stop / 3-4% target, trend only: 4h, 2026-06-01 to 2026-10-10

Alerts replayed with the live zone rules. Graded by the production scorer (6h after entry for crypto/xStock/other, same day to 15:10 for NSE; fees, stop slip). 'BE' = +0.5R moves the stop past entry. Net R in each rule's own R (fixed: 1R = 1.5%); net_%_per_trade = net R x stop % - compare that column across rules. 'from' = first alert (NSE 30m: Yahoo keeps 60 days).

| market   | tf   | from       | rule                             |   trades |   target_hit |   SL |   BE |   time_exit |   target_% |   net_R |   R_per_trade |   net_%_per_trade |
|:---------|:-----|:-----------|:---------------------------------|---------:|-------------:|-----:|-----:|------------:|-----------:|--------:|--------------:|------------------:|
| CRYPTO   | 4h   | 2026-06-01 | live rules (as today)            |      105 |           14 |   49 |   32 |          10 |         13 |   -29.2 |        -0.278 |            -0.237 |
| CRYPTO   | 4h   | 2026-06-01 | live rules, trend only           |      105 |           14 |   49 |   32 |          10 |         13 |   -29.2 |        -0.278 |            -0.237 |
| CRYPTO   | 4h   | 2026-06-01 | SL 1.5% / TP 3%, trend only      |      107 |            8 |   54 |    0 |          45 |          7 |   -33.6 |        -0.314 |            -0.471 |
| CRYPTO   | 4h   | 2026-06-01 | SL 1.5% / TP 3% + BE, trend only |      106 |            6 |   40 |   28 |          32 |          6 |   -25.2 |        -0.237 |            -0.356 |
| CRYPTO   | 4h   | 2026-06-01 | SL 1.5% / TP 4%, trend only      |      107 |            6 |   56 |    0 |          45 |          6 |   -35.7 |        -0.333 |            -0.5   |
| CRYPTO   | 4h   | 2026-06-01 | SL 1.5% / TP 4% + BE, trend only |      106 |            5 |   40 |   29 |          32 |          5 |   -23.8 |        -0.225 |            -0.337 |
| XSTOCK   | 4h   | 2026-06-01 | live rules (as today)            |      101 |           11 |   48 |   30 |          12 |         11 |   -35.2 |        -0.348 |            -0.245 |
| XSTOCK   | 4h   | 2026-06-01 | live rules, trend only           |       35 |            5 |   17 |    9 |           4 |         14 |    -9.4 |        -0.269 |            -0.204 |
| XSTOCK   | 4h   | 2026-06-01 | SL 1.5% / TP 3%, trend only      |       37 |            3 |   19 |    0 |          15 |          8 |   -16.4 |        -0.443 |            -0.665 |
| XSTOCK   | 4h   | 2026-06-01 | SL 1.5% / TP 3% + BE, trend only |       37 |            2 |   15 |   10 |          10 |          5 |   -14   |        -0.379 |            -0.568 |
| XSTOCK   | 4h   | 2026-06-01 | SL 1.5% / TP 4%, trend only      |       37 |            2 |   19 |    0 |          16 |          5 |   -14.9 |        -0.402 |            -0.603 |
| XSTOCK   | 4h   | 2026-06-01 | SL 1.5% / TP 4% + BE, trend only |       37 |            1 |   15 |   10 |          11 |          3 |   -13.2 |        -0.355 |            -0.533 |
| OTHER    | 4h   | 2026-06-05 | live rules (as today)            |       40 |            6 |   15 |   12 |           7 |         15 |    -6.8 |        -0.169 |            -0.091 |
| OTHER    | 4h   | 2026-06-05 | live rules, trend only           |       13 |            1 |    5 |    4 |           3 |          8 |    -4.1 |        -0.317 |            -0.108 |
| OTHER    | 4h   | 2026-06-05 | SL 1.5% / TP 3%, trend only      |       13 |            0 |    3 |    0 |          10 |          0 |    -0.8 |        -0.06  |            -0.09  |
| OTHER    | 4h   | 2026-06-05 | SL 1.5% / TP 3% + BE, trend only |       13 |            0 |    3 |    1 |           9 |          0 |    -0.9 |        -0.068 |            -0.102 |
| OTHER    | 4h   | 2026-06-05 | SL 1.5% / TP 4%, trend only      |       13 |            0 |    3 |    0 |          10 |          0 |    -0.8 |        -0.06  |            -0.09  |
| OTHER    | 4h   | 2026-06-05 | SL 1.5% / TP 4% + BE, trend only |       13 |            0 |    3 |    1 |           9 |          0 |    -0.9 |        -0.068 |            -0.102 |
| NSE      | 4h   | 2026-06-01 | live rules (as today)            |      428 |           37 |  165 |   44 |         182 |          9 |  -111   |        -0.259 |            -0.199 |
| NSE      | 4h   | 2026-06-01 | live rules, trend only           |       51 |            8 |   19 |    5 |          19 |         16 |    -4.2 |        -0.082 |            -0.073 |
| NSE      | 4h   | 2026-06-01 | SL 1.5% / TP 3%, trend only      |       56 |            3 |   10 |    0 |          43 |          5 |    -2.2 |        -0.04  |            -0.06  |
| NSE      | 4h   | 2026-06-01 | SL 1.5% / TP 3% + BE, trend only |       56 |            3 |   10 |    4 |          39 |          5 |    -1.6 |        -0.029 |            -0.044 |
| NSE      | 4h   | 2026-06-01 | SL 1.5% / TP 4%, trend only      |       56 |            2 |   10 |    0 |          44 |          4 |    -0.9 |        -0.015 |            -0.023 |
| NSE      | 4h   | 2026-06-01 | SL 1.5% / TP 4% + BE, trend only |       56 |            2 |   10 |    4 |          40 |          4 |    -0.3 |        -0.005 |            -0.007 |

