BTCUSD: 7829 30m / 37855 5m / 37905 grade
ETHUSD: 7829 30m / 37870 5m / 37905 grade
SOLUSD: 7865 30m / 37878 5m / 37905 grade
XRPUSD: 7829 30m / 37855 5m / 37905 grade
HYPEUSD: 7829 30m / 37855 5m / 37887 grade
AKE/USDT: 7829 30m / 37855 5m / 22970 grade
ZECUSD: 7865 30m / 37881 5m / 37892 grade
DOGEUSD: 7855 30m / 37854 5m / 37900 grade
AAVEUSD: 7829 30m / 37854 5m / 37902 grade
BEAT/USDT: 7829 30m / 37855 5m / 37905 grade
UNIUSD: 7829 30m / 37855 5m / 37899 grade
LINKUSD: 7829 30m / 37854 5m / 37897 grade
AVAXUSD: 7829 30m / 37853 5m / 37886 grade
LTCUSD: 7829 30m / 37854 5m / 37900 grade
BNBUSD: 7829 30m / 37854 5m / 37898 grade
TRUMP/USDT: 7835 30m / 37854 5m / 37855 grade
BCHUSD: 7835 30m / 37855 5m / 37887 grade
TACUSD: 7829 30m / 29000 5m / 27298 grade
ZORAUSD: 7829 30m / 37855 5m / 37728 grade
BLESSUSD: 7829 30m / 37855 5m / 37899 grade
HUSD: 7829 30m / 37855 5m / 37905 grade
VELVETUSD: 7840 30m / 37855 5m / 33366 grade
RIVERUSD: 7829 30m / 37855 5m / 37901 grade
SLVONUSD: 7866 30m / 37897 5m / 37897 grade
XAUTUSD: 7866 30m / 37905 5m / 37905 grade
TSLAXUSD: 7829 30m / 37855 5m / 37848 grade
METAXUSD: 7829 30m / 37855 5m / 37776 grade
SOXLBUSD: 6919 30m / 37855 5m / 26671 grade
SNDKBUSD: 7829 30m / 37855 5m / 26736 grade
MRVL/USDT:USDT: 6919 30m / 37855 5m / 24218 grade
NVDAXUSD: 7829 30m / 37855 5m / 37841 grade
NSE: 200 of 200 stocks, 30m base, 5m fine
replayed BTCUSD: 228 / 100 (1437s)
replayed ETHUSD: 198 / 100 (1437s)
replayed SOLUSD: 188 / 99 (1437s)
replayed XRPUSD: 162 / 76 (1437s)
replayed HYPEUSD: 158 / 82 (1437s)
replayed AKE/USDT: 72 / 31 (1437s)
replayed ZECUSD: 127 / 69 (1437s)
replayed DOGEUSD: 182 / 98 (1437s)
replayed AAVEUSD: 144 / 60 (1437s)
replayed BEAT/USDT: 93 / 49 (1437s)
replayed UNIUSD: 134 / 74 (1437s)
replayed LINKUSD: 159 / 80 (1437s)
replayed AVAXUSD: 172 / 81 (1437s)
replayed LTCUSD: 149 / 70 (1437s)
replayed BNBUSD: 219 / 115 (1437s)
replayed TRUMP/USDT: 124 / 60 (1437s)
replayed BCHUSD: 161 / 83 (2786s)
replayed TACUSD: 76 / 37 (2786s)
replayed ZORAUSD: 131 / 65 (2786s)
replayed BLESSUSD: 107 / 57 (2786s)
replayed HUSD: 107 / 43 (2851s)
replayed VELVETUSD: 93 / 54 (2851s)
replayed RIVERUSD: 141 / 67 (2851s)
replayed SLVONUSD: 192 / 85 (2851s)
replayed XAUTUSD: 331 / 173 (2851s)
replayed TSLAXUSD: 218 / 116 (2851s)
replayed METAXUSD: 213 / 107 (2851s)
replayed SOXLBUSD: 128 / 78 (2851s)
replayed SNDKBUSD: 164 / 81 (2851s)
replayed MRVL/USDT:USDT: 180 / 113 (2851s)
replayed NVDAXUSD: 236 / 127 (2851s)
replayed GODREJCP.NS: 16 / 6 (2851s)
replayed IDBI.NS: 18 / 12 (2851s)
replayed PERSISTENT.NS: 17 / 10 (2851s)
replayed FEDERALBNK.NS: 23 / 11 (2851s)
replayed MCX.NS: 14 / 9 (2851s)
replayed POLICYBZR.NS: 11 / 7 (2851s)
replayed RECLTD.NS: 14 / 3 (2851s)
replayed DIXON.NS: 16 / 7 (2851s)
replayed NAUKRI.NS: 14 / 8 (2851s)
replayed OIL.NS: 19 / 9 (2851s)
replayed COFORGE.NS: 11 / 7 (2851s)
replayed JSWINFRA.NS: 16 / 10 (2851s)
replayed AUBANK.NS: 13 / 6 (2851s)
replayed LTF.NS: 11 / 7 (2851s)
replayed INDUSINDBK.NS: 21 / 13 (2851s)
replayed BHARTIHEXA.NS: 16 / 10 (2851s)
replayed NHPC.NS: 15 / 6 (2851s)
replayed NAM-INDIA.NS: 11 / 5 (2851s)
replayed HINDPETRO.NS: 18 / 10 (2851s)
replayed IDFCFIRSTB.NS: 26 / 11 (2851s)
replayed NMDC.NS: 17 / 8 (2851s)
replayed NTPCGREEN.NS: 17 / 8 (2851s)
replayed ICICIGI.NS: 11 / 4 (2851s)
replayed APARINDS.NS: 19 / 9 (2851s)
replayed BAJAJHFL.NS: 28 / 7 (2851s)
replayed HAVELLS.NS: 12 / 7 (2851s)
replayed NATIONALUM.NS: 10 / 7 (2851s)
replayed ICICIPRULI.NS: 14 / 7 (2851s)
replayed GLENMARK.NS: 14 / 6 (2851s)
replayed FORTIS.NS: 18 / 6 (2851s)
replayed PHOENIXLTD.NS: 16 / 5 (2851s)
replayed ASTERDM.NS: 10 / 3 (2851s)
replayed DABUR.NS: 12 / 7 (2851s)
replayed PRESTIGE.NS: 18 / 6 (2851s)
replayed ATGL.NS: 19 / 4 (2851s)
replayed ATHERENERG.NS: 9 / 6 (2851s)
replayed OBEROIRLTY.NS: 15 / 7 (2851s)
replayed MAHABANK.NS: 25 / 16 (2851s)
replayed BANKINDIA.NS: 21 / 10 (2851s)
replayed BIOCON.NS: 13 / 6 (2851s)
replayed RBLBANK.NS: 14 / 8 (2851s)
replayed KALYANKJIL.NS: 9 / 6 (2851s)
replayed SBICARD.NS: 24 / 12 (2851s)
replayed IOB.NS: 23 / 11 (2851s)
replayed JSL.NS: 25 / 14 (2851s)
replayed ALKEM.NS: 16 / 9 (2851s)
replayed MOTILALOFS.NS: 22 / 11 (2851s)
replayed APLAPOLLO.NS: 13 / 7 (2851s)
replayed GICRE.NS: 24 / 10 (2851s)
replayed RADICO.NS: 27 / 16 (2851s)
replayed COROMANDEL.NS: 22 / 8 (2851s)
replayed GODREJPROP.NS: 11 / 8 (2851s)
replayed HDBFS.NS: 19 / 11 (2851s)
replayed MRF.NS: 20 / 8 (2867s)
replayed PIRAMALFIN.NS: 9 / 3 (2867s)
replayed BERGEPAINT.NS: 16 / 9 (2867s)
replayed ABBOTINDIA.NS: 29 / 13 (2867s)
replayed LINDEINDIA.NS: 16 / 8 (2881s)
replayed ANTHEM.NS: 15 / 8 (2881s)
replayed FLUOROCHEM.NS: 17 / 9 (2881s)
replayed FACT.NS: 14 / 6 (2881s)
replayed HINDCOPPER.NS: 14 / 6 (2883s)
replayed MFSL.NS: 19 / 6 (2883s)
replayed IPCALAB.NS: 24 / 7 (2883s)
replayed M&MFIN.NS: 13 / 6 (2883s)
replayed COLPAL.NS: 10 / 5 (2884s)
replayed GLAND.NS: 22 / 10 (2884s)
replayed GLAXO.NS: 18 / 8 (2884s)
replayed AEGISLOG.NS: 15 / 6 (2884s)
replayed CPPLUS.NS: 12 / 6 (2899s)
replayed NAVINFLUOR.NS: 25 / 13 (2899s)
replayed 360ONE.NS: 17 / 6 (2899s)
replayed KEI.NS: 19 / 9 (2899s)
replayed AJANTPHARM.NS: 17 / 11 (2914s)
replayed BDL.NS: 7 / 3 (2914s)
replayed MPHASIS.NS: 9 / 5 (2914s)
replayed PREMIERENE.NS: 16 / 8 (2914s)
replayed AIIL.NS: 12 / 6 (2917s)
replayed PETRONET.NS: 21 / 16 (2917s)
replayed RVNL.NS: 12 / 3 (2917s)
replayed BALKRISIND.NS: 16 / 6 (2917s)
replayed COCHINSHIP.NS: 17 / 6 (2917s)
replayed PAGEIND.NS: 19 / 11 (2917s)
replayed POONAWALLA.NS: 19 / 10 (2917s)
replayed MEDANTA.NS: 10 / 4 (2917s)
replayed ASTRAL.NS: 22 / 10 (2929s)
replayed NH.NS: 17 / 12 (2929s)
replayed KPRMILL.NS: 19 / 8 (2929s)
replayed AIAENG.NS: 13 / 7 (2929s)
replayed CONCOR.NS: 22 / 7 (2946s)
replayed ENDURANCE.NS: 19 / 10 (2946s)
replayed JKCEMENT.NS: 21 / 9 (2946s)
replayed GODREJIND.NS: 15 / 4 (2946s)
replayed NLCINDIA.NS: 17 / 5 (2949s)
replayed IRCTC.NS: 16 / 6 (2949s)
replayed EMCURE.NS: 17 / 13 (2949s)
replayed PATANJALI.NS: 29 / 9 (2949s)
replayed PWL.NS: 20 / 10 (2949s)
replayed ANANDRATHI.NS: 25 / 15 (2949s)
replayed PIIND.NS: 20 / 9 (2949s)
replayed LTTS.NS: 24 / 14 (2949s)
replayed EXIDEIND.NS: 24 / 12 (2961s)
replayed HFCL.NS: 6 / 0 (2961s)
replayed HUDCO.NS: 11 / 3 (2961s)
replayed CRISIL.NS: 22 / 9 (2961s)
replayed PTCIL.NS: 13 / 5 (2978s)
replayed DELHIVERY.NS: 13 / 5 (2978s)
replayed HSCL.NS: 21 / 8 (2978s)
replayed DALBHARAT.NS: 18 / 8 (2978s)
replayed ESCORTS.NS: 18 / 11 (2980s)
replayed NUVAMA.NS: 15 / 9 (2980s)
replayed KARURVYSYA.NS: 28 / 17 (2980s)
replayed AEGISVOPAK.NS: 17 / 9 (2980s)
replayed KIRLOSENG.NS: 18 / 11 (2980s)
replayed ITCHOTELS.NS: 21 / 8 (2980s)
replayed LALPATHLAB.NS: 18 / 10 (2980s)
replayed IREDA.NS: 14 / 7 (2980s)
replayed MRPL.NS: 21 / 14 (2993s)
replayed ABSLAMC.NS: 18 / 6 (2993s)
replayed JUBLFOOD.NS: 20 / 13 (2993s)
replayed BLUESTARCO.NS: 18 / 10 (2993s)
replayed MANAPPURAM.NS: 20 / 11 (3010s)
replayed CRAFTSMAN.NS: 18 / 10 (3010s)
replayed KIMS.NS: 19 / 9 (3010s)
replayed GODFRYPHLP.NS: 17 / 5 (3010s)
replayed PNBHOUSING.NS: 25 / 13 (3011s)
replayed HEXT.NS: 16 / 6 (3011s)
replayed REDINGTON.NS: 16 / 3 (3011s)
replayed NEULANDLAB.NS: 19 / 12 (3011s)
replayed LICHSGFIN.NS: 14 / 6 (3012s)
replayed HONAUT.NS: 14 / 8 (3012s)
replayed IKS.NS: 16 / 6 (3012s)
replayed NETWEB.NS: 13 / 7 (3012s)
replayed CHOLAHLDNG.NS: 16 / 6 (3024s)
replayed CDSL.NS: 16 / 7 (3024s)
replayed ACUTAAS.NS: 19 / 11 (3024s)
replayed PPLPHARMA.NS: 10 / 4 (3024s)
replayed ACMESOLAR.NS: 18 / 9 (3041s)
replayed BANDHANBNK.NS: 19 / 13 (3041s)
replayed GRSE.NS: 19 / 5 (3041s)
replayed CENTRALBK.NS: 26 / 9 (3041s)
replayed RRKABEL.NS: 17 / 9 (3044s)
replayed ANGELONE.NS: 18 / 9 (3044s)
replayed DATAPATTNS.NS: 15 / 6 (3044s)
replayed APOLLOTYRE.NS: 14 / 5 (3044s)
replayed CGCL.NS: 17 / 10 (3044s)
replayed IIFL.NS: 21 / 9 (3044s)
replayed AMBER.NS: 14 / 6 (3044s)
replayed ITI.NS: 18 / 2 (3044s)
replayed ASAHIINDIA.NS: 15 / 5 (3056s)
replayed KPIL.NS: 21 / 10 (3056s)
replayed PFOCUS.NS: 18 / 10 (3056s)
replayed CHENNPETRO.NS: 15 / 8 (3056s)
replayed MSUMI.NS: 14 / 8 (3072s)
replayed GILLETTE.NS: 28 / 8 (3072s)
replayed IRB.NS: 12 / 2 (3072s)
replayed AWL.NS: 23 / 12 (3072s)
replayed FORCEMOT.NS: 18 / 8 (3075s)
replayed GABRIEL.NS: 15 / 10 (3075s)
replayed EMMVEE.NS: 15 / 9 (3075s)
replayed ACC.NS: 15 / 3 (3075s)
replayed KAYNES.NS: 15 / 9 (3075s)
replayed IFCI.NS: 13 / 6 (3075s)
replayed JYOTICNC.NS: 10 / 4 (3075s)
replayed NBCC.NS: 20 / 7 (3075s)
replayed CREDITACC.NS: 16 / 6 (3086s)
replayed DEEPAKNTR.NS: 17 / 6 (3086s)
replayed CUB.NS: 14 / 8 (3086s)
replayed AFFLE.NS: 17 / 6 (3086s)
replayed GRANULES.NS: 20 / 8 (3104s)
replayed BELRISE.NS: 15 / 7 (3104s)
replayed ANANTRAJ.NS: 17 / 9 (3104s)
replayed FINCABLES.NS: 17 / 7 (3104s)
replayed CEMPRO.NS: 16 / 4 (3106s)
replayed IGL.NS: 27 / 6 (3106s)
replayed CAPLIPOINT.NS: 22 / 7 (3106s)
replayed BRIGADE.NS: 10 / 3 (3106s)
replayed CARBORUNIV.NS: 17 / 11 (3106s)
replayed AADHARHFC.NS: 18 / 8 (3106s)
replayed JINDALSAW.NS: 16 / 7 (3106s)
replayed HBLENGINE.NS: 14 / 5 (3106s)
replayed PINELABS.NS: 16 / 11 (3118s)
replayed GESHIP.NS: 13 / 4 (3118s)
replayed ELGIEQUIP.NS: 15 / 10 (3118s)
replayed CESC.NS: 13 / 4 (3118s)
replayed KAJARIACER.NS: 22 / 13 (3137s)
replayed ATUL.NS: 15 / 7 (3137s)
replayed CASTROLIND.NS: 24 / 9 (3137s)
replayed GMDCLTD.NS: 17 / 6 (3137s)
replayed AARTIIND.NS: 26 / 11 (3137s)
replayed EIHOTEL.NS: 16 / 7 (3137s)
replayed POLYMED.NS: 18 / 8 (3137s)
replayed ONESOURCE.NS: 16 / 4 (3137s)
replayed CAMS.NS: 19 / 7 (3137s)
replayed FSL.NS: 16 / 7 (3137s)
replayed OLAELEC.NS: 28 / 15 (3137s)
replayed CHOICEIN.NS: 19 / 13 (3137s)
replayed ABDL.NS: 12 / 2 (3140s)
replayed COHANCE.NS: 16 / 8 (3140s)
replayed BEML.NS: 15 / 9 (3140s)
{'market': 'CRYPTO', 'tf': '30m', 'from': '2026-05-31', 'rule': 'live rules (as today)', 'trades': 854, 'target_hit': 148, 'SL': 359, 'BE': 321, 'time_exit': 26, 'target_%': 17, 'net_R': -194.1, 'R_per_trade': -0.227, 'net_%_per_trade': -0.114}
{'market': 'CRYPTO', 'tf': '30m', 'from': '2026-05-31', 'rule': 'live rules, trend only', 'trades': 854, 'target_hit': 148, 'SL': 359, 'BE': 321, 'time_exit': 26, 'target_%': 17, 'net_R': -194.1, 'R_per_trade': -0.227, 'net_%_per_trade': -0.114}
{'market': 'CRYPTO', 'tf': '30m', 'from': '2026-05-31', 'rule': 'SL 1.5% / TP 3%, trend only', 'trades': 980, 'target_hit': 102, 'SL': 396, 'BE': 0, 'time_exit': 482, 'target_%': 10, 'net_R': -109.9, 'R_per_trade': -0.112, 'net_%_per_trade': -0.168}
{'market': 'CRYPTO', 'tf': '30m', 'from': '2026-05-31', 'rule': 'SL 1.5% / TP 3% + BE, trend only', 'trades': 976, 'target_hit': 59, 'SL': 286, 'BE': 303, 'time_exit': 328, 'target_%': 6, 'net_R': -118.7, 'R_per_trade': -0.122, 'net_%_per_trade': -0.182}
{'market': 'CRYPTO', 'tf': '30m', 'from': '2026-05-31', 'rule': 'SL 1.5% / TP 4%, trend only', 'trades': 980, 'target_hit': 64, 'SL': 407, 'BE': 0, 'time_exit': 509, 'target_%': 7, 'net_R': -114.4, 'R_per_trade': -0.117, 'net_%_per_trade': -0.175}
{'market': 'CRYPTO', 'tf': '30m', 'from': '2026-05-31', 'rule': 'SL 1.5% / TP 4% + BE, trend only', 'trades': 976, 'target_hit': 37, 'SL': 286, 'BE': 311, 'time_exit': 342, 'target_%': 4, 'net_R': -115.3, 'R_per_trade': -0.118, 'net_%_per_trade': -0.177}
{'market': 'XSTOCK', 'tf': '30m', 'from': '2026-05-31', 'rule': 'live rules (as today)', 'trades': 388, 'target_hit': 47, 'SL': 203, 'BE': 118, 'time_exit': 20, 'target_%': 12, 'net_R': -186.7, 'R_per_trade': -0.481, 'net_%_per_trade': -0.228}
{'market': 'XSTOCK', 'tf': '30m', 'from': '2026-05-31', 'rule': 'live rules, trend only', 'trades': 194, 'target_hit': 24, 'SL': 108, 'BE': 48, 'time_exit': 14, 'target_%': 12, 'net_R': -96.7, 'R_per_trade': -0.499, 'net_%_per_trade': -0.256}
{'market': 'XSTOCK', 'tf': '30m', 'from': '2026-05-31', 'rule': 'SL 1.5% / TP 3%, trend only', 'trades': 260, 'target_hit': 28, 'SL': 96, 'BE': 0, 'time_exit': 136, 'target_%': 11, 'net_R': -39.3, 'R_per_trade': -0.151, 'net_%_per_trade': -0.227}
{'market': 'XSTOCK', 'tf': '30m', 'from': '2026-05-31', 'rule': 'SL 1.5% / TP 3% + BE, trend only', 'trades': 259, 'target_hit': 18, 'SL': 78, 'BE': 59, 'time_exit': 104, 'target_%': 7, 'net_R': -45.7, 'R_per_trade': -0.176, 'net_%_per_trade': -0.265}
{'market': 'XSTOCK', 'tf': '30m', 'from': '2026-05-31', 'rule': 'SL 1.5% / TP 4%, trend only', 'trades': 260, 'target_hit': 15, 'SL': 96, 'BE': 0, 'time_exit': 149, 'target_%': 6, 'net_R': -37.1, 'R_per_trade': -0.143, 'net_%_per_trade': -0.214}
{'market': 'XSTOCK', 'tf': '30m', 'from': '2026-05-31', 'rule': 'SL 1.5% / TP 4% + BE, trend only', 'trades': 259, 'target_hit': 11, 'SL': 78, 'BE': 60, 'time_exit': 110, 'target_%': 4, 'net_R': -42.8, 'R_per_trade': -0.165, 'net_%_per_trade': -0.248}
{'market': 'OTHER', 'tf': '30m', 'from': '2026-06-01', 'rule': 'live rules (as today)', 'trades': 107, 'target_hit': 18, 'SL': 50, 'BE': 36, 'time_exit': 3, 'target_%': 17, 'net_R': -41.5, 'R_per_trade': -0.388, 'net_%_per_trade': -0.133}
{'market': 'OTHER', 'tf': '30m', 'from': '2026-06-01', 'rule': 'live rules, trend only', 'trades': 47, 'target_hit': 8, 'SL': 17, 'BE': 20, 'time_exit': 2, 'target_%': 17, 'net_R': -11.7, 'R_per_trade': -0.249, 'net_%_per_trade': -0.054}
{'market': 'OTHER', 'tf': '30m', 'from': '2026-06-01', 'rule': 'SL 1.5% / TP 3%, trend only', 'trades': 82, 'target_hit': 2, 'SL': 15, 'BE': 0, 'time_exit': 65, 'target_%': 2, 'net_R': -8.3, 'R_per_trade': -0.101, 'net_%_per_trade': -0.151}
{'market': 'OTHER', 'tf': '30m', 'from': '2026-06-01', 'rule': 'SL 1.5% / TP 3% + BE, trend only', 'trades': 82, 'target_hit': 1, 'SL': 13, 'BE': 12, 'time_exit': 56, 'target_%': 1, 'net_R': -7.9, 'R_per_trade': -0.096, 'net_%_per_trade': -0.144}
{'market': 'OTHER', 'tf': '30m', 'from': '2026-06-01', 'rule': 'SL 1.5% / TP 4%, trend only', 'trades': 82, 'target_hit': 2, 'SL': 15, 'BE': 0, 'time_exit': 65, 'target_%': 2, 'net_R': -6.9, 'R_per_trade': -0.084, 'net_%_per_trade': -0.127}
{'market': 'OTHER', 'tf': '30m', 'from': '2026-06-01', 'rule': 'SL 1.5% / TP 4% + BE, trend only', 'trades': 82, 'target_hit': 1, 'SL': 13, 'BE': 12, 'time_exit': 56, 'target_%': 1, 'net_R': -7.2, 'R_per_trade': -0.088, 'net_%_per_trade': -0.132}
{'market': 'NSE', 'tf': '30m', 'from': '2026-08-06', 'rule': 'live rules (as today)', 'trades': 1571, 'target_hit': 205, 'SL': 645, 'BE': 516, 'time_exit': 205, 'target_%': 13, 'net_R': -513.8, 'R_per_trade': -0.327, 'net_%_per_trade': -0.172}
{'market': 'NSE', 'tf': '30m', 'from': '2026-08-06', 'rule': 'live rules, trend only', 'trades': 704, 'target_hit': 89, 'SL': 304, 'BE': 225, 'time_exit': 86, 'target_%': 13, 'net_R': -265.7, 'R_per_trade': -0.377, 'net_%_per_trade': -0.201}
{'market': 'NSE', 'tf': '30m', 'from': '2026-08-06', 'rule': 'SL 1.5% / TP 3%, trend only', 'trades': 929, 'target_hit': 36, 'SL': 211, 'BE': 0, 'time_exit': 682, 'target_%': 4, 'net_R': -97.5, 'R_per_trade': -0.105, 'net_%_per_trade': -0.157}
{'market': 'NSE', 'tf': '30m', 'from': '2026-08-06', 'rule': 'SL 1.5% / TP 3% + BE, trend only', 'trades': 930, 'target_hit': 30, 'SL': 184, 'BE': 156, 'time_exit': 560, 'target_%': 3, 'net_R': -97.4, 'R_per_trade': -0.105, 'net_%_per_trade': -0.157}
{'market': 'NSE', 'tf': '30m', 'from': '2026-08-06', 'rule': 'SL 1.5% / TP 4%, trend only', 'trades': 929, 'target_hit': 18, 'SL': 211, 'BE': 0, 'time_exit': 700, 'target_%': 2, 'net_R': -91.3, 'R_per_trade': -0.098, 'net_%_per_trade': -0.147}
{'market': 'NSE', 'tf': '30m', 'from': '2026-08-06', 'rule': 'SL 1.5% / TP 4% + BE, trend only', 'trades': 930, 'target_hit': 15, 'SL': 184, 'BE': 156, 'time_exit': 575, 'target_%': 2, 'net_R': -91.6, 'R_per_trade': -0.099, 'net_%_per_trade': -0.148}
# Zones, fixed 1.5% stop / 3-4% target, trend only: 30m, 2026-06-01 to 2026-10-10

Alerts replayed with the live zone rules. Graded by the production scorer (6h after entry for crypto/xStock/other, same day to 15:10 for NSE; fees, stop slip). 'BE' = +0.5R moves the stop past entry. Net R in each rule's own R (fixed: 1R = 1.5%); net_%_per_trade = net R x stop % - compare that column across rules. 'from' = first alert (NSE 30m: Yahoo keeps 60 days).

| market   | tf   | from       | rule                             |   trades |   target_hit |   SL |   BE |   time_exit |   target_% |   net_R |   R_per_trade |   net_%_per_trade |
|:---------|:-----|:-----------|:---------------------------------|---------:|-------------:|-----:|-----:|------------:|-----------:|--------:|--------------:|------------------:|
| CRYPTO   | 30m  | 2026-05-31 | live rules (as today)            |      854 |          148 |  359 |  321 |          26 |         17 |  -194.1 |        -0.227 |            -0.114 |
| CRYPTO   | 30m  | 2026-05-31 | live rules, trend only           |      854 |          148 |  359 |  321 |          26 |         17 |  -194.1 |        -0.227 |            -0.114 |
| CRYPTO   | 30m  | 2026-05-31 | SL 1.5% / TP 3%, trend only      |      980 |          102 |  396 |    0 |         482 |         10 |  -109.9 |        -0.112 |            -0.168 |
| CRYPTO   | 30m  | 2026-05-31 | SL 1.5% / TP 3% + BE, trend only |      976 |           59 |  286 |  303 |         328 |          6 |  -118.7 |        -0.122 |            -0.182 |
| CRYPTO   | 30m  | 2026-05-31 | SL 1.5% / TP 4%, trend only      |      980 |           64 |  407 |    0 |         509 |          7 |  -114.4 |        -0.117 |            -0.175 |
| CRYPTO   | 30m  | 2026-05-31 | SL 1.5% / TP 4% + BE, trend only |      976 |           37 |  286 |  311 |         342 |          4 |  -115.3 |        -0.118 |            -0.177 |
| XSTOCK   | 30m  | 2026-05-31 | live rules (as today)            |      388 |           47 |  203 |  118 |          20 |         12 |  -186.7 |        -0.481 |            -0.228 |
| XSTOCK   | 30m  | 2026-05-31 | live rules, trend only           |      194 |           24 |  108 |   48 |          14 |         12 |   -96.7 |        -0.499 |            -0.256 |
| XSTOCK   | 30m  | 2026-05-31 | SL 1.5% / TP 3%, trend only      |      260 |           28 |   96 |    0 |         136 |         11 |   -39.3 |        -0.151 |            -0.227 |
| XSTOCK   | 30m  | 2026-05-31 | SL 1.5% / TP 3% + BE, trend only |      259 |           18 |   78 |   59 |         104 |          7 |   -45.7 |        -0.176 |            -0.265 |
| XSTOCK   | 30m  | 2026-05-31 | SL 1.5% / TP 4%, trend only      |      260 |           15 |   96 |    0 |         149 |          6 |   -37.1 |        -0.143 |            -0.214 |
| XSTOCK   | 30m  | 2026-05-31 | SL 1.5% / TP 4% + BE, trend only |      259 |           11 |   78 |   60 |         110 |          4 |   -42.8 |        -0.165 |            -0.248 |
| OTHER    | 30m  | 2026-06-01 | live rules (as today)            |      107 |           18 |   50 |   36 |           3 |         17 |   -41.5 |        -0.388 |            -0.133 |
| OTHER    | 30m  | 2026-06-01 | live rules, trend only           |       47 |            8 |   17 |   20 |           2 |         17 |   -11.7 |        -0.249 |            -0.054 |
| OTHER    | 30m  | 2026-06-01 | SL 1.5% / TP 3%, trend only      |       82 |            2 |   15 |    0 |          65 |          2 |    -8.3 |        -0.101 |            -0.151 |
| OTHER    | 30m  | 2026-06-01 | SL 1.5% / TP 3% + BE, trend only |       82 |            1 |   13 |   12 |          56 |          1 |    -7.9 |        -0.096 |            -0.144 |
| OTHER    | 30m  | 2026-06-01 | SL 1.5% / TP 4%, trend only      |       82 |            2 |   15 |    0 |          65 |          2 |    -6.9 |        -0.084 |            -0.127 |
| OTHER    | 30m  | 2026-06-01 | SL 1.5% / TP 4% + BE, trend only |       82 |            1 |   13 |   12 |          56 |          1 |    -7.2 |        -0.088 |            -0.132 |
| NSE      | 30m  | 2026-08-06 | live rules (as today)            |     1571 |          205 |  645 |  516 |         205 |         13 |  -513.8 |        -0.327 |            -0.172 |
| NSE      | 30m  | 2026-08-06 | live rules, trend only           |      704 |           89 |  304 |  225 |          86 |         13 |  -265.7 |        -0.377 |            -0.201 |
| NSE      | 30m  | 2026-08-06 | SL 1.5% / TP 3%, trend only      |      929 |           36 |  211 |    0 |         682 |          4 |   -97.5 |        -0.105 |            -0.157 |
| NSE      | 30m  | 2026-08-06 | SL 1.5% / TP 3% + BE, trend only |      930 |           30 |  184 |  156 |         560 |          3 |   -97.4 |        -0.105 |            -0.157 |
| NSE      | 30m  | 2026-08-06 | SL 1.5% / TP 4%, trend only      |      929 |           18 |  211 |    0 |         700 |          2 |   -91.3 |        -0.098 |            -0.147 |
| NSE      | 30m  | 2026-08-06 | SL 1.5% / TP 4% + BE, trend only |      930 |           15 |  184 |  156 |         575 |          2 |   -91.6 |        -0.099 |            -0.148 |

