# Trendline swing length backtest (trendlines only)

Lengths [10, 15, 20]; current live = 10. Same data, trade rules and scoring as `fib_trendline_backtest.py` (Delta candles for crypto, Yahoo for NSE; +2R target, BE at +0.5R, fees). Fibs and zones not touched. Live timeframes: 4H/1D/1W/1M.

## LIVE timeframes (4H/1D/1W/1M)

| market | tf | length | alerts | /day | filled | win@2R | net R | R/trade |
|---|---|---|---|---|---|---|---|---|
| crypto | 4h | 10 | 8054 | 8.3 | 6183 | 24% | -1683.7 | -0.273 |
| crypto | 4h | 15 | 5560 | 5.7 | 4270 | 23% | -1270.5 | -0.298 |
| crypto | 4h | 20 | 4081 | 4.4 | 3156 | 23% | -946.6 | -0.300 |
| crypto | 1d | 10 | 1139 | 1.2 | 1003 | 22% | -316.7 | -0.317 |
| crypto | 1d | 15 | 709 | 0.8 | 624 | 21% | -220.9 | -0.354 |
| crypto | 1d | 20 | 456 | 0.5 | 393 | 20% | -148.1 | -0.377 |
| crypto | 1w | 10 | 49 | 0.1 | 46 | 21% | -17.1 | -0.372 |
| crypto | 1w | 15 | 36 | 0.1 | 33 | 26% | -8.5 | -0.258 |
| crypto | 1w | 20 | 6 | 0.0 | 6 | 33% | -0.3 | -0.047 |
| crypto | 1M | 10 | 0 | 0.0 | 0 | 0% | +0.0 | +0.000 |
| crypto | 1M | 15 | 0 | 0.0 | 0 | 0% | +0.0 | +0.000 |
| crypto | 1M | 20 | 0 | 0.0 | 0 | 0% | +0.0 | +0.000 |
| crypto | all | 10 | 9242 | 9.5 | 7232 | 24% | -2017.5 | -0.280 |
| crypto | all | 15 | 6305 | 6.5 | 4927 | 23% | -1499.9 | -0.305 |
| crypto | all | 20 | 4543 | 4.9 | 3555 | 23% | -1095.0 | -0.308 |
| nse | 4h | 10 | 16105 | 24.0 | 12492 | 24% | -3873.5 | -0.310 |
| nse | 4h | 15 | 10604 | 16.2 | 8142 | 23% | -2590.0 | -0.318 |
| nse | 4h | 20 | 7532 | 11.7 | 5761 | 23% | -1860.2 | -0.323 |
| nse | 1d | 10 | 10078 | 14.5 | 8407 | 24% | -2054.2 | -0.245 |
| nse | 1d | 15 | 6839 | 9.8 | 5660 | 25% | -1348.5 | -0.238 |
| nse | 1d | 20 | 5142 | 7.4 | 4241 | 24% | -1052.0 | -0.248 |
| nse | 1w | 10 | 10430 | 1.0 | 9232 | 23% | -2585.5 | -0.280 |
| nse | 1w | 15 | 6093 | 0.6 | 5394 | 23% | -1453.1 | -0.270 |
| nse | 1w | 20 | 4054 | 0.4 | 3587 | 24% | -978.1 | -0.273 |
| nse | 1M | 10 | 919 | 0.1 | 859 | 23% | -231.0 | -0.269 |
| nse | 1M | 15 | 495 | 0.1 | 467 | 24% | -112.1 | -0.241 |
| nse | 1M | 20 | 287 | 0.0 | 270 | 21% | -83.4 | -0.310 |
| nse | all | 10 | 37532 | 3.5 | 30990 | 24% | -8744.2 | -0.282 |
| nse | all | 15 | 24031 | 2.3 | 19663 | 24% | -5503.6 | -0.280 |
| nse | all | 20 | 17015 | 1.6 | 13859 | 24% | -3973.7 | -0.287 |

## 30m (alerts off)

| market | tf | length | alerts | /day | filled | win@2R | net R | R/trade |
|---|---|---|---|---|---|---|---|---|
| crypto | 30m | 10 | 12730 | 154.6 | 6180 | 26% | -1995.1 | -0.327 |
| crypto | 30m | 15 | 9049 | 110.1 | 4195 | 26% | -1366.3 | -0.329 |
| crypto | 30m | 20 | 7189 | 88.5 | 3189 | 25% | -1091.3 | -0.346 |
| nse | 30m | 10 | 16753 | 206.7 | 8513 | 24% | -3227.2 | -0.380 |
| nse | 30m | 15 | 9531 | 123.4 | 4599 | 23% | -1798.6 | -0.392 |
| nse | 30m | 20 | 7030 | 92.3 | 3500 | 23% | -1362.9 | -0.390 |

## Total, live timeframes, both markets

| length | alerts | filled | net R | R/trade |
|---|---|---|---|---|
| 10 | 46774 | 38222 | -10761.8 | -0.282 |
| 15 | 30336 | 24590 | -7003.5 | -0.285 |
| 20 | 21558 | 17414 | -5068.7 | -0.291 |
