okx BTCUSD unavailable: argument of type 'NoneType' is not iterable
BTCUSD: delta 2270/34572, bitunix 2269/34523
okx XRPUSD unavailable: argument of type 'NoneType' is not iterable
okx SOLUSD unavailable: argument of type 'NoneType' is not iterable
ETHUSD: delta 2270/34572, bitunix 2269/34543
SOLUSD: delta 2270/34572, bitunix 2269/34553
XRPUSD: delta 2270/34572, bitunix 2269/34523
HYPEUSD: delta 2270/34565, bitunix 2269/34521
AKE/USDT: delta 449/21514, bitunix 2215/34522
ZECUSD: delta 2183/34570, bitunix 2269/34556
DOGEUSD: delta 2270/34569, bitunix 2269/34521
AAVEUSD: delta 2270/34562, bitunix 2265/4200
BEAT/USDT: delta 1637/34572, bitunix 1944/34522
UNIUSD: delta 2270/34565, bitunix 2265/5600
LINKUSD: delta 2270/34564, bitunix 2269/34521
AVAXUSD: delta 2270/34563, bitunix 2265/34522
LTCUSD: delta 2270/34572, bitunix 2269/1400
BNBUSD: delta 2270/34569, bitunix 2265/34522
TRUMP/USDT: delta 2270/34546, bitunix 2265/34523
BCHUSD: delta 2270/34557, bitunix 2265/34522
TACUSD: delta 539/25847, bitunix 2265/34523
ZORAUSD: delta 2270/34368, bitunix 2265/34522
BLESSUSD: delta 2178/34565, bitunix 2250/34522
HUSD: delta 2270/34569, bitunix 2265/34522
VELVETUSD: delta 666/31935, bitunix 2266/34522
RIVERUSD: delta 1637/34571, bitunix 2095/34522
replayed BTCUSD delta: 6 alerts (31s)
replayed BTCUSD bitunix: 5 alerts (31s)
replayed ETHUSD delta: 13 alerts (31s)
replayed ETHUSD bitunix: 14 alerts (31s)
replayed SOLUSD delta: 6 alerts (60s)
replayed SOLUSD bitunix: 6 alerts (60s)
replayed XRPUSD delta: 6 alerts (61s)
replayed XRPUSD bitunix: 6 alerts (62s)
replayed HYPEUSD delta: 10 alerts (93s)
replayed HYPEUSD bitunix: 8 alerts (93s)
replayed AKE/USDT delta: 0 alerts (93s)
replayed AKE/USDT bitunix: 2 alerts (93s)
replayed ZECUSD delta: 6 alerts (96s)
replayed ZECUSD bitunix: 7 alerts (123s)
replayed DOGEUSD delta: 7 alerts (123s)
replayed DOGEUSD bitunix: 7 alerts (123s)
replayed AAVEUSD delta: 5 alerts (127s)
replayed AAVEUSD bitunix: 0 alerts (150s)
replayed BEAT/USDT delta: 3 alerts (150s)
replayed BEAT/USDT bitunix: 3 alerts (154s)
replayed UNIUSD delta: 4 alerts (158s)
replayed UNIUSD bitunix: 0 alerts (178s)
replayed LINKUSD delta: 4 alerts (181s)
replayed LINKUSD bitunix: 3 alerts (185s)
replayed AVAXUSD delta: 2 alerts (189s)
replayed AVAXUSD bitunix: 3 alerts (209s)
replayed LTCUSD delta: 9 alerts (212s)
replayed LTCUSD bitunix: 0 alerts (212s)
replayed BNBUSD delta: 11 alerts (219s)
replayed BNBUSD bitunix: 13 alerts (239s)
replayed TRUMP/USDT delta: 7 alerts (242s)
replayed TRUMP/USDT bitunix: 5 alerts (242s)
replayed BCHUSD delta: 7 alerts (250s)
replayed BCHUSD bitunix: 7 alerts (269s)
replayed TACUSD delta: 4 alerts (269s)
replayed TACUSD bitunix: 6 alerts (271s)
replayed ZORAUSD delta: 4 alerts (278s)
replayed ZORAUSD bitunix: 5 alerts (283s)
replayed BLESSUSD delta: 3 alerts (299s)
replayed BLESSUSD bitunix: 5 alerts (300s)
replayed HUSD delta: 5 alerts (307s)
replayed HUSD bitunix: 5 alerts (312s)
replayed VELVETUSD delta: 3 alerts (312s)
replayed VELVETUSD bitunix: 5 alerts (322s)
replayed RIVERUSD delta: 2 alerts (327s)
replayed RIVERUSD bitunix: 2 alerts (331s)
# Zones 4h: Delta vs Bitunix candles

Window: last 120 days to 2026-10-05 12:25 IST; 23 crypto symbols both venues serve. Fees: Delta in every row.

## Candles (evaluation window, closed bars)

| symbol     | tf   |   common_bars |   delta_missing |   bitunix_missing |   close_diff_med_pct |   range_ratio_med |   vol_ratio_bitunix_to_delta |   delta_thin_pct |   bitunix_thin_pct |   delta_zero_vol |   bitunix_zero_vol |   delta_wick_outliers |   bitunix_wick_outliers |   okx_bars |   delta_only_wicks |   bitunix_only_wicks |
|:-----------|:-----|--------------:|----------------:|------------------:|---------------------:|------------------:|-----------------------------:|-----------------:|-------------------:|-----------------:|-------------------:|----------------------:|------------------------:|-----------:|-------------------:|---------------------:|
| BTCUSD     | 4h   |           719 |               0 |                 0 |                0.010 |             1.001 |                        2.114 |            0.000 |              0.000 |                0 |                  0 |                     0 |                       0 |    nan     |            nan     |              nan     |
| ETHUSD     | 4h   |           719 |               0 |                 0 |                0.003 |             1.003 |                        2.639 |            0.139 |              0.000 |                0 |                  0 |                     0 |                       0 |    719.000 |              0.000 |                0.000 |
| SOLUSD     | 4h   |           719 |               0 |                 0 |                0.050 |             1.000 |                        2.200 |            0.000 |              0.000 |                0 |                  0 |                     0 |                       1 |    nan     |            nan     |              nan     |
| XRPUSD     | 4h   |           719 |               0 |                 0 |                0.074 |             1.002 |                        8.247 |            0.000 |              0.000 |                0 |                  0 |                     0 |                       0 |    nan     |            nan     |              nan     |
| HYPEUSD    | 4h   |           719 |               0 |                 0 |                0.073 |             0.965 |                       70.971 |            0.834 |              0.000 |                0 |                  0 |                     0 |                       3 |    719.000 |              0.000 |                0.000 |
| AKE/USDT   | 4h   |           447 |               0 |                 1 |                0.106 |             0.980 |                        0.439 |            2.237 |              2.685 |                0 |                  0 |                     0 |                       7 |    nan     |            nan     |              nan     |
| ZECUSD     | 4h   |           719 |               0 |                 0 |                0.107 |             0.959 |                       33.687 |            0.556 |              0.278 |                0 |                  0 |                     0 |                       4 |    719.000 |              0.000 |                1.000 |
| DOGEUSD    | 4h   |           719 |               0 |                 0 |                0.126 |             0.997 |                        8.154 |            1.252 |              0.000 |                0 |                  0 |                     2 |                       3 |    719.000 |              1.000 |                0.000 |
| AAVEUSD    | 4h   |           717 |               0 |                 2 |                0.142 |             0.969 |                        3.788 |            0.976 |              0.000 |                0 |                  0 |                     0 |                       8 |    717.000 |              0.000 |                0.000 |
| BEAT/USDT  | 4h   |           717 |               0 |                 2 |                0.115 |             0.994 |                        0.603 |            0.976 |              3.766 |                0 |                  0 |                     0 |                       2 |    717.000 |              0.000 |                1.000 |
| UNIUSD     | 4h   |           717 |               0 |                 2 |                0.113 |             1.000 |                        4.929 |            2.510 |              0.000 |                0 |                  0 |                     0 |                       3 |    717.000 |              0.000 |                0.000 |
| LINKUSD    | 4h   |           719 |               0 |                 0 |                0.036 |             0.968 |                       14.771 |            1.669 |              0.000 |                0 |                  0 |                    22 |                       1 |    719.000 |             20.000 |                0.000 |
| AVAXUSD    | 4h   |           717 |               0 |                 2 |                0.089 |             0.981 |                        8.605 |            1.674 |              0.000 |                0 |                  0 |                     0 |                       2 |    717.000 |              0.000 |                0.000 |
| LTCUSD     | 4h   |           719 |               0 |                 0 |                0.107 |             0.983 |                        3.404 |            2.503 |              0.000 |                0 |                  0 |                     3 |                      12 |    719.000 |              2.000 |                0.000 |
| BNBUSD     | 4h   |           717 |               0 |                 2 |                0.081 |             0.975 |                        9.021 |            0.837 |              0.000 |                0 |                  0 |                     0 |                       4 |    717.000 |              0.000 |                0.000 |
| TRUMP/USDT | 4h   |           717 |               0 |                 2 |                0.238 |             0.963 |                       40.855 |           10.042 |              0.000 |                0 |                  0 |                     4 |                      70 |    717.000 |              3.000 |                1.000 |
| BCHUSD     | 4h   |           717 |               0 |                 2 |                0.106 |             0.964 |                        6.857 |            1.674 |              0.000 |                0 |                  0 |                     0 |                       7 |    717.000 |              0.000 |                1.000 |
| TACUSD     | 4h   |           537 |               0 |                 1 |                0.137 |             0.949 |                        1.165 |            7.635 |              0.000 |                0 |                  0 |                     0 |                      21 |    nan     |            nan     |              nan     |
| ZORAUSD    | 4h   |           717 |               0 |                 2 |                0.351 |             0.808 |                       21.264 |           17.852 |              0.000 |               13 |                  0 |                    11 |                     244 |    717.000 |              7.000 |                0.000 |
| BLESSUSD   | 4h   |           717 |               0 |                 2 |                0.104 |             0.983 |                        0.811 |            5.858 |              0.000 |                0 |                  0 |                     0 |                       4 |    nan     |            nan     |              nan     |
| HUSD       | 4h   |           717 |               0 |                 2 |                0.093 |             0.983 |                        0.316 |            2.232 |              0.000 |                0 |                  0 |                     0 |                       3 |    717.000 |              0.000 |                3.000 |
| VELVETUSD  | 4h   |           662 |               0 |                 3 |                0.176 |             1.018 |                        2.151 |            8.308 |              1.964 |                0 |                  0 |                    11 |                       0 |    nan     |            nan     |              nan     |
| RIVERUSD   | 4h   |           717 |               0 |                 2 |                0.088 |             0.983 |                        0.771 |            0.558 |              0.000 |                0 |                  0 |                     0 |                       1 |    717.000 |              0.000 |                0.000 |

## Alert replay

| alerts_from   | graded_on   |   alerts |   filled |   SL |   BE |   +1R |   +2R |   Neither |   ambiguous |   win_pct |   net_R |   R_per_trade |
|:--------------|:------------|---------:|---------:|-----:|-----:|------:|------:|----------:|------------:|----------:|--------:|--------------:|
| delta         | delta       |      107 |       90 |   36 |   29 |     6 |    14 |         5 |           1 |      35.7 |   -11.7 |        -0.13  |
| delta         | bitunix     |      108 |       76 |   34 |   23 |     4 |    12 |         3 |           2 |      32   |   -16.2 |        -0.213 |
| bitunix       | delta       |      100 |       80 |   40 |   20 |     5 |    12 |         3 |           2 |      29.8 |   -20.8 |        -0.26  |
| bitunix       | bitunix     |       98 |       83 |   38 |   22 |     6 |    13 |         4 |           4 |      33.3 |   -16.5 |        -0.199 |
| delta only    | delta       |       32 |       27 |   10 |   11 |     0 |     4 |         2 |           1 |      28.6 |    -4.1 |        -0.153 |
| bitunix only  | delta       |       24 |       18 |   13 |    4 |     0 |     1 |         0 |           1 |       7.1 |   -13.7 |        -0.76  |

