$HEG.NS: 5m data not available for startTime=1784259900 and endTime=1791096185. The requested range must be within the last 60 days.

1 Failed download:
['HEG.NS']: 5m data not available for startTime=1784259900 and endTime=1791096185. The requested range must be within the last 60 days.
2747 filled trades
0G/USDT: 0 5m, 0 4h, 0 1d
1000BONKUSD: 15601 5m, 1525 4h, 254 1d
1000PEPEUSD: 15592 5m, 1525 4h, 254 1d
1000SHIBUSD: 15599 5m, 1525 4h, 254 1d
AAPLXUSD: 15593 5m, 1362 4h, 228 1d
AAVEUSD: 15601 5m, 1525 4h, 254 1d
ACE/USDT: 0 5m, 0 4h, 0 1d
ADAUSD: 15601 5m, 1525 4h, 254 1d
AERO/USDT: 0 5m, 0 4h, 0 1d
AKE/USDT: 15601 5m, 444 4h, 75 1d
ALGO/USDT: 0 5m, 1525 4h, 254 1d
ALLO/USDT: 15601 5m, 703 4h, 118 1d
AMZNXUSD: 15599 5m, 1362 4h, 228 1d
APTUSD: 15578 5m, 1525 4h, 254 1d
ARBUSD: 15597 5m, 1525 4h, 254 1d
ASTER/USDT: 15601 5m, 1525 4h, 254 1d
ATOM/USDT: 0 5m, 1525 4h, 254 1d
AVAXUSD: 15600 5m, 1525 4h, 254 1d
skip AVGO/USDT:USDT: no Delta contract
skip AXTI/USDT:USDT: no Delta contract
skip BABA/USDT:USDT: no Delta contract
BANK/USDT: 15601 5m, 444 4h, 75 1d
BCHUSD: 15601 5m, 1525 4h, 254 1d
BEAT/USDT: 15601 5m, 1525 4h, 254 1d
BLESSUSD: 15601 5m, 1525 4h, 254 1d
BNBUSD: 15600 5m, 1525 4h, 254 1d
BOME/USDT: 0 5m, 0 4h, 0 1d
BTCUSD: 15601 5m, 1525 4h, 254 1d
BTW/USDT: 802 5m, 18 4h, 4 1d
CAP/USDT: 0 5m, 0 4h, 0 1d
CL/USDT: 0 5m, 0 4h, 0 1d
COINXUSD: 15594 5m, 1272 4h, 213 1d
COTI/USDT: 0 5m, 0 4h, 0 1d
CRCLXUSD: 15596 5m, 1272 4h, 213 1d
CRV/USDT: 0 5m, 0 4h, 0 1d
DASH/USDT: 15596 5m, 1525 4h, 254 1d
DEXE/USDT: 0 5m, 0 4h, 0 1d
DOGEUSD: 15601 5m, 1525 4h, 254 1d
DOTUSD: 15600 5m, 1525 4h, 254 1d
ENA/USDT: 15601 5m, 1525 4h, 254 1d
ERA/USDT: 0 5m, 0 4h, 0 1d
ESP/USDT: 0 5m, 0 4h, 0 1d
ESPORTS/USDT: 15601 5m, 444 4h, 75 1d
ETHFI/USDT: 15600 5m, 1525 4h, 254 1d
ETHUSD: 15601 5m, 1525 4h, 254 1d
EUL/USDT: 0 5m, 0 4h, 0 1d
EWYBUSD: 15586 5m, 516 4h, 87 1d
FARTCOIN/USDT: 15601 5m, 1525 4h, 254 1d
FILUSD: 15598 5m, 1525 4h, 254 1d
GALA/USDT: 15601 5m, 1525 4h, 254 1d
GOOGLXUSD: 15601 5m, 1362 4h, 228 1d
GWEI/USDT: 0 5m, 0 4h, 0 1d
HBAR/USDT: 15598 5m, 1525 4h, 254 1d
HOME/USDT: 0 5m, 0 4h, 0 1d
skip HOOD/USDT:USDT: no Delta contract
HUSD: 15601 5m, 1525 4h, 254 1d
HYPEUSD: 15601 5m, 1525 4h, 254 1d
skip IBM/USDT:USDT: no Delta contract
ICP/USDT: 0 5m, 0 4h, 0 1d
INJUSD: 15601 5m, 1525 4h, 254 1d
INTCBUSD: 15592 5m, 516 4h, 87 1d
JTO/USDT: 15601 5m, 1525 4h, 254 1d
JUP/USDT: 15582 5m, 1525 4h, 254 1d
KGEN/USDT: 0 5m, 0 4h, 0 1d
LA/USDT: 0 5m, 0 4h, 0 1d
LABUSD: 15601 5m, 918 4h, 154 1d
LDO/USDT: 15589 5m, 1525 4h, 254 1d
LINKUSD: 15601 5m, 1525 4h, 254 1d
LTCUSD: 15601 5m, 1525 4h, 254 1d
METAXUSD: 15601 5m, 1362 4h, 228 1d
MMT/USDT: 15601 5m, 1525 4h, 254 1d
MNT/USDT: 0 5m, 0 4h, 0 1d
MRVL/USDT:USDT: 15589 5m, 474 4h, 80 1d
skip MSFT/USDT:USDT: no Delta contract
MSTRBUSD: 15596 5m, 522 4h, 88 1d
MUBUSD: 15596 5m, 522 4h, 88 1d
skip NBIS/USDT:USDT: no Delta contract
NEARUSD: 15600 5m, 1525 4h, 254 1d
NVDAXUSD: 15601 5m, 1362 4h, 228 1d
O/USDT: 0 5m, 0 4h, 0 1d
ONDOUSD: 15600 5m, 1525 4h, 254 1d
OPUSD: 15600 5m, 1525 4h, 254 1d
ORDI/USDT: 15592 5m, 1525 4h, 254 1d
PAXGUSD: 15601 5m, 1362 4h, 228 1d
PENGU/USDT: 15601 5m, 1525 4h, 254 1d
PEOPLE/USDT: 15599 5m, 1525 4h, 254 1d
POL/USDT: 15596 5m, 1525 4h, 254 1d
PUMPUSD: 15601 5m, 1525 4h, 254 1d
RE/USDT: 0 5m, 0 4h, 0 1d
RIVERUSD: 15601 5m, 1525 4h, 254 1d
skip SAMSUNG/USDT:USDT: no Delta contract
SEIUSD: 15601 5m, 1525 4h, 254 1d
SLVONUSD: 15601 5m, 1320 4h, 221 1d
SNDKBUSD: 15601 5m, 522 4h, 88 1d
SOLUSD: 15601 5m, 1525 4h, 254 1d
SOON/USDT: 802 5m, 18 4h, 4 1d
SOXLBUSD: 15601 5m, 522 4h, 88 1d
skip SOXX/USDT:USDT: no Delta contract
SPCXXUSD: 15601 5m, 660 4h, 111 1d
STORJ/USDT: 0 5m, 0 4h, 0 1d
STRK/USDT: 15545 5m, 1525 4h, 254 1d
SUIUSD: 15600 5m, 1525 4h, 254 1d
TACUSD: 15601 5m, 534 4h, 90 1d
TAIKO/USDT: 0 5m, 0 4h, 0 1d
TAO/USDT: 15600 5m, 1525 4h, 254 1d
TIAUSD: 15600 5m, 1525 4h, 254 1d
skip TQQQ/USDT:USDT: no Delta contract
TRUMP/USDT: 15601 5m, 1525 4h, 254 1d
TRX/USDT: 15601 5m, 1525 4h, 254 1d
TSLAXUSD: 15601 5m, 1362 4h, 228 1d
UB/USDT: 0 5m, 0 4h, 0 1d
UNIUSD: 15601 5m, 1525 4h, 254 1d
US/USDT: 0 5m, 0 4h, 0 1d
VELVETUSD: 15598 5m, 661 4h, 111 1d
VIRTUAL/USDT: 15593 5m, 1525 4h, 254 1d
VVV/USDT: 15601 5m, 1525 4h, 254 1d
WIF/USDT: 15592 5m, 1525 4h, 254 1d
WLD/USDT: 15601 5m, 1525 4h, 254 1d
XAUTUSD: 15601 5m, 1020 4h, 171 1d
XLM/USDT: 15598 5m, 1525 4h, 254 1d
XMRUSD: 15601 5m, 1525 4h, 254 1d
XPLUSD: 15588 5m, 1525 4h, 254 1d
XRPUSD: 15601 5m, 1525 4h, 254 1d
ZAMA/USDT: 0 5m, 0 4h, 0 1d
ZECUSD: 15601 5m, 1525 4h, 254 1d
ZIL/USDT: 0 5m, 0 4h, 0 1d
ZORAUSD: 15601 5m, 1525 4h, 254 1d
ZRO/USDT: 15589 5m, 1525 4h, 254 1d
NSE: 388 5m, 389 4h, 389 1d of 389
sim_status
ok                   2533
no_data               206
entry_bar_missing       8
market          CRYPTO     NSE  OTHER  XSTOCK
net_realized_r   -85.7  -568.7   -9.9   -50.5
r_current       -143.2  -833.9  -12.6   -70.2
r_t1            -225.2 -1025.9  -15.6   -86.2
r_t1.5          -202.8 -1011.5  -14.8   -84.9
r_t2            -205.0 -1001.8  -14.8   -81.5
r_t3            -222.5  -992.8  -18.3   -82.9
r_t3_nobe       -270.2  -964.9  -15.7   -94.4
r_half1_t3      -220.4  -997.8  -17.0   -82.8
r_trail1        -165.7  -953.1  -15.5   -70.2
r_trail_half    -131.3  -930.3  -14.3   -67.0
r_t3_24h        -228.7  -992.8  -18.5   -83.9
r_trail1_24h    -157.5  -953.1  -14.0   -67.6
