BTCUSD: 16704 5m, 4704 30m, 1788 4h
ETHUSD: 16704 5m, 4704 30m, 1788 4h
SOLUSD: 16704 5m, 4704 30m, 1788 4h
XRPUSD: 16704 5m, 4704 30m, 1788 4h
HYPEUSD: 16704 5m, 4704 30m, 1788 4h
AKE/USDT: 16704 5m, 3538 30m, 443 4h
ZECUSD: 16704 5m, 4704 30m, 1788 4h
DOGEUSD: 16704 5m, 4704 30m, 1788 4h
AAVEUSD: 16704 5m, 4704 30m, 1788 4h
BEAT/USDT: 16704 5m, 4704 30m, 1631 4h
UNIUSD: 16704 5m, 4704 30m, 1788 4h
LINKUSD: 16704 5m, 4704 30m, 1788 4h
AVAXUSD: 16704 5m, 4704 30m, 1788 4h
LTCUSD: 16704 5m, 4704 30m, 1788 4h
BNBUSD: 16704 5m, 4704 30m, 1788 4h
TRUMP/USDT: 16703 5m, 4704 30m, 1788 4h
BCHUSD: 16704 5m, 4704 30m, 1788 4h
TACUSD: 16704 5m, 4261 30m, 533 4h
ZORAUSD: 16698 5m, 4704 30m, 1788 4h
BLESSUSD: 16704 5m, 4704 30m, 1788 4h
HUSD: 16704 5m, 4704 30m, 1788 4h
VELVETUSD: 16704 5m, 4704 30m, 660 4h
RIVERUSD: 16704 5m, 4704 30m, 1631 4h
{'alerts': 2027, 'filled': 1048, 'win_1r': 29.6, 'gross_r': -70.3, 'net_r': -271.5, 'net_per_trade': -0.259, 'market': 'crypto', 'timeframe': '30m', 'gate': 'off'}
{'alerts': 1930, 'filled': 995, 'win_1r': 29.5, 'gross_r': -66.3, 'net_r': -259.1, 'net_per_trade': -0.26, 'market': 'crypto', 'timeframe': '30m', 'gate': 'on'}
{'alerts': 313, 'filled': 231, 'win_1r': 32.5, 'gross_r': -0.7, 'net_r': -32.5, 'net_per_trade': -0.141, 'market': 'crypto', 'timeframe': '4h', 'gate': 'off'}
{'alerts': 295, 'filled': 216, 'win_1r': 32.9, 'gross_r': 0.3, 'net_r': -29.5, 'net_per_trade': -0.136, 'market': 'crypto', 'timeframe': '4h', 'gate': 'on'}
NSE: 200 of 200 symbols with 5m/30m/4h
{'alerts': 5166, 'filled': 2507, 'win_1r': 24.4, 'gross_r': -306.6, 'net_r': -874.4, 'net_per_trade': -0.349, 'market': 'nse', 'timeframe': '30m', 'gate': 'off'}
{'alerts': 4821, 'filled': 2313, 'win_1r': 24.7, 'gross_r': -288.9, 'net_r': -813.3, 'net_per_trade': -0.352, 'market': 'nse', 'timeframe': '30m', 'gate': 'on'}
{'alerts': 1176, 'filled': 769, 'win_1r': 23.3, 'gross_r': -88.7, 'net_r': -201.1, 'net_per_trade': -0.261, 'market': 'nse', 'timeframe': '4h', 'gate': 'off'}
{'alerts': 1024, 'filled': 659, 'win_1r': 22.5, 'gross_r': -87.1, 'net_r': -183.2, 'net_per_trade': -0.278, 'market': 'nse', 'timeframe': '4h', 'gate': 'on'}
market timeframe gate  alerts  filled  win_1r  gross_r  net_r  net_per_trade
crypto       30m  off    2027    1048    29.6    -70.3 -271.5         -0.259
crypto       30m   on    1930     995    29.5    -66.3 -259.1         -0.260
crypto        4h  off     313     231    32.5     -0.7  -32.5         -0.141
crypto        4h   on     295     216    32.9      0.3  -29.5         -0.136
   nse       30m  off    5166    2507    24.4   -306.6 -874.4         -0.349
   nse       30m   on    4821    2313    24.7   -288.9 -813.3         -0.352
   nse        4h  off    1176     769    23.3    -88.7 -201.1         -0.261
   nse        4h   on    1024     659    22.5    -87.1 -183.2         -0.278
